 Network

 Timestamp is 657a5704 (Thu Dec 14 01:14:44 2023)

 Preferred load address is 10000000

 Start         Length     Name                   Class
 0001:00000000 00000050H .text$di                CODE
 0001:00000050 00017040H .text$mn                CODE
 0001:00017090 00000a80H .text$x                 CODE
 0001:00017b10 0000004dH .text$yd                CODE
 0002:00000000 0000018cH .idata$5                DATA
 0002:0000018c 00000004H .00cfg                  DATA
 0002:00000190 00000004H .CRT$XCA                DATA
 0002:00000194 00000004H .CRT$XCU                DATA
 0002:00000198 00000004H .CRT$XCZ                DATA
 0002:0000019c 00000004H .CRT$XIA                DATA
 0002:000001a0 0000000cH .CRT$XIC                DATA
 0002:000001ac 00000004H .CRT$XIZ                DATA
 0002:000001b0 00000004H .CRT$XPA                DATA
 0002:000001b4 00000008H .CRT$XPX                DATA
 0002:000001bc 00000004H .CRT$XPXA               DATA
 0002:000001c0 00000004H .CRT$XPZ                DATA
 0002:000001c4 00000004H .CRT$XTA                DATA
 0002:000001c8 00000008H .CRT$XTZ                DATA
 0002:000001cc 00000000H .gfids$y                DATA
 0002:000001d0 000055b0H .rdata                  DATA
 0002:00005780 00000000H .rdata$CastGuardVftablesA DATA
 0002:00005780 00000000H .rdata$CastGuardVftablesC DATA
 0002:00005780 0000037cH .rdata$r                DATA
 0002:00005afc 000000c0H .rdata$sxdata           DATA
 0002:00005bbc 00000030H .rdata$voltmd           DATA
 0002:00005bec 00000338H .rdata$zzzdbg           DATA
 0002:00005f24 00000004H .rtc$IAA                DATA
 0002:00005f28 00000004H .rtc$IZZ                DATA
 0002:00005f2c 00000004H .rtc$TAA                DATA
 0002:00005f30 00000008H .rtc$TZZ                DATA
 0002:00005f38 000011c8H .xdata$x                DATA
 0002:00007100 00000184H .edata                  DATA
 0002:00007284 00000064H .idata$2                DATA
 0002:000072e8 00000014H .idata$3                DATA
 0002:000072fc 0000018cH .idata$4                DATA
 0002:00007488 000006faH .idata$6                DATA
 0003:00000000 00000920H .data                   DATA
 0003:00000920 000000e0H .data$r                 DATA
 0003:00000a00 000000b0H .data$rs                DATA
 0003:00000ab0 00001860H .bss                    DATA
 0004:00000000 00000060H .rsrc$01                DATA
 0004:00000060 00000340H .rsrc$02                DATA

  Address         Publics by Value              Rva+Base       Lib:Object

 0000:00000000       ___guard_eh_cont_table     00000000     <absolute>
 0000:00000000       ___guard_fids_count        00000000     <absolute>
 0000:00000000       ___arm64x_native_entrypoint 00000000     <absolute>
 0000:00000000       __except_list              00000000     <absolute>
 0000:00000000       ___x64_code_ranges_to_entry_points_count 00000000     <absolute>
 0000:00000000       ___guard_longjmp_table     00000000     <absolute>
 0000:00000000       ___arm64x_extra_rfe_table  00000000     <absolute>
 0000:00000000       ___arm64x_redirection_metadata 00000000     <absolute>
 0000:00000000       ___guard_eh_cont_count     00000000     <absolute>
 0000:00000000       ___guard_iat_table         00000000     <absolute>
 0000:00000000       ___hybrid_code_map_count   00000000     <absolute>
 0000:00000000       ___x64_code_ranges_to_entry_points 00000000     <absolute>
 0000:00000000       ___guard_iat_count         00000000     <absolute>
 0000:00000000       ___hybrid_code_map         00000000     <absolute>
 0000:00000000       ___guard_longjmp_count     00000000     <absolute>
 0000:00000000       ___arm64x_extra_rfe_table_size 00000000     <absolute>
 0000:00000000       ___guard_check_icall_a64n_fptr 00000000     <absolute>
 0000:00000000       ___arm64x_redirection_metadata_count 00000000     <absolute>
 0000:00000000       ___hybrid_auxiliary_iat    00000000     <absolute>
 0000:00000000       ___dynamic_value_reloc_table 00000000     <absolute>
 0000:00000000       ___enclave_config          00000000     <absolute>
 0000:00000000       ___AbsoluteZero            00000000     <absolute>
 0000:00000000       ___guard_fids_table        00000000     <absolute>
 0000:00000000       ___hybrid_auxiliary_iat_copy 00000000     <absolute>
 0000:00000030       ___safe_se_handler_count   00000030     <absolute>
 0000:00000100       ___guard_flags             00000100     <absolute>
 0000:00000000       ___ImageBase               10000000     <linker-defined>
 0001:00000050       _GetGlobalInfoW@4          10001050 f   Network.obj
 0001:000000e0       _SetStartupInfoW@4         100010e0 f   Network.obj
 0001:00000140       _GetPluginInfoW@4          10001140 f   Network.obj
 0001:000001e0       _OpenW@4                   100011e0 f   Network.obj
 0001:00000470       _ClosePanelW@4             10001470 f   Network.obj
 0001:00000490       _GetFindDataW@4            10001490 f   Network.obj
 0001:000004c0       _FreeFindDataW@4           100014c0 f   Network.obj
 0001:00000520       _GetOpenPanelInfoW@4       10001520 f   Network.obj
 0001:00000540       _SetDirectoryW@4           10001540 f   Network.obj
 0001:00000560       _DeleteFilesW@4            10001560 f   Network.obj
 0001:00000630       _ProcessPanelInputW@4      10001630 f   Network.obj
 0001:00000650       _ProcessPanelEventW@4      10001650 f   Network.obj
 0001:00000670       _ConfigureW@4              10001670 f   Network.obj
 0001:00000680       _ExitFARW@4                10001680 f   Network.obj
 0001:000006b0       ??1NetResourceList@@QAE@XZ 100016b0 f i Network.obj
 0001:000006c0       ??1?$unique_ptr@VNetBrowser@@U?$default_delete@VNetBrowser@@@std@@@std@@QAE@XZ 100016c0 f i Network.obj
 0001:00000750       ??1?$vector@VNetResource@@V?$allocator@VNetResource@@@std@@@std@@QAE@XZ 10001750 f i Network.obj
 0001:000007d0       ??1?$basic_string@_WU?$char_traits@_W@std@@V?$allocator@_W@2@@std@@QAE@XZ 100017d0 f i Network.obj
 0001:00000830       ?_Destroy@?$vector@VNetResource@@V?$allocator@VNetResource@@@std@@@std@@AAEXPAVNetResource@@0@Z 10001830 f i Network.obj
 0001:00000860       ?deallocate@?$allocator@VNetResource@@@std@@QAEXQAVNetResource@@I@Z 10001860 f i Network.obj
 0001:000008a0       ??1NetResource@@QAE@XZ     100018a0 f i Network.obj
 0001:000009d0       ?SaveValue@PluginCheckBoxBinding@@UAEXPBUFarDialogItem@@H@Z 100019d0 f i NetCfg.obj
 0001:00000a20       ??_EPluginEditFieldBinding@@UAEPAXI@Z 10001a20 f i * CIL library *:* CIL module *
 0001:00000a20       ??_EPluginCheckBoxBinding@@UAEPAXI@Z 10001a20 f i * CIL library *:* CIL module *
 0001:00000a20       ??_GPluginCheckBoxBinding@@UAEPAXI@Z 10001a20 f i NetCfg.obj
 0001:00000a20       ??_GPluginEditFieldBinding@@UAEPAXI@Z 10001a20 f i NetClass.obj
 0001:00000a40       ?SaveValue@PluginRadioButtonBinding@@UAEXPBUFarDialogItem@@H@Z 10001a40 f i NetCfg.obj
 0001:00000a70       ??_EPluginRadioButtonBinding@@UAEPAXI@Z 10001a70 f i * CIL library *:* CIL module *
 0001:00000a70       ??_GPluginRadioButtonBinding@@UAEPAXI@Z 10001a70 f i NetCfg.obj
 0001:00000a90       ??0PluginDialogBuilder@@QAE@ABUPluginStartupInfo@@ABU_GUID@@1HPB_WP6GHPAXHH3@Z3_K@Z 10001a90 f i NetCfg.obj
 0001:00000c90       ??1PluginDialogBuilder@@QAE@XZ 10001c90 f i NetCfg.obj
 0001:00000d10       ?AddCheckbox@PluginDialogBuilder@@QAEPAUFarDialogItem@@HPAHH_N@Z 10001d10 f i NetCfg.obj
 0001:00000e20       ?AddRadioButtons@PluginDialogBuilder@@QAEPAUFarDialogItem@@PAHHQBH_N@Z 10001e20 f i NetCfg.obj
 0001:00001060       ?AddButtons@PluginDialogBuilder@@QAEXHPBHHH@Z 10002060 f i NetCfg.obj
 0001:00001280       ?ShowDialogEx@PluginDialogBuilder@@QAEHXZ 10002280 f i NetCfg.obj
 0001:000014a0       ?AddDialogItem@PluginDialogBuilder@@AAEPAUFarDialogItem@@W4FARDIALOGITEMTYPES@@PB_W@Z 100024a0 f i NetCfg.obj
 0001:000015c0       ?DoShowDialog@PluginDialogBuilder@@AAEHXZ 100025c0 f i NetCfg.obj
 0001:00001620       ??0PluginSettings@@QAE@ABU_GUID@@P6GHPAXW4FAR_SETTINGS_CONTROL_COMMANDS@@H1@Z@Z 10002620 f i NetCfg.obj
 0001:000016a0       ??1PluginSettings@@QAE@XZ  100026a0 f i NetCfg.obj
 0001:000016f0       ?Get@PluginSettings@@QAEHIPB_WH@Z 100026f0 f i NetCfg.obj
 0001:00001760       ?Get@PluginSettings@@QAE_NIPB_W_N@Z 10002760 f i NetCfg.obj
 0001:000017e0       ?Set@PluginSettings@@QAE_NIPB_WH@Z 100027e0 f i NetCfg.obj
 0001:00001830       ?Config@@YAHXZ             10002830 f   NetCfg.obj
 0001:00001d30       ?Read@Options@@SAXXZ       10002d30 f   NetCfg.obj
 0001:00001f00       ??0exception@std@@QAE@ABV01@@Z 10002f00 f i NetClass.obj
 0001:00001f30       ?what@exception@std@@UBEPBDXZ 10002f30 f i NetClass.obj
 0001:00001f40       ??_Ebad_alloc@std@@UAEPAXI@Z 10002f40 f i * CIL library *:* CIL module *
 0001:00001f40       ??_Eexception@std@@UAEPAXI@Z 10002f40 f i * CIL library *:* CIL module *
 0001:00001f40       ??_Ebad_array_new_length@std@@UAEPAXI@Z 10002f40 f i * CIL library *:* CIL module *
 0001:00001f40       ??_Gbad_array_new_length@std@@UAEPAXI@Z 10002f40 f i NetClass.obj
 0001:00001f40       ??_Gbad_alloc@std@@UAEPAXI@Z 10002f40 f i NetClass.obj
 0001:00001f40       ??_Gexception@std@@UAEPAXI@Z 10002f40 f i NetClass.obj
 0001:00001f70       ??1bad_exception@std@@UAE@XZ 10002f70 f i libvcruntime:frame.obj
 0001:00001f70       ??1bad_array_new_length@std@@UAE@XZ 10002f70 f i NetClass.obj
 0001:00001f70       ??1bad_alloc@std@@UAE@XZ   10002f70 f i NetClass.obj
 0001:00001f70       ??1out_of_range@std@@UAE@XZ 10002f70 f i libcpmt:xthrow.obj
 0001:00001f70       ??1length_error@std@@UAE@XZ 10002f70 f i libcpmt:xthrow.obj
 0001:00001f90       ??0bad_array_new_length@std@@QAE@XZ 10002f90 f i NetClass.obj
 0001:00001fb0       ?__scrt_throw_std_bad_array_new_length@@YAXXZ 10002fb0 f i LIBCMT:throw_bad_alloc.obj
 0001:00001fb0       ?_Throw_bad_array_new_length@std@@YAXXZ 10002fb0 f i NetClass.obj
 0001:00001fd0       ??0bad_array_new_length@std@@QAE@ABV01@@Z 10002fd0 f i NetClass.obj
 0001:00002010       ??0bad_alloc@std@@QAE@ABV01@@Z 10003010 f i NetClass.obj
 0001:00002050       ?_Xlen_string@std@@YAXXZ   10003050 f i NetClass.obj
 0001:00002060       ??0NetResource@@QAE@AAU_NETRESOURCEW@@@Z 10003060 f i NetClass.obj
 0001:000021f0       ?getNETRESOURCE@NetResource@@QBE?AU_NETRESOURCEW@@XZ 100031f0 f i NetClass.obj
 0001:00002280       ?SaveValue@PluginEditFieldBinding@@UAEXPBUFarDialogItem@@H@Z 10003280 f i NetClass.obj
 0001:000022e0       ?Clear@NetResourceList@@QAEXXZ 100032e0 f   NetClass.obj
 0001:00002310       ?Enumerate@NetResourceList@@QAE_NKKKPAVNetResource@@@Z 10003310 f   NetClass.obj
 0001:00002510       ??0NetBrowser@@QAE@XZ      10003510 f   NetClass.obj
 0001:000026f0       ??0NetResource@@QAE@XZ     100036f0 f i NetClass.obj
 0001:000027a0       ??4NetResource@@QAEAAV0@ABV0@@Z 100037a0 f i NetClass.obj
 0001:00002840       ?EnumerateNetList@NetBrowser@@AAE_NXZ 10003840 f   NetClass.obj
 0001:00002a50       ?GetFindData@NetBrowser@@QAEHPAPAUPluginPanelItem@@PAI_K@Z 10003a50 f   NetClass.obj
 0001:00002e90       ?ProcessEvent@NetBrowser@@QAEHHPAX@Z 10003e90 f   NetClass.obj
 0001:00003080       ?CancelConnection@NetBrowser@@AAE_NPB_W@Z 10004080 f   NetClass.obj
 0001:00003350       ?GetDriveToDisconnect@NetBrowser@@AAE_NPB_WPA_W@Z 10004350 f   NetClass.obj
 0001:00003550       ?ConfirmCancelConnection@NetBrowser@@CA_NPA_W0AAH@Z 10004550 f   NetClass.obj
 0001:00003970       ?GetOpenPanelInfo@NetBrowser@@QAEXPAUOpenPanelInfo@@@Z 10004970 f   NetClass.obj
 0001:00003cf0       ?SetDirectory@NetBrowser@@QAEHPB_W_K@Z 10004cf0 f   NetClass.obj
 0001:00003ff0       ?ChangeToDirectory@NetBrowser@@AAE_NPB_W_K_N@Z 10004ff0 f   NetClass.obj
 0001:000045e0       ?IsMSNetResource@NetBrowser@@SA_NABVNetResource@@@Z 100055e0 f   NetClass.obj
 0001:00004650       ?IsResourceReadable@NetBrowser@@SA_NABVNetResource@@@Z 10005650 f   NetClass.obj
 0001:00004750       ?GetResourceInfo@NetBrowser@@SA_NPA_WAAVNetResource@@@Z 10005750 f   NetClass.obj
 0001:000048b0       ??4NetResource@@QAEAAV0@$$QAV0@@Z 100058b0 f i NetClass.obj
 0001:00004910       ?GetResourceParent@NetBrowser@@SA_NABVNetResource@@PAV2@@Z 10005910 f   NetClass.obj
 0001:00004b10       ?EditFavorites@NetBrowser@@QAE_NXZ 10005b10 f   NetClass.obj
 0001:00004e20       ?ProcessKey@NetBrowser@@QAEHPBU_INPUT_RECORD@@@Z 10005e20 f   NetClass.obj
 0001:000052f0       ?MapNetworkDrive@NetBrowser@@CA_NPB_W_N1@Z 100062f0 f   NetClass.obj
 0001:000056e0       ?AskMapDrive@NetBrowser@@CA_NPA_WAA_N@Z 100066e0 f   NetClass.obj
 0001:000058b0       ?GetFreeLetter@NetBrowser@@CAXAAKPA_W@Z 100068b0 f   NetClass.obj
 0001:00005900       ?AddConnection@NetBrowser@@SA_NABVNetResource@@_N@Z 10006900 f   NetClass.obj
 0001:00005940       ?AddConnectionExplicit@NetBrowser@@SA_NPBVNetResource@@_N@Z 10006940 f   NetClass.obj
 0001:00005bf0       ?AddConnectionWithLogon@NetBrowser@@SA_NPBVNetResource@@PA_WPB_W_N@Z 10006bf0 f   NetClass.obj
 0001:00005db0       ?AddConnectionFromFavorites@NetBrowser@@SA_NPBVNetResource@@_N@Z 10006db0 f   NetClass.obj
 0001:00005e60       ?DisconnectFromServer@NetBrowser@@CAXPBVNetResource@@@Z 10006e60 f   NetClass.obj
 0001:000060a0       ?GetLocalName@NetBrowser@@AAE?AV?$basic_string@_WU?$char_traits@_W@std@@V?$allocator@_W@2@@std@@PBV23@@Z 100070a0 f   NetClass.obj
 0001:000061d0       ?GetNameAndPassword@NetBrowser@@CA_NPAUNameAndPassInfo@@@Z 100071d0 f   NetClass.obj
 0001:00006ea0       ?FileNames2Clipboard@NetBrowser@@AAEX_N@Z 10007ea0 f   NetClass.obj
 0001:00007160       ?GetRemoteName@NetBrowser@@CA?AV?$basic_string@_WU?$char_traits@_W@std@@V?$allocator@_W@2@@std@@PAVNetResource@@@Z 10008160 f   NetClass.obj
 0001:00007310       ?IsReadable@NetBrowser@@CA_NABV?$basic_string@_WU?$char_traits@_W@std@@V?$allocator@_W@2@@std@@@Z 10008310 f   NetClass.obj
 0001:000076c0       ?SetOpenFromCommandLine@NetBrowser@@QAE_NPA_W@Z 100086c0 f   NetClass.obj
 0001:000078f0       ?GotoComputer@NetBrowser@@AAE_NPB_W@Z 100088f0 f   NetClass.obj
 0001:00007c40       ?RemoveItems@NetBrowser@@AAEXXZ 10008c40 f   NetClass.obj
 0001:00008000       ?GetHiddenShares@NetBrowser@@AAEXXZ 10009000 f   NetClass.obj
 0001:00008560       ?compare@?$basic_string@_WU?$char_traits@_W@std@@V?$allocator@_W@2@@std@@QBEHIIQB_W@Z 10009560 f i NetClass.obj
 0001:000085f0       ?substr@?$basic_string@_WU?$char_traits@_W@std@@V?$allocator@_W@2@@std@@QBE?AV12@II@Z 100095f0 f i NetClass.obj
 0001:00008680       ?find@?$basic_string@_WU?$char_traits@_W@std@@V?$allocator@_W@2@@std@@QBEI_WI@Z 10009680 f i NetClass.obj
 0001:000086e0       ?find@?$basic_string@_WU?$char_traits@_W@std@@V?$allocator@_W@2@@std@@QBEIQB_WI@Z 100096e0 f i NetClass.obj
 0001:000087d0       ?append@?$basic_string@_WU?$char_traits@_W@std@@V?$allocator@_W@2@@std@@QAEAAV12@QB_W@Z 100097d0 f i NetClass.obj
 0001:00008850       ??4?$basic_string@_WU?$char_traits@_W@std@@V?$allocator@_W@2@@std@@QAEAAV01@ABV01@@Z 10009850 f i NetClass.obj
 0001:00008880       ??4?$basic_string@_WU?$char_traits@_W@std@@V?$allocator@_W@2@@std@@QAEAAV01@$$QAV01@@Z 10009880 f i NetClass.obj
 0001:00008950       ??0?$basic_string@_WU?$char_traits@_W@std@@V?$allocator@_W@2@@std@@QAE@QB_W@Z 10009950 f i NetClass.obj
 0001:000089e0       ?assign@?$basic_string@_WU?$char_traits@_W@std@@V?$allocator@_W@2@@std@@QAEAAV12@QB_WI@Z 100099e0 f i NetClass.obj
 0001:00008af0       ?_Xran@?$_String_val@U?$_Simple_types@_W@std@@@std@@SAXXZ 10009af0 f i NetClass.obj
 0001:00008b00       ?allocate@?$allocator@_W@std@@QAEPA_WI@Z 10009b00 f i NetClass.obj
 0001:00008b60       ??$_Emplace_reallocate@ABVNetResource@@@?$vector@VNetResource@@V?$allocator@VNetResource@@@std@@@std@@QAEPAVNetResource@@QAV2@ABV2@@Z 10009b60 f i NetClass.obj
 0001:00008d00       ??$_Emplace_reallocate@AAU_NETRESOURCEW@@@?$vector@VNetResource@@V?$allocator@VNetResource@@@std@@@std@@QAEPAVNetResource@@QAV2@AAU_NETRESOURCEW@@@Z 10009d00 f i NetClass.obj
 0001:00008ea0       ??$_Reallocate_grow_by@V<lambda_1>@?1??append@?$basic_string@_WU?$char_traits@_W@std@@V?$allocator@_W@2@@std@@QAEAAV34@QB_WI@Z@PB_WI@?$basic_string@_WU?$char_traits@_W@std@@V?$allocator@_W@2@@std@@AAEAAV01@IV<lambda_1>@?1??append@01@QAEAAV01@QB_WI@Z@PB_WI@Z 10009ea0 f i NetClass.obj
 0001:00008fd0       ??0NetResource@@QAE@ABV0@@Z 10009fd0 f i NetClass.obj
 0001:00009070       ?_Xlength@?$vector@VNetResource@@V?$allocator@VNetResource@@@std@@@std@@CAXXZ 1000a070 f i NetClass.obj
 0001:00009070       ?_Xlength@?$vector@V?$basic_string@_WU?$char_traits@_W@std@@V?$allocator@_W@2@@std@@V?$allocator@V?$basic_string@_WU?$char_traits@_W@std@@V?$allocator@_W@2@@std@@@2@@std@@CAXXZ 1000a070 f i NetFavorites.obj
 0001:00009080       ?_Change_array@?$vector@VNetResource@@V?$allocator@VNetResource@@@std@@@std@@AAEXQAVNetResource@@II@Z 1000a080 f i NetClass.obj
 0001:00009100       ?allocate@?$allocator@VNetResource@@@std@@QAEPAVNetResource@@I@Z 1000a100 f i NetClass.obj
 0001:00009160       ??0?$basic_string@_WU?$char_traits@_W@std@@V?$allocator@_W@2@@std@@QAE@ABV01@@Z 1000a160 f i NetClass.obj
 0001:00009210       ?compare@?$_WChar_traits@_W@std@@SAHQB_W0I@Z 1000a210 f i NetClass.obj
 0001:00009270       ?insert@?$basic_string@_WU?$char_traits@_W@std@@V?$allocator@_W@2@@std@@QAEAAV12@IQB_WI@Z 1000a270 f i NetClass.obj
 0001:00009430       ??$_Assign_range@PAVNetResource@@@?$vector@VNetResource@@V?$allocator@VNetResource@@@std@@@std@@AAEXPAVNetResource@@0Uforward_iterator_tag@1@@Z 1000a430 f i NetClass.obj
 0001:000095a0       ??1?$_Uninitialized_backout_al@V?$allocator@VNetResource@@@std@@@std@@QAE@XZ 1000a5a0 f i NetClass.obj
 0001:000095d0       ?_Clear_and_reserve_geometric@?$vector@VNetResource@@V?$allocator@VNetResource@@@std@@@std@@AAEXI@Z 1000a5d0 f i NetClass.obj
 0001:00009720       ??$_Copy_unchecked@PAVNetResource@@PAV1@@std@@YAPAVNetResource@@PAV1@00@Z 1000a720 f i NetClass.obj
 0001:000097e0       ??0NetResource@@QAE@$$QAV0@@Z 1000a7e0 f i NetClass.obj
 0001:00009950       ??0TSaveScreen@@QAE@XZ     1000a950 f   NetCommon.obj
 0001:000099c0       ??1TSaveScreen@@QAE@XZ     1000a9c0 f   NetCommon.obj
 0001:00009f70       ?EnumFavorites@@YA_NPBVNetResource@@PAVNetResourceList@@@Z 1000af70 f   NetFavorites.obj
 0001:0000a260       ?InFavoriteExists@@YA_NPB_W@Z 1000b260 f   NetFavorites.obj
 0001:0000a380       ?ReadFavoriteItem@@YA_NPAUFAVORITEITEM@@@Z 1000b380 f   NetFavorites.obj
 0001:0000a540       ?GetFavoritesParent@@YA_NABVNetResource@@PAV1@@Z 1000b540 f   NetFavorites.obj
 0001:0000a6a0       ?GetFavoriteResource@@YA_NPB_WPAVNetResource@@@Z 1000b6a0 f   NetFavorites.obj
 0001:0000a790       ??1?$vector@V?$basic_string@_WU?$char_traits@_W@std@@V?$allocator@_W@2@@std@@V?$allocator@V?$basic_string@_WU?$char_traits@_W@std@@V?$allocator@_W@2@@std@@@2@@std@@QAE@XZ 1000b790 f i NetFavorites.obj
 0001:0000a800       ?_Reallocate_exactly@?$vector@V?$basic_string@_WU?$char_traits@_W@std@@V?$allocator@_W@2@@std@@V?$allocator@V?$basic_string@_WU?$char_traits@_W@std@@V?$allocator@_W@2@@std@@@2@@std@@AAEXI@Z 1000b800 f i NetFavorites.obj
 0001:0000a840       ?_Change_array@?$vector@V?$basic_string@_WU?$char_traits@_W@std@@V?$allocator@_W@2@@std@@V?$allocator@V?$basic_string@_WU?$char_traits@_W@std@@V?$allocator@_W@2@@std@@@2@@std@@AAEXQAV?$basic_string@_WU?$char_traits@_W@std@@V?$allocator@_W@2@@2@II@Z 1000b840 f i NetFavorites.obj
 0001:0000a8c0       ?_Destroy@?$vector@V?$basic_string@_WU?$char_traits@_W@std@@V?$allocator@_W@2@@std@@V?$allocator@V?$basic_string@_WU?$char_traits@_W@std@@V?$allocator@_W@2@@std@@@2@@std@@AAEXPAV?$basic_string@_WU?$char_traits@_W@std@@V?$allocator@_W@2@@2@0@Z 1000b8c0 f i NetFavorites.obj
 0001:0000a8e0       ?allocate@?$allocator@V?$basic_string@_WU?$char_traits@_W@std@@V?$allocator@_W@2@@std@@@std@@QAEPAV?$basic_string@_WU?$char_traits@_W@std@@V?$allocator@_W@2@@2@I@Z 1000b8e0 f i NetFavorites.obj
 0001:0000a940       ?deallocate@?$allocator@V?$basic_string@_WU?$char_traits@_W@std@@V?$allocator@_W@2@@std@@@std@@QAEXQAV?$basic_string@_WU?$char_traits@_W@std@@V?$allocator@_W@2@@2@I@Z 1000b940 f i NetFavorites.obj
 0001:0000a980       ??$_Emplace_reallocate@AAY09$$CB_W@?$vector@V?$basic_string@_WU?$char_traits@_W@std@@V?$allocator@_W@2@@std@@V?$allocator@V?$basic_string@_WU?$char_traits@_W@std@@V?$allocator@_W@2@@std@@@2@@std@@QAEPAV?$basic_string@_WU?$char_traits@_W@std@@V?$allocator@_W@2@@1@QAV21@AAY09$$CB_W@Z 1000b980 f i NetFavorites.obj
 0001:0000ab00       ??$_Emplace_reallocate@ABV?$basic_string@_WU?$char_traits@_W@std@@V?$allocator@_W@2@@std@@@?$vector@V?$basic_string@_WU?$char_traits@_W@std@@V?$allocator@_W@2@@std@@V?$allocator@V?$basic_string@_WU?$char_traits@_W@std@@V?$allocator@_W@2@@std@@@2@@std@@QAEPAV?$basic_string@_WU?$char_traits@_W@std@@V?$allocator@_W@2@@1@QAV21@ABV21@@Z 1000bb00 f i NetFavorites.obj
 0001:0000ac50       ??$_Destroy_range@V?$allocator@V?$basic_string@_WU?$char_traits@_W@std@@V?$allocator@_W@2@@std@@@std@@@std@@YAXPAV?$basic_string@_WU?$char_traits@_W@std@@V?$allocator@_W@2@@0@QAV10@AAV?$allocator@V?$basic_string@_WU?$char_traits@_W@std@@V?$allocator@_W@2@@std@@@0@@Z 1000bc50 f i NetFavorites.obj
 0001:0000acc0       ??$_Uninitialized_move@PAV?$basic_string@_WU?$char_traits@_W@std@@V?$allocator@_W@2@@std@@V?$allocator@V?$basic_string@_WU?$char_traits@_W@std@@V?$allocator@_W@2@@std@@@2@@std@@YAPAV?$basic_string@_WU?$char_traits@_W@std@@V?$allocator@_W@2@@0@QAV10@0PAV10@AAV?$allocator@V?$basic_string@_WU?$char_traits@_W@std@@V?$allocator@_W@2@@std@@@0@@Z 1000bcc0 f i NetFavorites.obj
 0001:0000ad70       _Wrapper_EncodePointer@4   1000bd70 f   vc_crt_fix_impl.obj
 0001:0000ae30       _Wrapper_DecodePointer@4   1000be30 f   vc_crt_fix_impl.obj
 0001:0000ae80       _Wrapper_GetModuleHandleExW@12 1000be80 f   vc_crt_fix_impl.obj
 0001:0000b1c0       _Wrapper_InitializeSListHead@4 1000c1c0 f   vc_crt_fix_impl.obj
 0001:0000b210       _Wrapper_InterlockedFlushSList@4 1000c210 f   vc_crt_fix_impl.obj
 0001:0000b260       _Wrapper_InterlockedPopEntrySList@4 1000c260 f   vc_crt_fix_impl.obj
 0001:0000b2b0       _Wrapper_InterlockedPushEntrySList@8 1000c2b0 f   vc_crt_fix_impl.obj
 0001:0000b300       _Wrapper_InterlockedPushListSListEx@16 1000c300 f   vc_crt_fix_impl.obj
 0001:0000b350       _Wrapper_RtlFirstEntrySList@4 1000c350 f   vc_crt_fix_impl.obj
 0001:0000b3a0       _Wrapper_QueryDepthSList@4 1000c3a0 f   vc_crt_fix_impl.obj
 0001:0000b3f0       _Wrapper_GetNumaHighestNodeNumber@4 1000c3f0 f   vc_crt_fix_impl.obj
 0001:0000b460       _Wrapper_GetLogicalProcessorInformation@8 1000c460 f   vc_crt_fix_impl.obj
 0001:0000b4c0       _Wrapper_SetThreadStackGuarantee@4 1000c4c0 f   vc_crt_fix_impl.obj
 0001:0000b520       _Wrapper_InitializeCriticalSectionEx@12 1000c520 f   vc_crt_fix_impl.obj
 0001:0000b5a0       _Wrapper_CompareStringEx@36 1000c5a0 f   vc_crt_fix_impl.obj
 0001:0000b620       _Wrapper_LCMapStringEx@36  1000c620 f   vc_crt_fix_impl.obj
 0001:0000b6a0       _Wrapper_SleepConditionVariableSRW@16 1000c6a0 f   vc_crt_fix_impl.obj
 0001:0000b700       _Wrapper_WakeAllConditionVariable@4 1000c700 f   vc_crt_fix_impl.obj
 0001:0000b760       _Wrapper_AcquireSRWLockExclusive@4 1000c760 f   vc_crt_fix_impl.obj
 0001:0000b7b0       _Wrapper_ReleaseSRWLockExclusive@4 1000c7b0 f   vc_crt_fix_impl.obj
 0001:0000b800       ??0bad_alloc@std@@QAE@XZ   1000c800 f i libcpmt:xthrow.obj
 0001:0000b818       ??0exception@std@@QAE@QBD@Z 1000c818 f i libcpmt:xthrow.obj
 0001:0000b84d       ??0length_error@std@@QAE@ABV01@@Z 1000c84d f i libcpmt:xthrow.obj
 0001:0000b868       ??0length_error@std@@QAE@PBD@Z 1000c868 f i libcpmt:xthrow.obj
 0001:0000b887       ??0logic_error@std@@QAE@ABV01@@Z 1000c887 f i libcpmt:xthrow.obj
 0001:0000b8a2       ??0out_of_range@std@@QAE@ABV01@@Z 1000c8a2 f i libcpmt:xthrow.obj
 0001:0000b8bd       ??0out_of_range@std@@QAE@PBD@Z 1000c8bd f i libcpmt:xthrow.obj
 0001:0000b8dc       ??_Elength_error@std@@UAEPAXI@Z 1000c8dc f i libcpmt:xthrow.obj
 0001:0000b8dc       ??_Glength_error@std@@UAEPAXI@Z 1000c8dc f i libcpmt:xthrow.obj
 0001:0000b8dc       ??_Gout_of_range@std@@UAEPAXI@Z 1000c8dc f i libcpmt:xthrow.obj
 0001:0000b8dc       ??_Glogic_error@std@@UAEPAXI@Z 1000c8dc f i libcpmt:xthrow.obj
 0001:0000b8dc       ??_Ebad_exception@std@@UAEPAXI@Z 1000c8dc f i libvcruntime:frame.obj
 0001:0000b8dc       ??_Eout_of_range@std@@UAEPAXI@Z 1000c8dc f i libcpmt:xthrow.obj
 0001:0000b8dc       ??_Gbad_exception@std@@UAEPAXI@Z 1000c8dc f i libvcruntime:frame.obj
 0001:0000b8dc       ??_Elogic_error@std@@UAEPAXI@Z 1000c8dc f i libcpmt:xthrow.obj
 0001:0000b909       ?_Xlength_error@std@@YAXPBD@Z 1000c909 f   libcpmt:xthrow.obj
 0001:0000b929       ?_Xout_of_range@std@@YAXPBD@Z 1000c929 f   libcpmt:xthrow.obj
 0001:0000b949       @__security_check_cookie@4 1000c949 f   LIBCMT:secchk.obj
 0001:0000b957       ___raise_securityfailure   1000c957 f   LIBCMT:gs_report.obj
 0001:0000b97f       ___report_gsfailure        1000c97f f   LIBCMT:gs_report.obj
 0001:0000ba79       ??2@YAPAXI@Z               1000ca79 f   LIBCMT:new_scalar.obj
 0001:0000baa9       ??3@YAXPAX@Z               1000caa9 f   LIBCMT:delete_scalar.obj
 0001:0000baae       ??3@YAXPAXI@Z              1000caae f   LIBCMT:delete_scalar_size.obj
 0001:0000babc       ??_V@YAXPAX@Z              1000cabc f   LIBCMT:delete_array.obj
 0001:0000bac1       ??_U@YAPAXI@Z              1000cac1 f   LIBCMT:new_array.obj
 0001:0000baca       ??_Gtype_info@@UAEPAXI@Z   1000caca f i LIBCMT:std_type_info_static.obj
 0001:0000baca       ??_Etype_info@@UAEPAXI@Z   1000caca f i LIBCMT:std_type_info_static.obj
 0001:0000bb31       ___scrt_acquire_startup_lock 1000cb31 f   LIBCMT:utility.obj
 0001:0000bb63       ___scrt_dllmain_after_initialize_c 1000cb63 f   LIBCMT:utility.obj
 0001:0000bb8e       ___scrt_dllmain_before_initialize_c 1000cb8e f   LIBCMT:utility.obj
 0001:0000bb9c       ___scrt_dllmain_crt_thread_attach 1000cb9c f   LIBCMT:utility.obj
 0001:0000bbbb       ___scrt_dllmain_crt_thread_detach 1000cbbb f   LIBCMT:utility.obj
 0001:0000bbc8       ___scrt_dllmain_exception_filter 1000cbc8 f   LIBCMT:utility.obj
 0001:0000bbfc       ___scrt_dllmain_uninitialize_c 1000cbfc f   LIBCMT:utility.obj
 0001:0000bc1f       ___scrt_dllmain_uninitialize_critical 1000cc1f f   LIBCMT:utility.obj
 0001:0000bc2c       ___scrt_initialize_crt     1000cc2c f   LIBCMT:utility.obj
 0001:0000bc65       ___scrt_initialize_onexit_tables 1000cc65 f   LIBCMT:utility.obj
 0001:0000bcec       ___scrt_is_nonwritable_in_current_image 1000ccec f   LIBCMT:utility.obj
 0001:0000bd80       ___scrt_release_startup_lock 1000cd80 f   LIBCMT:utility.obj
 0001:0000bd9d       ___scrt_uninitialize_crt   1000cd9d f   LIBCMT:utility.obj
 0001:0000bdc5       __onexit                   1000cdc5 f   LIBCMT:utility.obj
 0001:0000bdf2       _atexit                    1000cdf2 f   LIBCMT:utility.obj
 0001:0000c147       __DllMainCRTStartup@12     1000d147 f   LIBCMT:dll_dllmain.obj
 0001:0000c16a       ?__scrt_throw_std_bad_alloc@@YAXXZ 1000d16a f   LIBCMT:throw_bad_alloc.obj
 0001:0000c187       ___isa_available_init      1000d187 f   LIBCMT:cpu_disp.obj
 0001:0000c358       __get_startup_argv_mode    1000d358 f   LIBCMT:argv_mode.obj
 0001:0000c35c       ___scrt_is_ucrt_dll_in_use 1000d35c f   LIBCMT:ucrt_detection.obj
 0001:0000c368       ___scrt_fastfail           1000d368 f   LIBCMT:utility_desktop.obj
 0001:0000c483       __crt_debugger_hook        1000d483 f   LIBCMT:utility_desktop.obj
 0001:0000c490       __SEH_prolog4              1000d490 f   LIBCMT:sehprolg4.obj
 0001:0000c4d5       @_guard_check_icall_nop@4  1000d4d5 f i LIBCMT:guard_support.obj
 0001:0000c525       ___security_init_cookie    1000d525 f   LIBCMT:gs_support.obj
 0001:0000c570       _DllMain@12                1000d570 f   LIBCMT:dll_dllmain_stub.obj
 0001:0000c576       ?__scrt_initialize_type_info@@YAXXZ 1000d576 f   LIBCMT:tncleanup.obj
 0001:0000c582       ?__scrt_uninitialize_type_info@@YAXXZ 1000d582 f   LIBCMT:tncleanup.obj
 0001:0000c58e       ___local_stdio_printf_options 1000d58e f i LIBCMT:default_local_stdio_options.obj
 0001:0000c594       ___local_stdio_scanf_options 1000d594 f i LIBCMT:default_local_stdio_options.obj
 0001:0000c59a       ___scrt_initialize_default_local_stdio_options 1000d59a f   LIBCMT:default_local_stdio_options.obj
 0001:0000c5b7       ___scrt_get_dyn_tls_init_callback 1000d5b7 f   LIBCMT:dyn_tls_init.obj
 0001:0000c5bd       __RTC_Initialize           1000d5bd f   LIBCMT:initsect.obj
 0001:0000c5e9       __RTC_Terminate            1000d5e9 f   LIBCMT:initsect.obj
 0001:0000c615       ?GetRangeOfTrysToCheck@__FrameHandler3@@SA?AU?$pair@Viterator@TryBlockMap@__FrameHandler3@@V123@@std@@AAVTryBlockMap@1@HPAXPBU_s_FuncInfo@@H@Z 1000d615 f   libvcruntime:trnsctrl.obj
 0001:0000c685       ?_CallCatchBlock2@@YAPAXPAUEHRegistrationNode@@PBU_s_FuncInfo@@PAXHK@Z 1000d685 f   libvcruntime:trnsctrl.obj
 0001:0000c6e2       ?_CallSETranslator@@YAHPAUEHExceptionRecord@@PAUEHRegistrationNode@@PAX2PBU_s_FuncInfo@@H1@Z 1000d6e2 f   libvcruntime:trnsctrl.obj
 0001:0000c7d8       ?_JumpToContinuation@@YGXPAXPAUEHRegistrationNode@@@Z 1000d7d8 f   libvcruntime:trnsctrl.obj
 0001:0000c808       ?_UnwindNestedFrames@@YGXPAUEHRegistrationNode@@PAUEHExceptionRecord@@@Z 1000d808 f   libvcruntime:trnsctrl.obj
 0001:0000c85b       __CatchGuardHandler        1000d85b f   libvcruntime:trnsctrl.obj
 0001:0000c88c       __CreateFrameInfo          1000d88c f   libvcruntime:trnsctrl.obj
 0001:0000c8b0       __FindAndUnlinkFrame       1000d8b0 f   libvcruntime:trnsctrl.obj
 0001:0000c8f8       __TranslatorGuardHandler   1000d8f8 f   libvcruntime:trnsctrl.obj
 0001:0000c995       ___CxxFrameHandler3        1000d995 f   libvcruntime:trnsctrl.obj
 0001:0000c9cb       ___DestructExceptionObject 1000d9cb f   libvcruntime:ehhelpers.obj
 0001:0000ca6c       ?_CallMemberFunction0@@YGXQAX0@Z 1000da6c f i libvcruntime:ehhelpers.obj
 0001:0000cad1       __IsExceptionObjectToBeDestroyed 1000dad1 f   libvcruntime:ehhelpers.obj
 0001:0000caf7       ___AdjustPointer           1000daf7 f   libvcruntime:ehhelpers.obj
 0001:0000cb1c       ___FrameUnwindFilter       1000db1c f   libvcruntime:ehhelpers.obj
 0001:0000cb72       ___std_terminate           1000db72 f   libvcruntime:ehhelpers.obj
 0001:0000cb77       ___std_exception_copy      1000db77 f   libvcruntime:std_exception.obj
 0001:0000cbda       ___std_exception_destroy   1000dbda f   libvcruntime:std_exception.obj
 0001:0000cbf9       _wcschr                    1000dbf9 f   libvcruntime:wcschr.obj
 0001:0000ccc0       __CxxThrowException@8      1000dcc0 f   libvcruntime:throw.obj
 0001:0000cd2c       ___vcrt_initialize         1000dd2c f   libvcruntime:initialization.obj
 0001:0000cd4b       ___vcrt_thread_attach      1000dd4b f   libvcruntime:initialization.obj
 0001:0000cd56       ___vcrt_thread_detach      1000dd56 f   libvcruntime:initialization.obj
 0001:0000cd61       ___vcrt_uninitialize       1000dd61 f   libvcruntime:initialization.obj
 0001:0000cd78       ___vcrt_uninitialize_critical 1000dd78 f   libvcruntime:initialization.obj
 0001:0000cdc0       __except_handler4          1000ddc0 f   libvcruntime:chandler4.obj
 0001:0000cf20       _memset                    1000df20 f   libvcruntime:memset.obj
 0001:0000d07a       ___std_type_info_compare   1000e07a f   libvcruntime:std_type_info.obj
 0001:0000d0b6       ___std_type_info_destroy_list 1000e0b6 f   libvcruntime:std_type_info.obj
 0001:0000d0d9       ___vcrt_freefls@4          1000e0d9 f   libvcruntime:per_thread_data.obj
 0001:0000d0f5       ___vcrt_freeptd            1000e0f5 f   libvcruntime:per_thread_data.obj
 0001:0000d12b       ___vcrt_getptd             1000e12b f   libvcruntime:per_thread_data.obj
 0001:0000d139       ___vcrt_getptd_noexit      1000e139 f   libvcruntime:per_thread_data.obj
 0001:0000d1cb       ___vcrt_initialize_ptd     1000e1cb f   libvcruntime:per_thread_data.obj
 0001:0000d1fe       ___vcrt_uninitialize_ptd   1000e1fe f   libvcruntime:per_thread_data.obj
 0001:0000d950       ??$TypeMatchHelper@V__FrameHandler3@@@@YAHPBU_s_HandlerType@@PBU_s_CatchableType@@PBU_s_ThrowInfo@@@Z 1000e950 f i libvcruntime:frame.obj
 0001:0000d9de       ??$__InternalCxxFrameHandler@V__FrameHandler3@@@@YA?AW4_EXCEPTION_DISPOSITION@@PAUEHExceptionRecord@@PAUEHRegistrationNode@@PAU_CONTEXT@@PAXPBU_s_FuncInfo@@H1E@Z 1000e9de f i libvcruntime:frame.obj
 0001:0000dae0       ??0bad_exception@std@@QAE@ABV01@@Z 1000eae0 f i libvcruntime:frame.obj
 0001:0000dafb       ??0bad_exception@std@@QAE@XZ 1000eafb f i libvcruntime:frame.obj
 0001:0000db13       ??8type_info@@QBE_NABV0@@Z 1000eb13 f i libvcruntime:frame.obj
 0001:0000dd7f       ?FrameUnwindToEmptyState@__FrameHandler3@@SAXPAUEHRegistrationNode@@PAXPBU_s_FuncInfo@@@Z 1000ed7f f   libvcruntime:frame.obj
 0001:0000dd97       ?FrameUnwindToState@__FrameHandler3@@SAXPAUEHRegistrationNode@@PAXPBU_s_FuncInfo@@H@Z 1000ed97 f   libvcruntime:frame.obj
 0001:0000df19       ?_CallMemberFunction1@@YGXQAX00@Z 1000ef19 f i libvcruntime:frame.obj
 0001:0000df29       ?_CallMemberFunction2@@YGXQAX00H@Z 1000ef29 f i libvcruntime:frame.obj
 0001:0000df3c       ?getESTypes@__FrameHandler3@@SAPBU_s_ESTypeList@@PBU_s_FuncInfo@@@Z 1000ef3c f i libvcruntime:frame.obj
 0001:0000df50       __CallSettingFrame@12      1000ef50 f   libvcruntime:lowhelpr.obj
 0001:0000df77       __NLG_Return               1000ef77     libvcruntime:lowhelpr.obj
 0001:0000df9c       ___except_validate_context_record 1000ef9c f   libvcruntime:jbcxrval.obj
 0001:0000dfcc       ___vcrt_initialize_locks   1000efcc f   libvcruntime:locks.obj
 0001:0000e008       ___vcrt_uninitialize_locks 1000f008 f   libvcruntime:locks.obj
 0001:0000e040       __local_unwind4            1000f040 f   libvcruntime:exsup4.obj
 0001:0000e130       @_EH4_CallFilterFunc@8     1000f130 f   libvcruntime:exsup4.obj
 0001:0000e150       @_EH4_TransferToHandler@8  1000f150 f   libvcruntime:exsup4.obj
 0001:0000e170       @_EH4_GlobalUnwind2@8      1000f170 f   libvcruntime:exsup4.obj
 0001:0000e190       @_EH4_LocalUnwind@16       1000f190 f   libvcruntime:exsup4.obj
 0001:0000e28a       ___vcrt_FlsAlloc           1000f28a f   libvcruntime:winapi_downlevel.obj
 0001:0000e2c5       ___vcrt_FlsFree            1000f2c5 f   libvcruntime:winapi_downlevel.obj
 0001:0000e300       ___vcrt_FlsGetValue        1000f300 f   libvcruntime:winapi_downlevel.obj
 0001:0000e33b       ___vcrt_FlsSetValue        1000f33b f   libvcruntime:winapi_downlevel.obj
 0001:0000e379       ___vcrt_InitializeCriticalSectionEx 1000f379 f   libvcruntime:winapi_downlevel.obj
 0001:0000e3c0       _unexpected                1000f3c0 f   libvcruntime:unexpected.obj
 0001:0000e3dd       ?GetCurrentState@__FrameHandler3@@SAHPAUEHRegistrationNode@@PAXPBU_s_FuncInfo@@@Z 1000f3dd f   libvcruntime:ehstate.obj
 0001:0000e3fa       ?SetState@__FrameHandler3@@SAXPAUEHRegistrationNode@@PBU_s_FuncInfo@@H@Z 1000f3fa f   libvcruntime:ehstate.obj
 0001:0000e410       _memcpy                    1000f410 f   libvcruntime:memcpy.obj
 0001:0000e410       _memmove                   1000f410 f   libvcruntime:memmove.obj
 0001:0000e990       __NLG_Notify1              1000f990 f   libvcruntime:exsup.obj
 0001:0000e9a0       __NLG_Notify               1000f9a0 f   libvcruntime:exsup.obj
 0001:0000e9b7       __NLG_Dispatch2            1000f9b7     libvcruntime:exsup.obj
 0001:0000e9b7       __NLG_Dispatch             1000f9b7     libvcruntime:exsup.obj
 0001:0000e9c0       __NLG_Call                 1000f9c0 f   libvcruntime:exsup.obj
 0001:0000e9c2       __NLG_Return2              1000f9c2     libvcruntime:exsup.obj
 0001:0000e9d0       ___acrt_call_reportfault   1000f9d0 f   libucrt:invalid_parameter.obj
 0001:0000eb09       ___acrt_initialize_invalid_parameter_handler 1000fb09 f   libucrt:invalid_parameter.obj
 0001:0000eb18       __invalid_parameter        1000fb18 f   libucrt:invalid_parameter.obj
 0001:0000eb7c       __invalid_parameter_noinfo 1000fb7c f   libucrt:invalid_parameter.obj
 0001:0000eb8c       __invalid_parameter_noinfo_noreturn 1000fb8c f   libucrt:invalid_parameter.obj
 0001:0000eba9       __invoke_watson            1000fba9 f   libucrt:invalid_parameter.obj
 0001:0000ebdd       __wcsdup                   1000fbdd f   libucrt:wcsdup.obj
 0001:0000ec3c       _realloc                   1000fc3c f   libucrt:realloc.obj
 0001:0000ec47       _free                      1000fc47 f   libucrt:free.obj
 0001:0000ec62       _malloc                    1000fc62 f   libucrt:malloc.obj
 0001:0000ec6d       ___acrt_initialize_new_handler 1000fc6d f   libucrt:new_handler.obj
 0001:0000ec7c       __callnewh                 1000fc7c f   libucrt:new_handler.obj
 0001:0000eca9       __query_new_handler        1000fca9 f   libucrt:new_handler.obj
 0001:0000ed05       __seh_filter_dll           1000fd05 f   libucrt:exception_filter.obj
 0001:0000ed25       __seh_filter_exe           1000fd25 f   libucrt:exception_filter.obj
 0001:0000f0f3       ___acrt_initialize_thread_local_exit_callback 100100f3 f   libucrt:exit.obj
 0001:0000f102       __cexit                    10010102 f   libucrt:exit.obj
 0001:0000f111       __exit                     10010111 f   libucrt:exit.obj
 0001:0000f127       __is_c_termination_complete 10010127 f   libucrt:exit.obj
 0001:0000f3db       ___acrt_allocate_buffer_for_argv 100103db f   libucrt:argv_parsing.obj
 0001:0000f42a       __configure_narrow_argv    1001042a f   libucrt:argv_parsing.obj
 0001:0000f587       ??$uninitialize@A6AXAAPAPAD@Z@?$dual_state_global@PAPAD@__crt_state_management@@QAEXA6AXAAPAPAD@Z@Z 10010587 f i libucrt:environment_initialization.obj
 0001:0000f587       ??$uninitialize@A6AXAAPAPA_W@Z@?$dual_state_global@PAPA_W@__crt_state_management@@QAEXA6AXAAPAPA_W@Z@Z 10010587 f i libucrt:environment_initialization.obj
 0001:0000f5e6       ___dcrt_uninitialize_environments_nolock 100105e6 f   libucrt:environment_initialization.obj
 0001:0000f61d       __initialize_narrow_environment 1001061d f   libucrt:environment_initialization.obj
 0001:0000f6d8       ??$__crt_fast_encode_pointer@PAP6AXXZ@@YAPAP6AXXZQAP6AXXZ@Z 100106d8 f i libucrt:onexit.obj
 0001:0000f6d8       ??$__crt_fast_encode_pointer@P6AHXZ@@YAP6AHXZQ6AHXZ@Z 100106d8 f i libucrt:onexit.obj
 0001:0000f6d8       ??$__crt_fast_encode_pointer@PAX@@YAPAXQAX@Z 100106d8 f i libucrt:initialization.obj
 0001:0000f8fa       __crt_atexit               100108fa f   libucrt:onexit.obj
 0001:0000f910       __execute_onexit_table     10010910 f   libucrt:onexit.obj
 0001:0000f93d       __initialize_onexit_table  1001093d f   libucrt:onexit.obj
 0001:0000f966       __register_onexit_function 10010966 f   libucrt:onexit.obj
 0001:0000f999       ___acrt_uninitialize_command_line 10010999 f   libucrt:argv_data.obj
 0001:0000fa97       ___acrt_initialize         10010a97 f   libucrt:initialization.obj
 0001:0000faa9       ___acrt_thread_attach      10010aa9 f   libucrt:initialization.obj
 0001:0000fab4       ___acrt_thread_detach      10010ab4 f   libucrt:initialization.obj
 0001:0000fabc       ___acrt_uninitialize       10010abc f   libucrt:initialization.obj
 0001:0000faec       ___acrt_uninitialize_critical 10010aec f   libucrt:initialization.obj
 0001:0000fafe       __initterm                 10010afe f   libucrt:initterm.obj
 0001:0000fb43       __initterm_e               10010b43 f   libucrt:initterm.obj
 0001:0000fb71       _terminate                 10010b71 f   libucrt:terminate.obj
 0001:0000fbad       _abort                     10010bad f   libucrt:abort.obj
 0001:0000fbf1       _strcpy_s                  10010bf1 f   libucrt:strcpy_s.obj
 0001:0000fc4b       _calloc                    10010c4b f   libucrt:calloc.obj
 0001:0000fc56       ??0_LocaleUpdate@@QAE@QAU__crt_locale_pointers@@@Z 10010c56 f i libucrt:output.obj
 0001:0000fcd9       ___acrt_locale_get_ctype_array_value 10010cd9 f i libucrt:output.obj
 0001:0000fd00       _strncmp                   10010d00 f   libucrt:strncmp.obj
 0001:0000fd78       _wcsncmp                   10010d78 f   libucrt:wcsncmp.obj
 0001:000100f0       ___acrt_freeptd            100110f0 f   libucrt:per_thread_data.obj
 0001:0001011c       ___acrt_getptd             1001111c f   libucrt:per_thread_data.obj
 0001:000101d9       ___acrt_getptd_head        100111d9 f   libucrt:per_thread_data.obj
 0001:00010273       ___acrt_getptd_noexit      10011273 f   libucrt:per_thread_data.obj
 0001:00010328       ___acrt_initialize_ptd     10011328 f   libucrt:per_thread_data.obj
 0001:00010354       ___acrt_uninitialize_ptd   10011354 f   libucrt:per_thread_data.obj
 0001:0001036e       _wcscpy_s                  1001136e f   libucrt:wcscpy_s.obj
 0001:000103d2       __realloc_base             100113d2 f   libucrt:realloc_base.obj
 0001:0001043b       __free_base                1001143b f   libucrt:free_base.obj
 0001:00010475       __malloc_base              10011475 f   libucrt:malloc_base.obj
 0001:000104c3       ___acrt_initialize_locks   100114c3 f   libucrt:locks.obj
 0001:00010504       ___acrt_lock               10011504 f   libucrt:locks.obj
 0001:0001051b       ___acrt_uninitialize_locks 1001151b f   libucrt:locks.obj
 0001:0001054c       ___acrt_unlock             1001154c f   libucrt:locks.obj
 0001:00010563       ___acrt_get_process_end_policy 10011563 f   libucrt:win_policies.obj
 0001:00010594       ___acrt_errno_from_os_error 10011594 f   libucrt:errno.obj
 0001:000105d7       ___acrt_errno_map_os_error 100115d7 f   libucrt:errno.obj
 0001:000105fa       ___doserrno                100115fa f   libucrt:errno.obj
 0001:0001060d       __errno                    1001160d f   libucrt:errno.obj
 0001:00010620       __calloc_base              10011620 f   libucrt:calloc_base.obj
 0001:00010816       ??$__acrt_mbs_to_wcs_cp@U__crt_win32_buffer_internal_dynamic_resizing@@@@YAHQBDAAV?$__crt_win32_buffer@_WU__crt_win32_buffer_internal_dynamic_resizing@@@@I@Z 10011816 f i libucrt:argv_wildcards.obj
 0001:00010d2a       ?__acrt_get_utf8_acp_compatibility_codepage@@YAIXZ 10011d2a f i libucrt:argv_wildcards.obj
 0001:00010d69       ?_deallocate@?$__crt_win32_buffer@DU__crt_win32_buffer_internal_dynamic_resizing@@@@AAEXXZ 10011d69 f i libucrt:argv_wildcards.obj
 0001:00010d69       ?_deallocate@?$__crt_win32_buffer@_WU__crt_win32_buffer_internal_dynamic_resizing@@@@AAEXXZ 10011d69 f i libucrt:argv_wildcards.obj
 0001:00010d83       ?allocate@?$__crt_win32_buffer@DU__crt_win32_buffer_internal_dynamic_resizing@@@@QAEHI@Z 10011d83 f i libucrt:argv_wildcards.obj
 0001:00010dbf       ?allocate@?$__crt_win32_buffer@_WU__crt_win32_buffer_internal_dynamic_resizing@@@@QAEHI@Z 10011dbf f i libucrt:argv_wildcards.obj
 0001:00010dfe       ?allocate@__crt_win32_buffer_internal_dynamic_resizing@@SAHQAPAXIABV__crt_win32_buffer_empty_debug_info@@@Z 10011dfe f i libucrt:argv_wildcards.obj
 0001:00010ea4       ___acrt_expand_narrow_argv_wildcards 10011ea4 f   libucrt:argv_wildcards.obj
 0001:00010f76       ?allocate@?$__crt_win32_buffer@DU__crt_win32_buffer_no_resizing@@@@QAEHI@Z 10011f76 f i libucrt:getmodulefilenamea.obj
 0001:00010f9d       ?set_to_nullptr@?$__crt_win32_buffer@DU__crt_win32_buffer_no_resizing@@@@QAEXXZ 10011f9d f i libucrt:getmodulefilenamea.obj
 0001:00010fb1       ___acrt_GetModuleFileNameA 10011fb1 f   libucrt:getmodulefilenamea.obj
 0001:00011570       ___acrt_initialize_multibyte 10012570 f   libucrt:mbctype.obj
 0001:000115b8       ___acrt_update_thread_multibyte_data 100125b8 f   libucrt:mbctype.obj
 0001:000115cb       __setmbcp_nolock           100125cb f   libucrt:mbctype.obj
 0001:00011896       __ismbblead                10012896 f   libucrt:ismbbyte.obj
 0001:000118ae       ___acrt_initialize_command_line 100128ae f   libucrt:argv_data.obj
 0001:000118c7       ___acrt_MultiByteToWideChar 100128c7 f   libucrt:multibytetowidechar.obj
 0001:00011943       ___acrt_WideCharToMultiByte 10012943 f   libucrt:widechartomultibyte.obj
 0001:00011a27       ___dcrt_get_narrow_environment_from_os 10012a27 f   libucrt:get_environment_from_os.obj
 0001:00011aab       __recalloc_base            10012aab f   libucrt:recalloc.obj
 0001:00011cb0       ___acrt_AppPolicyGetProcessTerminationMethodInternal@4 10012cb0 f   libucrt:winapi_thunks.obj
 0001:00011cf0       ___acrt_AreFileApisANSI@0  10012cf0 f   libucrt:winapi_thunks.obj
 0001:00011d0f       ___acrt_FlsAlloc@4         10012d0f f   libucrt:winapi_thunks.obj
 0001:00011d4e       ___acrt_FlsFree@4          10012d4e f   libucrt:winapi_thunks.obj
 0001:00011d8d       ___acrt_FlsGetValue@4      10012d8d f   libucrt:winapi_thunks.obj
 0001:00011dcc       ___acrt_FlsSetValue@8      10012dcc f   libucrt:winapi_thunks.obj
 0001:00011e0e       ___acrt_InitializeCriticalSectionEx@12 10012e0e f   libucrt:winapi_thunks.obj
 0001:00011e59       ___acrt_LCMapStringEx@36   10012e59 f   libucrt:winapi_thunks.obj
 0001:00011eb6       ___acrt_LocaleNameToLCID@8 10012eb6 f   libucrt:winapi_thunks.obj
 0001:00011ee7       ___acrt_initialize_winapi_thunks 10012ee7 f   libucrt:winapi_thunks.obj
 0001:00011f12       ___acrt_uninitialize_winapi_thunks 10012f12 f   libucrt:winapi_thunks.obj
 0001:00011f48       ___acrt_initialize_heap    10012f48 f   libucrt:heap_handle.obj
 0001:00011f59       ___acrt_uninitialize_heap  10012f59 f   libucrt:heap_handle.obj
 0001:000120cd       ___acrt_initialize_lowio   100130cd f   libucrt:ioinit.obj
 0001:0001212d       ___acrt_uninitialize_lowio 1001312d f   libucrt:ioinit.obj
 0001:00012159       ___acrt_execute_initializers 10013159 f   libucrt:shared_initialization.obj
 0001:000121c1       ___acrt_execute_uninitializers 100131c1 f   libucrt:shared_initialization.obj
 0001:000122c0       ___acrt_get_sigabrt_handler 100132c0 f   libucrt:signal.obj
 0001:000122e7       ___acrt_initialize_signal_handlers 100132e7 f   libucrt:signal.obj
 0001:00012305       ___fpecode                 10013305 f   libucrt:signal.obj
 0001:0001230e       _raise                     1001330e f   libucrt:signal.obj
 0001:00012509       ___acrt_has_user_matherr   10013509 f   libucrt:matherr.obj
 0001:00012521       ___acrt_initialize_user_matherr 10013521 f   libucrt:matherr.obj
 0001:00012530       ___acrt_invoke_user_matherr 10013530 f   libucrt:matherr.obj
 0001:0001273f       ___acrt_stdio_flush_nolock 1001373f f   libucrt:fflush.obj
 0001:000127a4       __fflush_nolock            100137a4 f   libucrt:fflush.obj
 0001:000127ec       __flushall                 100137ec f   libucrt:fflush.obj
 0001:000127f5       ___acrt_initialize_stdio   100137f5 f   libucrt:_file.obj
 0001:000128bd       ___acrt_uninitialize_stdio 100138bd f   libucrt:_file.obj
 0001:00012909       __lock_file                10013909 f   libucrt:_file.obj
 0001:0001291d       __unlock_file              1001391d f   libucrt:_file.obj
 0001:00012931       __mbtowc_l                 10013931 f   libucrt:mbtowc.obj
 0001:00012a73       _mbtowc                    10013a73 f   libucrt:mbtowc.obj
 0001:00012a8d       ___acrt_update_locale_info 10013a8d f   libucrt:locale_update.obj
 0001:00012aba       ___acrt_update_multibyte_info 10013aba f   libucrt:locale_update.obj
 0001:00012ae7       __fileno                   10013ae7 f   libucrt:fileno.obj
 0001:00012b7c       ___acrt_set_locale_changed 10013b7c f   libucrt:wsetlocale.obj
 0001:00012b87       ___acrt_uninitialize_locale 10013b87 f   libucrt:wsetlocale.obj
 0001:00012bae       ___pctype_func             10013bae f   libucrt:ctype.obj
 0001:00012bd2       ___acrt_add_locale_ref     10013bd2 f   libucrt:locale_refcounting.obj
 0001:00012c4f       ___acrt_free_locale        10013c4f f   libucrt:locale_refcounting.obj
 0001:00012d97       ___acrt_locale_add_lc_time_reference 10013d97 f   libucrt:locale_refcounting.obj
 0001:00012dc0       ___acrt_locale_free_lc_time_if_unreferenced 10013dc0 f   libucrt:locale_refcounting.obj
 0001:00012df1       ___acrt_locale_release_lc_time_reference 10013df1 f   libucrt:locale_refcounting.obj
 0001:00012e1a       ___acrt_release_locale_ref 10013e1a f   libucrt:locale_refcounting.obj
 0001:00012e9b       ___acrt_update_thread_locale_data 10013e9b f   libucrt:locale_refcounting.obj
 0001:00012f1c       __updatetlocinfoEx_nolock  10013f1c f   libucrt:locale_refcounting.obj
 0001:00012f6c       __query_new_mode           10013f6c f   libucrt:new_mode.obj
 0001:00012fc0       _qsort                     10013fc0 f   libucrt:qsort.obj
 0001:000134b7       _strncpy_s                 100144b7 f   libucrt:strncpy_s.obj
 0001:000134d0       _strpbrk                   100144d0 f   libucrt:strpbrk.obj
 0001:00013510       __mbsdec                   10014510 f   libucrt:mbsdec.obj
 0001:00013527       __mbsdec_l                 10014527 f   libucrt:mbsdec.obj
 0001:000135b4       ___acrt_GetStringTypeA     100145b4 f   libucrt:getstringtypea.obj
 0001:000136b7       __freea_crt                100146b7 f i libucrt:getstringtypea.obj
 0001:000138c1       ___acrt_LCMapStringA       100148c1 f   libucrt:lcmapstringa.obj
 0001:00013919       __msize_base               10014919 f   libucrt:msize.obj
 0001:0001399c       ___acrt_DownlevelLocaleNameToLCID 1001499c f   libucrt:lcidtoname_downlevel.obj
 0001:000139c8       ___acrt_lowio_create_handle_array 100149c8 f   libucrt:osfinfo.obj
 0001:00013a43       ___acrt_lowio_destroy_handle_array 10014a43 f   libucrt:osfinfo.obj
 0001:00013a78       ___acrt_lowio_ensure_fh_exists 10014a78 f   libucrt:osfinfo.obj
 0001:00013b16       ___acrt_lowio_lock_fh      10014b16 f   libucrt:osfinfo.obj
 0001:00013b39       ___acrt_lowio_unlock_fh    10014b39 f   libucrt:osfinfo.obj
 0001:00013b5c       __free_osfhnd              10014b5c f   libucrt:osfinfo.obj
 0001:00013bed       __get_osfhandle            10014bed f   libucrt:osfinfo.obj
 0001:00013cf9       __commit                   10014cf9 f   libucrt:commit.obj
 0001:000144ef       __write                    100154ef f   libucrt:write.obj
 0001:000145e1       __write_nolock             100155e1 f   libucrt:write.obj
 0001:000147c3       __fcloseall                100157c3 f   libucrt:closeall.obj
 0001:0001486e       ___acrt_stdio_free_buffer_nolock 1001586e f   libucrt:_freebuf.obj
 0001:000148ae       __isatty                   100158ae f   libucrt:isatty.obj
 0001:00014904       __isleadbyte_l             10015904 f i libucrt:_wctype.obj
 0001:0001496a       ?__mbrtowc_utf8@__crt_mbstring@@YAIPA_WPBDIPAU_Mbstatet@@@Z 1001596a f   libucrt:mbrtowc.obj
 0001:000149aa       ?__mbsrtowcs_utf8@__crt_mbstring@@YAIPA_WPAPBDIPAU_Mbstatet@@@Z 100159aa f   libucrt:mbrtowc.obj
 0001:00014aa5       ?return_illegal_sequence@__crt_mbstring@@YAIPAU_Mbstatet@@@Z 10015aa5 f i libucrt:c32rtomb.obj
 0001:00014ac4       ___acrt_locale_free_monetary 10015ac4 f   libucrt:initmon.obj
 0001:00014bc2       ___acrt_locale_free_numeric 10015bc2 f   libucrt:initnum.obj
 0001:00014c63       ___acrt_locale_free_time   10015c63 f   libucrt:inittime.obj
 0001:00014d47       ___strncnt                 10015d47 f   libucrt:strncnt.obj
 0001:00014d63       ___ascii_wcsnicmp          10015d63 f   libucrt:wcsnicmp.obj
 0001:00014db2       __query_app_type           10015db2 f   libucrt:report_runtime_error.obj
 0001:00014e34       __lseeki64_nolock          10015e34 f   libucrt:lseek.obj
 0001:00014e4f       __putwch_nolock            10015e4f f   libucrt:putwch.obj
 0001:00014e81       __fclose_nolock            10015e81 f   libucrt:fclose.obj
 0001:00014ef8       _fclose                    10015ef8 f   libucrt:fclose.obj
 0001:00014f7c       ?__mbrtoc32_utf8@__crt_mbstring@@YAIPA_UPBDIPAU_Mbstatet@@@Z 10015f7c f   libucrt:mbrtoc32.obj
 0001:00015130       __CIlog10                  10016130 f   libucrt:log10_impl.obj
 0001:0001516b       __CIlog10_default          1001616b f   libucrt:log10_impl.obj
 0001:0001517f       __log10_default            1001617f     libucrt:log10_impl.obj
 0001:00015240       _ceil                      10016240 f   libucrt:ceil_pentium4.obj
 0001:00015280       __ceil_pentium4            10016280 f   libucrt:ceil_pentium4.obj
 0001:00015360       ___ascii_strnicmp          10016360 f   libucrt:_strnicm.obj
 0001:000153e0       ___dcrt_lowio_ensure_console_output_initialized 100163e0 f   libucrt:initcon.obj
 0001:000153ff       ___dcrt_terminate_console_output 100163ff f   libucrt:initcon.obj
 0001:00015416       ___dcrt_write_console      10016416 f   libucrt:initcon.obj
 0001:000154f7       __close                    100164f7 f   libucrt:close.obj
 0001:00015584       __close_nolock             10016584 f   libucrt:close.obj
 0001:00015620       ?__acrt_stdio_free_stream@@YAXV__crt_stdio_stream@@@Z 10016620 f   libucrt:stream.obj
 0001:0001565b       ___acrt_initialize_sse2    1001665b f   libucrt:mathfcns.obj
 0001:00015670       __CIlog10_pentium4         10016670 f   libucrt:log10_pentium4.obj
 0001:00015688       __log10_pentium4           10016688     libucrt:log10_pentium4.obj
 0001:00015920       __fFEXP                    10016920 f   libucrt:87tran.obj
 0001:00015977       __rtinfpopse               10016977     libucrt:87tran.obj
 0001:00015979       __rtinfnpopse              10016979     libucrt:87tran.obj
 0001:00015989       __fFLN                     10016989     libucrt:87tran.obj
 0001:00015a3e       __rtinfpop                 10016a3e     libucrt:87tran.obj
 0001:00015a40       __rtinfnpop                10016a40     libucrt:87tran.obj
 0001:00015a50       __rtforexpinf              10016a50 f   libucrt:87tran.obj
 0001:00015a5d       __ffexpm1                  10016a5d     libucrt:87tran.obj
 0001:00015b10       __trandisp1                10016b10 f   libucrt:87disp.obj
 0001:00015b85       __trandisp2                10016b85 f   libucrt:87disp.obj
 0001:00015c1f       __rttospopde               10016c1f     libucrt:87disp.obj
 0001:00015c24       __rttospop                 10016c24     libucrt:87disp.obj
 0001:00015c30       __rtnospop                 10016c30 f   libucrt:87disp.obj
 0001:00015c40       __rttosnpop                10016c40 f   libucrt:87disp.obj
 0001:00015c41       __rtnospopde               10016c41     libucrt:87disp.obj
 0001:00015c48       __rtzeropop                10016c48     libucrt:87disp.obj
 0001:00015c4a       __rtzeronpop               10016c4a     libucrt:87disp.obj
 0001:00015c50       __rtzerospop               10016c50 f   libucrt:87disp.obj
 0001:00015c5d       __rtonepop                 10016c5d     libucrt:87disp.obj
 0001:00015c60       __rtonenpop                10016c60 f   libucrt:87disp.obj
 0001:00015c70       __tosnan1                  10016c70 f   libucrt:87disp.obj
 0001:00015ca0       __nosnan2                  10016ca0 f   libucrt:87disp.obj
 0001:00015cb0       __tosnan2                  10016cb0 f   libucrt:87disp.obj
 0001:00015ce0       __nan2                     10016ce0 f   libucrt:87disp.obj
 0001:00015d20       __rtindfpop                10016d20 f   libucrt:87disp.obj
 0001:00015d22       __rtindfnpop               10016d22     libucrt:87disp.obj
 0001:00015d33       __rttosnpopde              10016d33     libucrt:87disp.obj
 0001:00015d40       __rtatan2inf               10016d40 f   libucrt:87disp.obj
 0001:00015d5d       __rtchsifneg               10016d5d     libucrt:87disp.obj
 0001:00015d70       __twoToTOS                 10016d70 f   libucrt:common.obj
 0001:00015d85       __load_CW                  10016d85 f   libucrt:common.obj
 0001:00015d9c       __convertTOStoQNaN         10016d9c f   libucrt:common.obj
 0001:00015db5       __fload_withFB             10016db5 f   libucrt:common.obj
 0001:00015df8       __checkTOS_withFB          10016df8 f   libucrt:common.obj
 0001:00015e0e       __fast_exit                10016e0e f   libucrt:common.obj
 0001:00015e1b       __math_exit                10016e1b f   libucrt:common.obj
 0001:00015e45       __check_overflow_exit      10016e45 f   libucrt:common.obj
 0001:00015e59       __check_range_exit         10016e59 f   libucrt:common.obj
 0001:00015f00       __startTwoArgErrorHandling 10016f00 f   libucrt:genexcep.obj
 0001:00015f17       __startOneArgErrorHandling 10016f17 f   libucrt:genexcep.obj
 0001:00015f53       ___libm_error_support      10016f53 f   libucrt:libm_error.obj
 0001:00016147       __ceil_default             10017147 f   libucrt:ceil.obj
 0001:000161fc       __clrfp                    100171fc f   libucrt:fpctrl.obj
 0001:0001620d       __ctrlfp                   1001720d f   libucrt:fpctrl.obj
 0001:00016237       __set_statfp               10017237 f   libucrt:fpctrl.obj
 0001:00016290       __statfp                   10017290 f   libucrt:fpctrl.obj
 0001:000162a0       __d_inttype                100172a0 f   libucrt:powhlp.obj
 0001:00016308       __powhlp                   10017308 f   libucrt:powhlp.obj
 0001:00016433       __87except                 10017433 f   libucrt:87except.obj
 0001:0001653d       __frnd                     1001753d f   libucrt:frnd.obj
 0001:00016551       __errcode                  10017551 f   libucrt:fpexcept.obj
 0001:00016585       __except1                  10017585 f   libucrt:fpexcept.obj
 0001:00016653       __handle_exc               10017653 f   libucrt:fpexcept.obj
 0001:0001683e       __raise_exc                1001783e f   libucrt:fpexcept.obj
 0001:00016861       __raise_exc_ex             10017861 f   libucrt:fpexcept.obj
 0001:00016b57       __set_errno_from_matherr   10017b57 f   libucrt:fpexcept.obj
 0001:00016b86       __umatherr                 10017b86 f   libucrt:fpexcept.obj
 0001:00016c26       __decomp                   10017c26 f   libucrt:util.obj
 0001:00016cf8       __set_exp                  10017cf8 f   libucrt:util.obj
 0001:00016d25       __sptype                   10017d25 f   libucrt:util.obj
 0001:00016d83       __fpclass                  10017d83 f   libucrt:ieeemisc.obj
 0001:00016e30       __FindPESection            10017e30 f   LIBCMT:pesect.obj
 0001:00016e80       __IsNonwritableInCurrentImage 10017e80 f   LIBCMT:pesect.obj
 0001:00016f40       __ValidateImageBase        10017f40 f   LIBCMT:pesect.obj
 0001:00016f73       __EH_prolog3_catch         10017f73 f   LIBCMT:ehprolg3.obj
 0001:00016fb0       __alloca_probe_16          10017fb0 f   LIBCMT:alloca16.obj
 0001:00016fc6       __alloca_probe_8           10017fc6     LIBCMT:alloca16.obj
 0001:00016fe0       __chkstk                   10017fe0 f   LIBCMT:chkstk.obj
 0001:00016fe0       __alloca_probe             10017fe0 f   LIBCMT:chkstk.obj
 0001:00017010       __filter_x86_sse2_floating_point_exception 10018010 f   LIBCMT:x86_exception_filter.obj
 0001:00017010       __filter_x86_sse2_floating_point_exception_default 10018010 f   LIBCMT:x86_exception_filter.obj
 0002:00000000       __imp__RegOpenKeyExW@20    10019000     advapi32:ADVAPI32.dll
 0002:00000004       __imp__RegCloseKey@4       10019004     advapi32:ADVAPI32.dll
 0002:00000008       \177ADVAPI32_NULL_THUNK_DATA 10019008     advapi32:ADVAPI32.dll
 0002:0000000c       __imp__lstrlenW@4          1001900c     kernel32:KERNEL32.dll
 0002:00000010       __imp__GetLogicalDrives@0  10019010     kernel32:KERNEL32.dll
 0002:00000014       __imp__FindFirstFileW@8    10019014     kernel32:KERNEL32.dll
 0002:00000018       __imp__SetLastError@4      10019018     kernel32:KERNEL32.dll
 0002:0000001c       __imp__lstrcpynW@12        1001901c     kernel32:KERNEL32.dll
 0002:00000020       __imp__ExpandEnvironmentStringsW@12 10019020     kernel32:KERNEL32.dll
 0002:00000024       __imp__GetModuleFileNameW@12 10019024     kernel32:KERNEL32.dll
 0002:00000028       __imp__FindClose@4         10019028     kernel32:KERNEL32.dll
 0002:0000002c       __imp__LocalAlloc@8        1001902c     kernel32:KERNEL32.dll
 0002:00000030       __imp__GetLastError@0      10019030     kernel32:KERNEL32.dll
 0002:00000034       __imp__lstrcatW@8          10019034     kernel32:KERNEL32.dll
 0002:00000038       __imp__LocalFree@4         10019038     kernel32:KERNEL32.dll
 0002:0000003c       __imp__GetComputerNameW@8  1001903c     kernel32:KERNEL32.dll
 0002:00000040       __imp__lstrcpyW@8          10019040     kernel32:KERNEL32.dll
 0002:00000044       __imp__SetCurrentDirectoryW@4 10019044     kernel32:KERNEL32.dll
 0002:00000048       __imp__lstrcmpW@8          10019048     kernel32:KERNEL32.dll
 0002:0000004c       __imp__CompareStringW@24   1001904c     kernel32:KERNEL32.dll
 0002:00000050       __imp__EnterCriticalSection@4 10019050     kernel32:KERNEL32.dll
 0002:00000054       __imp__LeaveCriticalSection@4 10019054     kernel32:KERNEL32.dll
 0002:00000058       __imp__InitializeCriticalSection@4 10019058     kernel32:KERNEL32.dll
 0002:0000005c       __imp__GetCurrentThread@0  1001905c     kernel32:KERNEL32.dll
 0002:00000060       __imp__LoadLibraryW@4      10019060     kernel32:KERNEL32.dll
 0002:00000064       __imp__GetProcAddress@8    10019064     kernel32:KERNEL32.dll
 0002:00000068       __imp__DeleteCriticalSection@4 10019068     kernel32:KERNEL32.dll
 0002:0000006c       __imp__LCMapStringW@24     1001906c     kernel32:KERNEL32.dll
 0002:00000070       __imp__GetModuleHandleW@4  10019070     kernel32:KERNEL32.dll
 0002:00000074       __imp__GetThreadTimes@20   10019074     kernel32:KERNEL32.dll
 0002:00000078       __imp__VirtualQuery@12     10019078     kernel32:KERNEL32.dll
 0002:0000007c       __imp__CloseHandle@4       1001907c     kernel32:KERNEL32.dll
 0002:00000080       __imp__GetCurrentDirectoryW@8 10019080     kernel32:KERNEL32.dll
 0002:00000084       __imp__lstrcmpiW@8         10019084     kernel32:KERNEL32.dll
 0002:00000088       __imp__GetSystemDirectoryW@8 10019088     kernel32:KERNEL32.dll
 0002:0000008c       __imp__CreateFileW@28      1001908c     kernel32:KERNEL32.dll
 0002:00000090       __imp__SetFilePointerEx@20 10019090     kernel32:KERNEL32.dll
 0002:00000094       __imp__GetConsoleMode@8    10019094     kernel32:KERNEL32.dll
 0002:00000098       __imp__GetConsoleCP@0      10019098     kernel32:KERNEL32.dll
 0002:0000009c       __imp__WriteFile@20        1001909c     kernel32:KERNEL32.dll
 0002:000000a0       __imp__FlushFileBuffers@4  100190a0     kernel32:KERNEL32.dll
 0002:000000a4       __imp__SetStdHandle@8      100190a4     kernel32:KERNEL32.dll
 0002:000000a8       __imp__HeapSize@12         100190a8     kernel32:KERNEL32.dll
 0002:000000ac       __imp__GetStringTypeW@16   100190ac     kernel32:KERNEL32.dll
 0002:000000b0       __imp__UnhandledExceptionFilter@4 100190b0     kernel32:KERNEL32.dll
 0002:000000b4       __imp__SetUnhandledExceptionFilter@4 100190b4     kernel32:KERNEL32.dll
 0002:000000b8       __imp__GetCurrentProcess@0 100190b8     kernel32:KERNEL32.dll
 0002:000000bc       __imp__TerminateProcess@8  100190bc     kernel32:KERNEL32.dll
 0002:000000c0       __imp__IsProcessorFeaturePresent@4 100190c0     kernel32:KERNEL32.dll
 0002:000000c4       __imp__IsDebuggerPresent@0 100190c4     kernel32:KERNEL32.dll
 0002:000000c8       __imp__GetStartupInfoW@4   100190c8     kernel32:KERNEL32.dll
 0002:000000cc       __imp__QueryPerformanceCounter@4 100190cc     kernel32:KERNEL32.dll
 0002:000000d0       __imp__GetCurrentProcessId@0 100190d0     kernel32:KERNEL32.dll
 0002:000000d4       __imp__GetCurrentThreadId@0 100190d4     kernel32:KERNEL32.dll
 0002:000000d8       __imp__GetSystemTimeAsFileTime@4 100190d8     kernel32:KERNEL32.dll
 0002:000000dc       __imp__RtlUnwind@16        100190dc     kernel32:KERNEL32.dll
 0002:000000e0       __imp__RaiseException@16   100190e0     kernel32:KERNEL32.dll
 0002:000000e4       __imp__InitializeCriticalSectionAndSpinCount@8 100190e4     kernel32:KERNEL32.dll
 0002:000000e8       __imp__TlsAlloc@0          100190e8     kernel32:KERNEL32.dll
 0002:000000ec       __imp__TlsGetValue@4       100190ec     kernel32:KERNEL32.dll
 0002:000000f0       __imp__TlsSetValue@8       100190f0     kernel32:KERNEL32.dll
 0002:000000f4       __imp__TlsFree@4           100190f4     kernel32:KERNEL32.dll
 0002:000000f8       __imp__FreeLibrary@4       100190f8     kernel32:KERNEL32.dll
 0002:000000fc       __imp__LoadLibraryExW@12   100190fc     kernel32:KERNEL32.dll
 0002:00000100       __imp__ExitProcess@4       10019100     kernel32:KERNEL32.dll
 0002:00000104       __imp__HeapReAlloc@16      10019104     kernel32:KERNEL32.dll
 0002:00000108       __imp__HeapFree@12         10019108     kernel32:KERNEL32.dll
 0002:0000010c       __imp__HeapAlloc@12        1001910c     kernel32:KERNEL32.dll
 0002:00000110       __imp__FindFirstFileExW@24 10019110     kernel32:KERNEL32.dll
 0002:00000114       __imp__FindNextFileW@8     10019114     kernel32:KERNEL32.dll
 0002:00000118       __imp__IsValidCodePage@4   10019118     kernel32:KERNEL32.dll
 0002:0000011c       __imp__GetACP@0            1001911c     kernel32:KERNEL32.dll
 0002:00000120       __imp__GetOEMCP@0          10019120     kernel32:KERNEL32.dll
 0002:00000124       __imp__GetCPInfo@8         10019124     kernel32:KERNEL32.dll
 0002:00000128       __imp__GetCommandLineA@0   10019128     kernel32:KERNEL32.dll
 0002:0000012c       __imp__GetCommandLineW@0   1001912c     kernel32:KERNEL32.dll
 0002:00000130       __imp__MultiByteToWideChar@24 10019130     kernel32:KERNEL32.dll
 0002:00000134       __imp__WideCharToMultiByte@32 10019134     kernel32:KERNEL32.dll
 0002:00000138       __imp__GetEnvironmentStringsW@0 10019138     kernel32:KERNEL32.dll
 0002:0000013c       __imp__FreeEnvironmentStringsW@4 1001913c     kernel32:KERNEL32.dll
 0002:00000140       __imp__GetProcessHeap@0    10019140     kernel32:KERNEL32.dll
 0002:00000144       __imp__GetStdHandle@4      10019144     kernel32:KERNEL32.dll
 0002:00000148       __imp__GetFileType@4       10019148     kernel32:KERNEL32.dll
 0002:0000014c       __imp__WriteConsoleW@20    1001914c     kernel32:KERNEL32.dll
 0002:00000150       \177KERNEL32_NULL_THUNK_DATA 10019150     kernel32:KERNEL32.dll
 0002:00000154       __imp__WNetGetResourceParentW@12 10019154     mpr:MPR.dll
 0002:00000158       __imp__WNetAddConnection2W@16 10019158     mpr:MPR.dll
 0002:0000015c       __imp__WNetCancelConnection2W@12 1001915c     mpr:MPR.dll
 0002:00000160       __imp__WNetGetResourceInformationW@16 10019160     mpr:MPR.dll
 0002:00000164       __imp__WNetCloseEnum@4     10019164     mpr:MPR.dll
 0002:00000168       __imp__WNetEnumResourceW@16 10019168     mpr:MPR.dll
 0002:0000016c       __imp__WNetOpenEnumW@20    1001916c     mpr:MPR.dll
 0002:00000170       \177MPR_NULL_THUNK_DATA    10019170     mpr:MPR.dll
 0002:00000174       __imp__NetApiBufferFree@4  10019174     netapi32:NETAPI32.dll
 0002:00000178       __imp__NetShareEnum@28     10019178     netapi32:NETAPI32.dll
 0002:0000017c       \177NETAPI32_NULL_THUNK_DATA 1001917c     netapi32:NETAPI32.dll
 0002:00000180       __imp__CharUpperW@4        10019180     user32:USER32.dll
 0002:00000184       __imp__CharUpperBuffW@8    10019184     user32:USER32.dll
 0002:00000188       \177USER32_NULL_THUNK_DATA 10019188     user32:USER32.dll
 0002:0000018c       ___guard_check_icall_fptr  1001918c     LIBCMT:guard_support.obj
 0002:00000190       ___xc_a                    10019190     LIBCMT:initializers.obj
 0002:00000198       ___xc_z                    10019198     LIBCMT:initializers.obj
 0002:0000019c       ___xi_a                    1001919c     LIBCMT:initializers.obj
 0002:000001a0       ___acrt_multibyte_initializer 100191a0     libucrt:multibyte_initializer.obj
 0002:000001a4       ___acrt_stdio_initializer  100191a4     libucrt:stdio_initializer.obj
 0002:000001a8       ___acrt_tran_sse2_initializer 100191a8     libucrt:sse2_initializer.obj
 0002:000001ac       ___xi_z                    100191ac     LIBCMT:initializers.obj
 0002:000001b0       ___xp_a                    100191b0     LIBCMT:initializers.obj
 0002:000001b4       ___acrt_locale_terminator  100191b4     libucrt:locale_initializer.obj
 0002:000001b8       ___dcrt_console_output_terminator 100191b8     libucrt:console_output_initializer.obj
 0002:000001bc       ___acrt_stdio_terminator   100191bc     libucrt:stdio_initializer.obj
 0002:000001c0       ___xp_z                    100191c0     LIBCMT:initializers.obj
 0002:000001c4       ___xt_a                    100191c4     LIBCMT:initializers.obj
 0002:000001c8       ___xt_z                    100191c8     LIBCMT:initializers.obj
 0002:000001d0       __imp__EncodePointer@4     100191d0     vc_crt_fix.obj
 0002:000001d8       __imp__DecodePointer@4     100191d8     vc_crt_fix.obj
 0002:000001e0       __imp__GetModuleHandleExW@12 100191e0     vc_crt_fix.obj
 0002:000001e8       __imp__InitializeSListHead@4 100191e8     vc_crt_fix.obj
 0002:000001f0       __imp__InterlockedFlushSList@4 100191f0     vc_crt_fix.obj
 0002:000001f8       __imp__InterlockedPopEntrySList@4 100191f8     vc_crt_fix.obj
 0002:00000200       __imp__InterlockedPushEntrySList@8 10019200     vc_crt_fix.obj
 0002:00000208       __imp__InterlockedPushListSListEx@16 10019208     vc_crt_fix.obj
 0002:00000210       __imp__RtlFirstEntrySList@4 10019210     vc_crt_fix.obj
 0002:00000218       __imp__QueryDepthSList@4   10019218     vc_crt_fix.obj
 0002:00000220       __imp__GetNumaHighestNodeNumber@4 10019220     vc_crt_fix.obj
 0002:00000228       __imp__GetLogicalProcessorInformation@8 10019228     vc_crt_fix.obj
 0002:00000230       __imp__SetThreadStackGuarantee@4 10019230     vc_crt_fix.obj
 0002:00000238       __imp__InitializeCriticalSectionEx@12 10019238     vc_crt_fix.obj
 0002:00000240       __imp__CompareStringEx@36  10019240     vc_crt_fix.obj
 0002:00000248       __imp__LCMapStringEx@36    10019248     vc_crt_fix.obj
 0002:00000250       __imp__AcquireSRWLockExclusive@4 10019250     vc_crt_fix.obj
 0002:00000258       __imp__ReleaseSRWLockExclusive@4 10019258     vc_crt_fix.obj
 0002:00000260       __imp__SleepConditionVariableSRW@16 10019260     vc_crt_fix.obj
 0002:00000268       __imp__WakeAllConditionVariable@4 10019268     vc_crt_fix.obj
 0002:00000274       ??_7exception@std@@6B@     10019274     libcpmt:xthrow.obj
 0002:00000280       ??_7bad_alloc@std@@6B@     10019280     libcpmt:xthrow.obj
 0002:00000288       ??_C@_0P@GHFPNOJB@bad?5allocation@ 10019288     libcpmt:xthrow.obj
 0002:0000029c       ??_7logic_error@std@@6B@   1001929c     libcpmt:xthrow.obj
 0002:000002a8       ??_7length_error@std@@6B@  100192a8     libcpmt:xthrow.obj
 0002:000002b4       ??_7out_of_range@std@@6B@  100192b4     libcpmt:xthrow.obj
 0002:000002c8       ??_7type_info@@6B@         100192c8     LIBCMT:std_type_info_static.obj
 0002:000002cc       __pDefaultRawDllMain       100192cc     LIBCMT:dll_dllmain.obj
 0002:000002cc       __pRawDllMain              100192cc     LIBCMT:dll_dllmain.obj
 0002:000002d4       ??_7bad_array_new_length@std@@6B@ 100192d4     LIBCMT:throw_bad_alloc.obj
 0002:000002dc       __pDestructExceptionObject 100192dc     libvcruntime:ehhelpers.obj
 0002:000002e4       ??_7bad_exception@std@@6B@ 100192e4     libvcruntime:frame.obj
 0002:000002ec       ??_C@_0O@DPKOEFFH@bad?5exception@ 100192ec     libvcruntime:frame.obj
 0002:00000680       ??_C@_08EHJDFFNH@__based?$CI@ 10019680     libvcruntime:undname.obj
 0002:0000068c       ??_C@_07KOLFKCDI@__cdecl@  1001968c     libvcruntime:undname.obj
 0002:00000694       ??_C@_08GHMPAG@__pascal@   10019694     libvcruntime:undname.obj
 0002:000006a0       ??_C@_09IFJBGAPI@__stdcall@ 100196a0     libvcruntime:undname.obj
 0002:000006ac       ??_C@_0L@NPHFGOKO@__thiscall@ 100196ac     libvcruntime:undname.obj
 0002:000006b8       ??_C@_0L@JMKHOMEK@__fastcall@ 100196b8     libvcruntime:undname.obj
 0002:000006c4       ??_C@_0N@BCKKPABJ@__vectorcall@ 100196c4     libvcruntime:undname.obj
 0002:000006d4       ??_C@_09HIJEGCPM@__clrcall@ 100196d4     libvcruntime:undname.obj
 0002:000006e0       ??_C@_06GHPCKEAG@__eabi@   100196e0     libvcruntime:undname.obj
 0002:000006e8       ??_C@_09IOPIDJLG@__swift_1@ 100196e8     libvcruntime:undname.obj
 0002:000006f4       ??_C@_09KFNFGKHF@__swift_2@ 100196f4     libvcruntime:undname.obj
 0002:00000700       ??_C@_07JOMMBBKO@__ptr64@  10019700     libvcruntime:undname.obj
 0002:00000708       ??_C@_0L@PILCLIHE@__restrict@ 10019708     libvcruntime:undname.obj
 0002:00000714       ??_C@_0M@GFIIJFMG@__unaligned@ 10019714     libvcruntime:undname.obj
 0002:00000720       ??_C@_09DHDLOLLB@restrict?$CI@ 10019720     libvcruntime:undname.obj
 0002:0000072a       ??_C@_00CNPNBAHC@@         1001972a     libvcruntime:undname.obj
 0002:0000072c       ??_C@_04NIHEBCM@?5new@     1001972c     libvcruntime:undname.obj
 0002:00000734       ??_C@_07FPCDHGMM@?5delete@ 10019734     libvcruntime:undname.obj
 0002:0000073c       ??_C@_01NEMOKFLO@?$DN@     1001973c     libvcruntime:undname.obj
 0002:00000740       ??_C@_02GPIOPFAK@?$DO?$DO@ 10019740     libvcruntime:undname.obj
 0002:00000744       ??_C@_02FODMEDOG@?$DM?$DM@ 10019744     libvcruntime:undname.obj
 0002:00000748       ??_C@_01DCLJPIOD@?$CB@     10019748     libvcruntime:undname.obj
 0002:0000074c       ??_C@_02EGOFBIJA@?$DN?$DN@ 1001974c     libvcruntime:undname.obj
 0002:00000750       ??_C@_02FDNJECIE@?$CB?$DN@ 10019750     libvcruntime:undname.obj
 0002:00000754       ??_C@_02GPECMEKF@?$FL?$FN@ 10019754     libvcruntime:undname.obj
 0002:00000758       ??_C@_08LHJFAFGD@operator@ 10019758     libvcruntime:undname.obj
 0002:00000764       ??_C@_02HBOOOICD@?9?$DO@   10019764     libvcruntime:undname.obj
 0002:00000768       ??_C@_01NBENCBCI@?$CK@     10019768     libvcruntime:undname.obj
 0002:0000076c       ??_C@_02ECNGHCIF@?$CL?$CL@ 1001976c     libvcruntime:undname.obj
 0002:00000770       ??_C@_02BAABKJLB@?9?9@     10019770     libvcruntime:undname.obj
 0002:00000774       ??_C@_01JOAMLHOP@?9@       10019774     libvcruntime:undname.obj
 0002:00000778       ??_C@_01MIFGBAGJ@?$CL@     10019778     libvcruntime:undname.obj
 0002:0000077c       ??_C@_01HNPIGOCE@?$CG@     1001977c     libvcruntime:undname.obj
 0002:00000780       ??_C@_03MNHNFDLC@?9?$DO?$CK@ 10019780     libvcruntime:undname.obj
 0002:00000784       ??_C@_01KMDKNFGN@?1@       10019784     libvcruntime:undname.obj
 0002:00000788       ??_C@_01FGNFDNOH@?$CF@     10019788     libvcruntime:undname.obj
 0002:0000078c       ??_C@_01MNNFJEPP@?$DM@     1001978c     libvcruntime:undname.obj
 0002:00000790       ??_C@_02EHCHHCKH@?$DM?$DN@ 10019790     libvcruntime:undname.obj
 0002:00000794       ??_C@_01PPODPGHN@?$DO@     10019794     libvcruntime:undname.obj
 0002:00000798       ??_C@_02EEKDKGMJ@?$DO?$DN@ 10019798     libvcruntime:undname.obj
 0002:0000079c       ??_C@_01IHBHIGKO@?0@       1001979c     libvcruntime:undname.obj
 0002:000007a0       ??_C@_02HCKGKOFO@?$CI?$CJ@ 100197a0     libvcruntime:undname.obj
 0002:000007a4       ??_C@_01PJKLJHI@?$HO@      100197a4     libvcruntime:undname.obj
 0002:000007a8       ??_C@_01JKBOJNNK@?$FO@     100197a8     libvcruntime:undname.obj
 0002:000007ac       ??_C@_01DNKMNLPK@?$HM@     100197ac     libvcruntime:undname.obj
 0002:000007b0       ??_C@_02PPKAJPJL@?$CG?$CG@ 100197b0     libvcruntime:undname.obj
 0002:000007b4       ??_C@_02NONPIBCD@?$HM?$HM@ 100197b4     libvcruntime:undname.obj
 0002:000007b8       ??_C@_02FPIMKNGF@?$CK?$DN@ 100197b8     libvcruntime:undname.obj
 0002:000007bc       ??_C@_02FOEOMHFC@?$CL?$DN@ 100197bc     libvcruntime:undname.obj
 0002:000007c0       ??_C@_02FKMDLLOA@?9?$DN@   100197c0     libvcruntime:undname.obj
 0002:000007c4       ??_C@_02FJEHGPIO@?1?$DN@   100197c4     libvcruntime:undname.obj
 0002:000007c8       ??_C@_02FENAOKFI@?$CF?$DN@ 100197c8     libvcruntime:undname.obj
 0002:000007cc       ??_C@_03IKFCCPFF@?$DO?$DO?$DN@ 100197cc     libvcruntime:undname.obj
 0002:000007d0       ??_C@_03CDNPDDLA@?$DM?$DM?$DN@ 100197d0     libvcruntime:undname.obj
 0002:000007d4       ??_C@_02FGJGFEAB@?$CG?$DN@ 100197d4     libvcruntime:undname.obj
 0002:000007d8       ??_C@_02DHLNPPGH@?$HM?$DN@ 100197d8     libvcruntime:undname.obj
 0002:000007dc       ??_C@_02MHEGNOJ@?$FO?$DN@  100197dc     libvcruntime:undname.obj
 0002:000007e0       ??_C@_09IFPLHPGF@?$GAvftable?8@ 100197e0     libvcruntime:undname.obj
 0002:000007ec       ??_C@_09BLBHBJP@?$GAvbtable?8@ 100197ec     libvcruntime:undname.obj
 0002:000007f8       ??_C@_07FEEIOKP@?$GAvcall?8@ 100197f8     libvcruntime:undname.obj
 0002:00000800       ??_C@_08LLFFHHDJ@?$GAtypeof?8@ 10019800     libvcruntime:undname.obj
 0002:0000080c       ??_C@_0BF@KDPPACIK@?$GAlocal?5static?5guard?8@ 1001980c     libvcruntime:undname.obj
 0002:00000824       ??_C@_08OBABFOLI@?$GAstring?8@ 10019824     libvcruntime:undname.obj
 0002:00000830       ??_C@_0BD@JDLKDPAB@?$GAvbase?5destructor?8@ 10019830     libvcruntime:undname.obj
 0002:00000844       ??_C@_0BN@DEGPLNFK@?$GAvector?5deleting?5destructor?8@ 10019844     libvcruntime:undname.obj
 0002:00000864       ??_C@_0BO@OBMKPJIG@?$GAdefault?5constructor?5closure?8@ 10019864     libvcruntime:undname.obj
 0002:00000884       ??_C@_0BN@IMDCHIKM@?$GAscalar?5deleting?5destructor?8@ 10019884     libvcruntime:undname.obj
 0002:000008a4       ??_C@_0BO@PFGOCPJJ@?$GAvector?5constructor?5iterator?8@ 100198a4     libvcruntime:undname.obj
 0002:000008c4       ??_C@_0BN@LFPFMEDL@?$GAvector?5destructor?5iterator?8@ 100198c4     libvcruntime:undname.obj
 0002:000008e4       ??_C@_0CE@IKBNEHA@?$GAvector?5vbase?5constructor?5itera@ 100198e4     libvcruntime:undname.obj
 0002:00000908       ??_C@_0BL@NILFHHPC@?$GAvirtual?5displacement?5map?8@ 10019908     libvcruntime:undname.obj
 0002:00000924       ??_C@_0CB@JONCMFFK@?$GAeh?5vector?5constructor?5iterator@ 10019924     libvcruntime:undname.obj
 0002:00000948       ??_C@_0CA@GCEOPDGL@?$GAeh?5vector?5destructor?5iterator?8@ 10019948     libvcruntime:undname.obj
 0002:00000968       ??_C@_0CH@OOJPLCPH@?$GAeh?5vector?5vbase?5constructor?5it@ 10019968     libvcruntime:undname.obj
 0002:00000990       ??_C@_0BL@LLKPOHJI@?$GAcopy?5constructor?5closure?8@ 10019990     libvcruntime:undname.obj
 0002:000009ac       ??_C@_0BA@KBCDOMBN@?$GAudt?5returning?8@ 100199ac     libvcruntime:undname.obj
 0002:000009bc       ??_C@_03KLGMFNMG@?$GAEH@   100199bc     libvcruntime:undname.obj
 0002:000009c0       ??_C@_05KHLCHHI@?$GARTTI@  100199c0     libvcruntime:undname.obj
 0002:000009c8       ??_C@_0BA@KKLDJDLB@?$GAlocal?5vftable?8@ 100199c8     libvcruntime:undname.obj
 0002:000009d8       ??_C@_0CE@IIHCMGGL@?$GAlocal?5vftable?5constructor?5clos@ 100199d8     libvcruntime:undname.obj
 0002:000009fc       ??_C@_06FHBGPFGH@?5new?$FL?$FN@ 100199fc     libvcruntime:undname.obj
 0002:00000a04       ??_C@_09LBNFPBCA@?5delete?$FL?$FN@ 10019a04     libvcruntime:undname.obj
 0002:00000a10       ??_C@_0P@HJKNJFNN@?$GAomni?5callsig?8@ 10019a10     libvcruntime:undname.obj
 0002:00000a20       ??_C@_0BL@CNOONJFP@?$GAplacement?5delete?5closure?8@ 10019a20     libvcruntime:undname.obj
 0002:00000a3c       ??_C@_0BN@CKNJLHMB@?$GAplacement?5delete?$FL?$FN?5closure?8@ 10019a3c     libvcruntime:undname.obj
 0002:00000a5c       ??_C@_0CG@CFDHKGGD@?$GAmanaged?5vector?5constructor?5ite@ 10019a5c     libvcruntime:undname.obj
 0002:00000a84       ??_C@_0CF@IMGKMJNO@?$GAmanaged?5vector?5destructor?5iter@ 10019a84     libvcruntime:undname.obj
 0002:00000aac       ??_C@_0CG@HLDDJMAG@?$GAeh?5vector?5copy?5constructor?5ite@ 10019aac     libvcruntime:undname.obj
 0002:00000ad4       ??_C@_0CM@FCBBDIGB@?$GAeh?5vector?5vbase?5copy?5construct@ 10019ad4     libvcruntime:undname.obj
 0002:00000b00       ??_C@_0BL@CLIPGLGB@?$GAdynamic?5initializer?5for?5?8@ 10019b00     libvcruntime:undname.obj
 0002:00000b1c       ??_C@_0CB@PDBIFEP@?$GAdynamic?5atexit?5destructor?5for?5@ 10019b1c     libvcruntime:undname.obj
 0002:00000b40       ??_C@_0CD@CGAJBKEJ@?$GAvector?5copy?5constructor?5iterat@ 10019b40     libvcruntime:undname.obj
 0002:00000b64       ??_C@_0CJ@GJELGAMM@?$GAvector?5vbase?5copy?5constructor?5@ 10019b64     libvcruntime:undname.obj
 0002:00000b90       ??_C@_0CL@FGIJHLCE@?$GAmanaged?5vector?5copy?5constructo@ 10019b90     libvcruntime:undname.obj
 0002:00000bbc       ??_C@_0BM@PMGGMLDN@?$GAlocal?5static?5thread?5guard?8@ 10019bbc     libvcruntime:undname.obj
[...]
 0002:00006d48       __sehtable$__query_new_handler 1001fd48     libucrt:new_handler.obj
 0002:00006d68       __sehtable$??R<lambda_6e4b09c48022b2350581041d5f6b0c4c>@@QBE@XZ 1001fd68     libucrt:exit.obj
 0002:00006d88       __sehtable$??$?RV<lambda_03b1d95aef87969028cfba75ccab2455>@@AAV<lambda_6e4b09c48022b2350581041d5f6b0c4c>@@V<lambda_22bdf7517842c4b3e53723af5aa32b9e>@@@?$__crt_seh_guarded_call@X@@QAEX$$QAV<lambda_03b1d95aef87969028cfba75ccab2455>@@AAV<lambda_6e4b09c48022b2350581041d5f6b0c4c>@@$$QAV<lambda_22bdf7517842c4b3e53723af5aa32b9e>@@@Z 1001fd88     libucrt:exit.obj
 0002:00006da8       __sehtable$??$?RV<lambda_8e746cf0007f6ed984d6f78af1fec997>@@AAV<lambda_22ebabd17bc4fa466a2aca6d8deb888d>@@V<lambda_18ed0c0b38a6dc0daf1e7ac6d6adf05e>@@@?$__crt_seh_guarded_call@H@@QAEH$$QAV<lambda_8e746cf0007f6ed984d6f78af1fec997>@@AAV<lambda_22ebabd17bc4fa466a2aca6d8deb888d>@@$$QAV<lambda_18ed0c0b38a6dc0daf1e7ac6d6adf05e>@@@Z 1001fda8     libucrt:onexit.obj
 0002:00006dc8       __sehtable$??$?RV<lambda_69a2805e680e0e292e8ba93315fe43a8>@@AAV<lambda_f03950bc5685219e0bcd2087efbe011e>@@V<lambda_03fcd07e894ec930e3f35da366ca99d6>@@@?$__crt_seh_guarded_call@H@@QAEH$$QAV<lambda_69a2805e680e0e292e8ba93315fe43a8>@@AAV<lambda_f03950bc5685219e0bcd2087efbe011e>@@$$QAV<lambda_03fcd07e894ec930e3f35da366ca99d6>@@@Z 1001fdc8     libucrt:onexit.obj
 0002:00006de8       __sehtable$_terminate      1001fde8     libucrt:terminate.obj
 0002:00006e08       __sehtable$??$?RV<lambda_15ade71b0218206bbe3333a0c9b79046>@@AAV<lambda_da44e0f8b0f19ba52fefafb335991732>@@V<lambda_207f2d024fc103971653565357d6cd41>@@@?$__crt_seh_guarded_call@X@@QAEX$$QAV<lambda_15ade71b0218206bbe3333a0c9b79046>@@AAV<lambda_da44e0f8b0f19ba52fefafb335991732>@@$$QAV<lambda_207f2d024fc103971653565357d6cd41>@@@Z 1001fe08     libucrt:per_thread_data.obj
 0002:00006e28       __sehtable$??$?RV<lambda_a7e850c220f1c8d1e6efeecdedd162c6>@@AAV<lambda_46720907175c18b6c9d2717bc0d2d362>@@V<lambda_9048902d66e8d99359bc9897bbb930a8>@@@?$__crt_seh_guarded_call@X@@QAEX$$QAV<lambda_a7e850c220f1c8d1e6efeecdedd162c6>@@AAV<lambda_46720907175c18b6c9d2717bc0d2d362>@@$$QAV<lambda_9048902d66e8d99359bc9897bbb930a8>@@@Z 1001fe28     libucrt:per_thread_data.obj
 0002:00006e48       __sehtable$??$?RV<lambda_38edbb1296d33220d7e4dd0ed76b244a>@@AAV<lambda_5ce1d447e08cb34b2473517608e21441>@@V<lambda_fb385d3da700c9147fc39e65dd577a8c>@@@?$__crt_seh_guarded_call@X@@QAEX$$QAV<lambda_38edbb1296d33220d7e4dd0ed76b244a>@@AAV<lambda_5ce1d447e08cb34b2473517608e21441>@@$$QAV<lambda_fb385d3da700c9147fc39e65dd577a8c>@@@Z 1001fe48     libucrt:per_thread_data.obj
 0002:00006e68       __sehtable$??$?RV<lambda_6affb1475c98b40b75cdec977db92e3c>@@AAV<lambda_b8d4b9c228a6ecc3f80208dbb4b4a104>@@V<lambda_608742c3c92a14382c1684fc64f96c88>@@@?$__crt_seh_guarded_call@X@@QAEX$$QAV<lambda_6affb1475c98b40b75cdec977db92e3c>@@AAV<lambda_b8d4b9c228a6ecc3f80208dbb4b4a104>@@$$QAV<lambda_608742c3c92a14382c1684fc64f96c88>@@@Z 1001fe68     libucrt:per_thread_data.obj
 0002:00006e88       __sehtable$?update_thread_multibyte_data_internal@@YAPAU__crt_multibyte_data@@QAU__acrt_ptd@@QAPAU1@@Z 1001fe88     libucrt:mbctype.obj
 0002:00006ea8       __sehtable$??$?RV<lambda_ceb1ee4838e85a9d631eb091e2fbe199>@@AAV<lambda_ae742caa10f662c28703da3d2ea5e57e>@@V<lambda_cd08b5d6af4937fe54fc07d0c9bf6b37>@@@?$__crt_seh_guarded_call@X@@QAEX$$QAV<lambda_ceb1ee4838e85a9d631eb091e2fbe199>@@AAV<lambda_ae742caa10f662c28703da3d2ea5e57e>@@$$QAV<lambda_cd08b5d6af4937fe54fc07d0c9bf6b37>@@@Z 1001fea8     libucrt:mbctype.obj
 0002:00006ec8       __sehtable$___acrt_initialize_lowio 1001fec8     libucrt:ioinit.obj
 0002:00006ee8       __sehtable$_raise          1001fee8     libucrt:signal.obj
 0002:00006f08       __sehtable$??$?RV<lambda_cbab9ec6f41b0180b23cc171c22676b0>@@AAV<lambda_44731a7d0e6d81c3e6aa82d741081786>@@V<lambda_4b292cb8dd18144e164572427af410ab>@@@?$__crt_seh_guarded_call@P6AXH@Z@@QAEP6AXH@Z$$QAV<lambda_cbab9ec6f41b0180b23cc171c22676b0>@@AAV<lambda_44731a7d0e6d81c3e6aa82d741081786>@@$$QAV<lambda_4b292cb8dd18144e164572427af410ab>@@@Z 1001ff08     libucrt:signal.obj
 0002:00006f28       __sehtable$??$?RV<lambda_2866be3712abc81a800a822484c830d8>@@AAV<lambda_39ca0ed439415581b5b15c265174cece>@@V<lambda_2b24c74d71094a6cd0cb82e44167d71b>@@@?$__crt_seh_guarded_call@X@@QAEX$$QAV<lambda_2866be3712abc81a800a822484c830d8>@@AAV<lambda_39ca0ed439415581b5b15c265174cece>@@$$QAV<lambda_2b24c74d71094a6cd0cb82e44167d71b>@@@Z 1001ff28     libucrt:fflush.obj
 0002:00006f48       __sehtable$??$?RV<lambda_2cc53f568c5a2bb6f192f930a45d44ea>@@AAV<lambda_ab61a845afdef5b7c387490eaf3616ee>@@V<lambda_c2ffc0b7726aa6be21d5f0026187e748>@@@?$__crt_seh_guarded_call@X@@QAEX$$QAV<lambda_2cc53f568c5a2bb6f192f930a45d44ea>@@AAV<lambda_ab61a845afdef5b7c387490eaf3616ee>@@$$QAV<lambda_c2ffc0b7726aa6be21d5f0026187e748>@@@Z 1001ff48     libucrt:fflush.obj
 0002:00006f68       __sehtable$??$?RV<lambda_e5124f882df8998aaf41531e079ba474>@@AAV<lambda_3e16ef9562a7dcce91392c22ab16ea36>@@V<lambda_e25ca0880e6ef98be67edffd8c599615>@@@?$__crt_seh_guarded_call@X@@QAEX$$QAV<lambda_e5124f882df8998aaf41531e079ba474>@@AAV<lambda_3e16ef9562a7dcce91392c22ab16ea36>@@$$QAV<lambda_e25ca0880e6ef98be67edffd8c599615>@@@Z 1001ff68     libucrt:wsetlocale.obj
 0002:00006f88       __sehtable$___acrt_update_thread_locale_data 1001ff88     libucrt:locale_refcounting.obj
 0002:00006fa8       __sehtable$___acrt_lowio_ensure_fh_exists 1001ffa8     libucrt:osfinfo.obj
 0002:00006fc8       __sehtable$??$?RV<lambda_9e9de3de5fa147e2223d7db92bc10aa6>@@AAV<lambda_38ce7e780aa69e748d6df282ebc68efe>@@V<lambda_8ca6da459f0f6780f1cff60fdc3d00e5>@@@?$__crt_seh_guarded_call@H@@QAEH$$QAV<lambda_9e9de3de5fa147e2223d7db92bc10aa6>@@AAV<lambda_38ce7e780aa69e748d6df282ebc68efe>@@$$QAV<lambda_8ca6da459f0f6780f1cff60fdc3d00e5>@@@Z 1001ffc8     libucrt:commit.obj
 0002:00006fe8       __sehtable$__write         1001ffe8     libucrt:write.obj
 0002:00007008       __sehtable$__fcloseall     10020008     libucrt:closeall.obj
 0002:00007028       __sehtable$_fclose         10020028     libucrt:fclose.obj
 0002:00007048       __sehtable$??$?RV<lambda_218ce3db14220d0be481dae8ef3383b6>@@AAV<lambda_628dfdc04ba53c8bfc02c9951375f3f5>@@V<lambda_57dc472bd5c9d5f3b2cbca59b8a843ae>@@@?$__crt_seh_guarded_call@H@@QAEH$$QAV<lambda_218ce3db14220d0be481dae8ef3383b6>@@AAV<lambda_628dfdc04ba53c8bfc02c9951375f3f5>@@$$QAV<lambda_57dc472bd5c9d5f3b2cbca59b8a843ae>@@@Z 10020048     libucrt:close.obj
 0002:00007068       __sehtable$__IsNonwritableInCurrentImage 10020068     LIBCMT:pesect.obj
 0002:00007100       .edata                     10020100     Network.exp
 0002:00007128       rgpv                       10020128     Network.exp
 0002:00007160       rgszName                   10020160     Network.exp
 0002:00007198       rgwOrd                     10020198     Network.exp
 0002:000071b4       szName                     100201b4     Network.exp
 0002:000071c0       $N00001                    100201c0     Network.exp
 0002:000071cc       $N00002                    100201cc     Network.exp
 0002:000071d7       $N00003                    100201d7     Network.exp
 0002:000071e4       $N00004                    100201e4     Network.exp
 0002:000071ed       $N00005                    100201ed     Network.exp
 0002:000071fb       $N00006                    100201fb     Network.exp
 0002:00007208       $N00007                    10020208     Network.exp
 0002:00007217       $N00008                    10020217     Network.exp
 0002:00007229       $N00009                    10020229     Network.exp
 0002:00007238       $N00010                    10020238     Network.exp
 0002:0000723e       $N00011                    1002023e     Network.exp
 0002:00007251       $N00012                    10020251     Network.exp
 0002:00007264       $N00013                    10020264     Network.exp
 0002:00007272       $N00014                    10020272     Network.exp
 0002:000076ba       .idata$6                   100206ba     kernel32:KERNEL32.dll
 0002:000076e6       .idata$6                   100206e6     advapi32:ADVAPI32.dll
 0002:00007714       .idata$6                   10020714     user32:USER32.dll
 0002:00007744       .idata$6                   10020744     netapi32:NETAPI32.dll
 0002:000077ee       .idata$6                   100207ee     mpr:MPR.dll
 0003:00000010       ?__vcrt_flsindex@@3KA      10021010     libvcruntime:per_thread_data.obj
 0003:00000040       ?__acrt_flsindex@@3KA      10021040     libucrt:per_thread_data.obj
 0003:00000044       ?errno_no_memory@@3HA      10021044     libucrt:errno.obj
 0003:00000048       ?doserrno_no_memory@@3KA   10021048     libucrt:errno.obj
 0003:00000270       __mbctypes                 10021270     libucrt:mbctype.obj
 0003:00000378       __mbcasemaps               10021378     libucrt:mbctype.obj
 0003:00000478       ?__rgctypeflag@@3PADA      10021478     libucrt:mbctype.obj
 0003:00000480       ?__rgcode_page_info@@3PAUcode_page_info@@A 10021480     libucrt:mbctype.obj
 0003:00000840       ?__dcrt_lowio_console_output_handle@@3PAXA 10021840     libucrt:initcon.obj
 0003:00000864       ?kbt@?BE@??GetOpenPanelInfo@NetBrowser@@QAEXPAUOpenPanelInfo@@@Z@4UKeyBarTitles@@A 10021864     NetClass.obj
 0003:0000086c       ?kbt@?BN@??GetOpenPanelInfo@NetBrowser@@QAEXPAUOpenPanelInfo@@@Z@4UKeyBarTitles@@A 1002186c     NetClass.obj
 0003:00000880       ?szFavProv@@3PA_WA         10021880     NetFavorites.obj
 0003:00000ab0       _GS_ExceptionRecord        10021ab0     LIBCMT:gs_report.obj
 0003:00000b00       _GS_ContextRecord          10021b00     LIBCMT:gs_report.obj
 0003:00000dd4       ?is_initialized_as_dll@@3_NA 10021dd4     LIBCMT:utility.obj
 0003:00000dd5       ?module_local_atexit_table_initialized@@3_NA 10021dd5     LIBCMT:utility.obj
 0003:00000dd8       ?module_local_atexit_table@@3U_onexit_table_t@@A 10021dd8     LIBCMT:utility.obj
 0003:00000de4       ?module_local_at_quick_exit_table@@3U_onexit_table_t@@A 10021de4     LIBCMT:utility.obj
 0003:00000df0       ?__proc_attached@@3HA      10021df0     LIBCMT:dll_dllmain.obj
 0003:00000e24       ?__vcrt_startup_thread_ptd@@3U__vcrt_ptd@@A 10021e24     libvcruntime:per_thread_data.obj
 0003:00000e50       ___vcrt_lock_table         10021e50     libvcruntime:locks.obj
 0003:00000e68       ___vcrt_locks_initialized  10021e68     libvcruntime:locks.obj
 0003:00000e94       ?heap@@3V_HeapManager@@A   10021e94     libvcruntime:undname.obj
 0003:00000ea8       ?module_handles@@3PAPAUHINSTANCE__@@A 10021ea8     libvcruntime:winapi_downlevel.obj
 0003:00000eb4       ?function_pointers@@3PAPAXA 10021eb4     libvcruntime:winapi_downlevel.obj
 0003:00000ec8       ?__acrt_invalid_parameter_handler@@3V?$dual_state_global@P6AXPB_W00II@Z@__crt_state_management@@A 10021ec8     libucrt:invalid_parameter.obj
 0003:00000ecc       ?__acrt_new_handler@@3V?$dual_state_global@P6AHI@Z@__crt_state_management@@A 10021ecc     libucrt:new_handler.obj
 0003:00000ed0       ?c_termination_complete@@3JA 10021ed0     libucrt:exit.obj
 0003:00000ed4       ?thread_local_exit_callback_func@@3P6GXPAXK0@ZA 10021ed4     libucrt:exit.obj
 0003:00000ee0       ?program_name@?1???$common_configure_argv@D@@YAHW4_crt_argv_mode@@@Z@4PADA 10021ee0     libucrt:argv_parsing.obj
 0003:00001010       ?__acrt_lock_table@@3PAU_RTL_CRITICAL_SECTION@@A 10022010     libucrt:locks.obj
 0003:00001160       ?__acrt_locks_initialized@@3IA 10022160     libucrt:locks.obj
 0003:00001170       ?fSystemSet@@3HA           10022170     libucrt:mbctype.obj
 0003:00001174       ?initialized@?1??__acrt_initialize_multibyte@@9@4_NA 10022174     libucrt:mbctype.obj
 0003:00001190       ?module_handles@@3PAPAUHINSTANCE__@@A 10022190     libucrt:winapi_thunks.obj
 0003:000011e0       ?encoded_function_pointers@@3PAPAXA 100221e0     libucrt:winapi_thunks.obj
 0003:00001474       ?ctrlc_action@@3V?$dual_state_global@P6AXH@Z@__crt_state_management@@A 10022474     libucrt:signal.obj
 0003:00001478       ?ctrlbreak_action@@3V?$dual_state_global@P6AXH@Z@__crt_state_management@@A 10022478     libucrt:signal.obj
 0003:0000147c       ?abort_action@@3V?$dual_state_global@P6AXH@Z@__crt_state_management@@A 1002247c     libucrt:signal.obj
 0003:00001480       ?term_action@@3V?$dual_state_global@P6AXH@Z@__crt_state_management@@A 10022480     libucrt:signal.obj
 0003:00001484       ?user_matherr@@3V?$dual_state_global@P6AHPAU_exception@@@Z@__crt_state_management@@A 10022484     libucrt:matherr.obj
 0003:0000149c       ?internal_state@?1??_mbtowc_l@@9@4U_Mbstatet@@A 1002249c     libucrt:mbtowc.obj
 0003:000014a8       ?__acrt_global_new_mode@@3V?$dual_state_global@J@__crt_state_management@@A 100224a8     libucrt:new_mode.obj
 0003:000014b4       ?__acrt_app_type@@3W4_crt_app_type@@A 100224b4     libucrt:report_runtime_error.obj
 0003:000014b8       ?internal_pst@?1??__mbrtoc32_utf8@__crt_mbstring@@YAIPA_UPBDIPAU_Mbstatet@@@Z@4U3@A 100224b8     libucrt:mbrtoc32.obj
 0003:000014c4       __pmatherr_set             100224c4     libucrt:libm_error.obj
 0003:00001650       ?kbl@?BN@??GetOpenPanelInfo@NetBrowser@@QAEXPAUOpenPanelInfo@@@Z@4PAUKeyBarLabel@@A 10022650     NetClass.obj
 0003:00001790       ?kbl@?BE@??GetOpenPanelInfo@NetBrowser@@QAEXPAUOpenPanelInfo@@@Z@4PAUKeyBarLabel@@A 10022790     NetClass.obj
 0003:000018c8       ?DiskMenuStrings@?4??GetPluginInfoW@@9@4@4PAPB_WA 100228c8     Network.obj
 0003:000018cc       ?PluginMenuStrings@?1??GetPluginInfoW@@9@4@4PAPB_WA 100228cc     Network.obj
 0003:000018d0       ?PanelModesArray@?1??GetOpenPanelInfo@NetBrowser@@QAEXPAUOpenPanelInfo@@@Z@4PAUPanelMode@@A 100228d0     NetClass.obj
 0003:00001a10       ?ColumnTitles@?1??GetOpenPanelInfo@NetBrowser@@QAEXPAUOpenPanelInfo@@@Z@4PAPB_WA 10022a10     NetClass.obj
 0003:00001a20       ?LastName@?1??GetNameAndPassword@NetBrowser@@CA_NPAUNameAndPassInfo@@@Z@4PA_WA 10022a20     NetClass.obj
 0003:00001c20       ?Title@?1??GetOpenPanelInfo@NetBrowser@@QAEXPAUOpenPanelInfo@@@Z@4PA_WA 10022c20     NetClass.obj
 0003:00001e28       ?CurDir@?8??GetOpenPanelInfo@NetBrowser@@QAEXPAUOpenPanelInfo@@@Z@4PA_WA 10022e28     NetClass.obj
 0003:00002030       ?LastPassword@?1??GetNameAndPassword@NetBrowser@@CA_NPAUNameAndPassInfo@@@Z@4PA_WA 10023030     NetClass.obj
 0003:00002230       ?FunctionPointer@?1??Wrapper_CompareStringEx@@9@36@4Q6GHPB_WK0H0HPAU_nlsversioninfo@@PAXJ@ZA 10023230     vc_crt_fix_impl.obj
 0003:00002234       ?FunctionPointer@?1??Wrapper_InitializeSListHead@@9@4@4Q6GXPAT_SLIST_HEADER@@@ZA 10023234     vc_crt_fix_impl.obj
 0003:00002238       ?FunctionPointer@?1??Wrapper_QueryDepthSList@@9@4@4Q6GGPAT_SLIST_HEADER@@@ZA 10023238     vc_crt_fix_impl.obj
 0003:0000223c       ?$S9@?1??Wrapper_InterlockedPushEntrySList@@9@8@4IA 1002323c     vc_crt_fix_impl.obj
 0003:00002240       ?$S11@?1??Wrapper_RtlFirstEntrySList@@9@4@4IA 10023240     vc_crt_fix_impl.obj
 0003:00002244       ?FunctionPointer@?1??Wrapper_WakeAllConditionVariable@@9@4@4Q6GXPAU_RTL_CONDITION_VARIABLE@@@ZA 10023244     vc_crt_fix_impl.obj
 0003:00002248       ?$S21@?1??Wrapper_AcquireSRWLockExclusive@@9@4@4IA 10023248     vc_crt_fix_impl.obj
 0003:0000224c       ?$S8@?1??Wrapper_InterlockedPopEntrySList@@9@4@4IA 1002324c     vc_crt_fix_impl.obj
 0003:00002250       ?$S4@?1??Wrapper_GetModuleHandleExW@@9@12@4IA 10023250     vc_crt_fix_impl.obj
 0003:00002254       ?Cookie@?1??XorPointer@@YAPAXPAX@Z@4IB 10023254     vc_crt_fix_impl.obj
 0003:00002258       ?FunctionPointer@?1??Wrapper_GetLogicalProcessorInformation@@9@8@4Q6GHPAU_SYSTEM_LOGICAL_PROCESSOR_INFORMATION@@PAK@ZA 10023258     vc_crt_fix_impl.obj
 0003:0000225c       ?$S1@?1??XorPointer@@YAPAXPAX@Z@4IA 1002325c     vc_crt_fix_impl.obj
 0003:00002260       ?$S19@?1??Wrapper_SleepConditionVariableSRW@@9@16@4IA 10023260     vc_crt_fix_impl.obj
 0003:00002264       ?FunctionPointer@?1??Wrapper_SleepConditionVariableSRW@@9@16@4Q6GHPAU_RTL_CONDITION_VARIABLE@@PAU_RTL_SRWLOCK@@KK@ZA 10023264     vc_crt_fix_impl.obj
 0003:00002268       ?$S13@?1??Wrapper_GetNumaHighestNodeNumber@@9@4@4IA 10023268     vc_crt_fix_impl.obj
 0003:0000226c       ?$S10@?1??Wrapper_InterlockedPushListSListEx@@9@16@4IA 1002326c     vc_crt_fix_impl.obj
 0003:00002270       ?FunctionPointer@?1??Wrapper_GetModuleHandleExW@@9@12@4Q6GHKPB_WPAPAUHINSTANCE__@@@ZA 10023270     vc_crt_fix_impl.obj
 0003:00002274       ?Deleter@?1??InitializeSListHead@implementation@slist@@YGXPAT_SLIST_HEADER@@@Z@4Vservice_deleter@23@A 10023274     vc_crt_fix_impl.obj
 0003:00002294       ?$S15@?1??Wrapper_SetThreadStackGuarantee@@9@4@4IA 10023294     vc_crt_fix_impl.obj
 0003:00002298       ?$S7@?1??Wrapper_InterlockedFlushSList@@9@4@4IA 10023298     vc_crt_fix_impl.obj
 0003:0000229c       ?FunctionPointer@?1??Wrapper_DecodePointer@@9@4@4Q6GPAXPAX@ZA 1002329c     vc_crt_fix_impl.obj
 0003:000022a0       ?$S16@?1??Wrapper_InitializeCriticalSectionEx@@9@12@4IA 100232a0     vc_crt_fix_impl.obj
 0003:000022a4       ?$S18@?1??Wrapper_LCMapStringEx@@9@36@4IA 100232a4     vc_crt_fix_impl.obj
 0003:000022a8       ?$S12@?1??Wrapper_QueryDepthSList@@9@4@4IA 100232a8     vc_crt_fix_impl.obj
 0003:000022ac       ?FunctionPointer@?1??Wrapper_SetThreadStackGuarantee@@9@4@4Q6GHPAK@ZA 100232ac     vc_crt_fix_impl.obj
 0003:000022b0       ?FunctionPointer@?1??Wrapper_RtlFirstEntrySList@@9@4@4Q6GPAU_SINGLE_LIST_ENTRY@@PAT_SLIST_HEADER@@@ZA 100232b0     vc_crt_fix_impl.obj
 0003:000022b4       ?$S5@?1??InitializeSListHead@implementation@slist@@YGXPAT_SLIST_HEADER@@@Z@4IA 100232b4     vc_crt_fix_impl.obj
 0003:000022b8       ?$S3@?1??Wrapper_DecodePointer@@9@4@4IA 100232b8     vc_crt_fix_impl.obj
 0003:000022bc       ?FunctionPointer@?1??Wrapper_InterlockedFlushSList@@9@4@4Q6GPAU_SINGLE_LIST_ENTRY@@PAT_SLIST_HEADER@@@ZA 100232bc     vc_crt_fix_impl.obj
 0003:000022c0       ?FunctionPointer@?1??Wrapper_InterlockedPopEntrySList@@9@4@4Q6GPAU_SINGLE_LIST_ENTRY@@PAT_SLIST_HEADER@@@ZA 100232c0     vc_crt_fix_impl.obj
 0003:000022c4       ?FunctionPointer@?1??Wrapper_InterlockedPushEntrySList@@9@8@4Q6GPAU_SINGLE_LIST_ENTRY@@PAT_SLIST_HEADER@@PAU2@@ZA 100232c4     vc_crt_fix_impl.obj
 0003:000022c8       ?$S2@?1??Wrapper_EncodePointer@@9@4@4IA 100232c8     vc_crt_fix_impl.obj
 0003:000022cc       ?$S22@?1??Wrapper_ReleaseSRWLockExclusive@@9@4@4IA 100232cc     vc_crt_fix_impl.obj
 0003:000022d0       ?Ptr@?1???R<lambda_1>@?1??XorPointer@@YAPAXPAX@Z@QBE@XZ@4PAXA 100232d0     vc_crt_fix_impl.obj
 0003:000022d4       ?FunctionPointer@?1??Wrapper_InterlockedPushListSListEx@@9@16@4Q6GPAU_SINGLE_LIST_ENTRY@@PAT_SLIST_HEADER@@PAU2@1K@ZA 100232d4     vc_crt_fix_impl.obj
 0003:000022d8       ?$S17@?1??Wrapper_CompareStringEx@@9@36@4IA 100232d8     vc_crt_fix_impl.obj
 0003:000022dc       ?$S6@?1??Wrapper_InitializeSListHead@@9@4@4IA 100232dc     vc_crt_fix_impl.obj
 0003:000022e0       ?FunctionPointer@?1??Wrapper_EncodePointer@@9@4@4Q6GPAXPAX@ZA 100232e0     vc_crt_fix_impl.obj
 0003:000022e4       ?FunctionPointer@?1??Wrapper_InitializeCriticalSectionEx@@9@12@4Q6GHPAU_RTL_CRITICAL_SECTION@@KK@ZA 100232e4     vc_crt_fix_impl.obj
 0003:000022e8       ?FunctionPointer@?1??Wrapper_ReleaseSRWLockExclusive@@9@4@4Q6GXPAU_RTL_SRWLOCK@@@ZA 100232e8     vc_crt_fix_impl.obj
 0003:000022ec       ?$S20@?1??Wrapper_WakeAllConditionVariable@@9@4@4IA 100232ec     vc_crt_fix_impl.obj
 0003:000022f0       ?FunctionPointer@?1??Wrapper_LCMapStringEx@@9@36@4Q6GHPB_WK0HPA_WHPAU_nlsversioninfo@@PAXJ@ZA 100232f0     vc_crt_fix_impl.obj
 0003:000022f4       ?FunctionPointer@?1??Wrapper_GetNumaHighestNodeNumber@@9@4@4Q6GHPAK@ZA 100232f4     vc_crt_fix_impl.obj
 0003:000022f8       ?FunctionPointer@?1??Wrapper_AcquireSRWLockExclusive@@9@4@4Q6GXPAU_RTL_SRWLOCK@@@ZA 100232f8     vc_crt_fix_impl.obj
 0003:000022fc       ?$S14@?1??Wrapper_GetLogicalProcessorInformation@@9@8@4IA 100232fc     vc_crt_fix_impl.obj
 0004:00000060       $R000000                   10024060     Network.res
