 AutoWrap

 Timestamp is 657a565e (Thu Dec 14 01:11:58 2023)

 Preferred load address is 10000000

 Start         Length     Name                   Class
 0001:00000000 0000dd50H .text$mn                CODE
 0001:0000dd50 00000080H .text$x                 CODE
 0001:0000ddd0 0000003dH .text$yd                CODE
 0002:00000000 00000114H .idata$5                DATA
 0002:00000114 00000004H .00cfg                  DATA
 0002:00000118 00000004H .CRT$XCA                DATA
 0002:0000011c 00000004H .CRT$XCZ                DATA
 0002:00000120 00000004H .CRT$XIA                DATA
 0002:00000124 0000000cH .CRT$XIC                DATA
 0002:00000130 00000004H .CRT$XIZ                DATA
 0002:00000134 00000004H .CRT$XPA                DATA
 0002:00000138 00000008H .CRT$XPX                DATA
 0002:00000140 00000004H .CRT$XPXA               DATA
 0002:00000144 00000004H .CRT$XPZ                DATA
 0002:00000148 00000004H .CRT$XTA                DATA
 0002:0000014c 00000004H .CRT$XTZ                DATA
 0002:00000150 00000000H .gfids$y                DATA
 0002:00000150 000052b0H .rdata                  DATA
 0002:00005400 00000000H .rdata$CastGuardVftablesA DATA
 0002:00005400 00000000H .rdata$CastGuardVftablesC DATA
 0002:00005400 0000032cH .rdata$r                DATA
 0002:0000572c 0000001cH .rdata$sxdata           DATA
 0002:00005748 00000030H .rdata$voltmd           DATA
 0002:00005778 00000314H .rdata$zzzdbg           DATA
 0002:00005a8c 00000004H .rtc$IAA                DATA
 0002:00005a90 00000004H .rtc$IZZ                DATA
 0002:00005a94 00000004H .rtc$TAA                DATA
 0002:00005a98 00000008H .rtc$TZZ                DATA
 0002:00005aa0 00000650H .xdata$x                DATA
 0002:000060f0 000000b0H .edata                  DATA
 0002:000061a0 00000014H .idata$2                DATA
 0002:000061b4 00000014H .idata$3                DATA
 0002:000061c8 00000114H .idata$4                DATA
 0002:000062dc 000004e6H .idata$6                DATA
 0003:00000000 00000860H .data                   DATA
 0003:00000860 000000c0H .data$r                 DATA
 0003:00000920 000000b0H .data$rs                DATA
 0003:000009d0 0000146cH .bss                    DATA
 0004:00000000 00000060H .rsrc$01                DATA
 0004:00000060 00000338H .rsrc$02                DATA

  Address         Publics by Value              Rva+Base       Lib:Object

 0000:00000000       ___guard_eh_cont_table     00000000     <absolute>
 0000:00000000       ___guard_fids_count        00000000     <absolute>
 0000:00000000       __except_list              00000000     <absolute>
 0000:00000000       ___arm64x_native_entrypoint 00000000     <absolute>
 0000:00000000       ___x64_code_ranges_to_entry_points_count 00000000     <absolute>
 0000:00000000       ___guard_longjmp_table     00000000     <absolute>
 0000:00000000       ___arm64x_extra_rfe_table  00000000     <absolute>
 0000:00000000       ___arm64x_redirection_metadata 00000000     <absolute>
 0000:00000000       ___guard_eh_cont_count     00000000     <absolute>
 0000:00000000       ___guard_iat_table         00000000     <absolute>
 0000:00000000       ___hybrid_code_map_count   00000000     <absolute>
 0000:00000000       ___x64_code_ranges_to_entry_points 00000000     <absolute>
 0000:00000000       ___guard_iat_count         00000000     <absolute>
 0000:00000000       ___hybrid_code_map         00000000     <absolute>
 0000:00000000       ___guard_longjmp_count     00000000     <absolute>
 0000:00000000       ___arm64x_extra_rfe_table_size 00000000     <absolute>
 0000:00000000       ___guard_check_icall_a64n_fptr 00000000     <absolute>
 0000:00000000       ___arm64x_redirection_metadata_count 00000000     <absolute>
 0000:00000000       ___hybrid_auxiliary_iat    00000000     <absolute>
 0000:00000000       ___dynamic_value_reloc_table 00000000     <absolute>
 0000:00000000       ___enclave_config          00000000     <absolute>
 0000:00000000       ___AbsoluteZero            00000000     <absolute>
 0000:00000000       ___guard_fids_table        00000000     <absolute>
 0000:00000000       ___hybrid_auxiliary_iat_copy 00000000     <absolute>
 0000:00000007       ___safe_se_handler_count   00000007     <absolute>
 0000:00000100       ___guard_flags             00000100     <absolute>
 0000:00000000       ___ImageBase               10000000     <linker-defined>
 0001:00000000       ??0exception@std@@QAE@ABV01@@Z 10001000 f i AutoWrap.obj
 0001:00000030       ?what@exception@std@@UBEPBDXZ 10001030 f i AutoWrap.obj
 0001:00000040       ??_Gbad_alloc@std@@UAEPAXI@Z 10001040 f i AutoWrap.obj
 0001:00000040       ??_Ebad_alloc@std@@UAEPAXI@Z 10001040 f i * CIL library *:* CIL module *
 0001:00000040       ??_Eexception@std@@UAEPAXI@Z 10001040 f i * CIL library *:* CIL module *
 0001:00000040       ??_Gbad_array_new_length@std@@UAEPAXI@Z 10001040 f i AutoWrap.obj
 0001:00000040       ??_Gexception@std@@UAEPAXI@Z 10001040 f i AutoWrap.obj
 0001:00000040       ??_Ebad_array_new_length@std@@UAEPAXI@Z 10001040 f i * CIL library *:* CIL module *
 0001:00000070       ??1length_error@std@@UAE@XZ 10001070 f i libcpmt:xthrow.obj
 0001:00000070       ??1bad_exception@std@@UAE@XZ 10001070 f i libvcruntime:frame.obj
 0001:00000070       ??1bad_array_new_length@std@@UAE@XZ 10001070 f i AutoWrap.obj
 0001:00000070       ??1bad_alloc@std@@UAE@XZ   10001070 f i AutoWrap.obj
 0001:00000090       ??0bad_array_new_length@std@@QAE@XZ 10001090 f i AutoWrap.obj
 0001:000000b0       ?_Throw_bad_array_new_length@std@@YAXXZ 100010b0 f i AutoWrap.obj
 0001:000000b0       ?__scrt_throw_std_bad_array_new_length@@YAXXZ 100010b0 f i LIBCMT:throw_bad_alloc.obj
 0001:000000d0       ??0bad_array_new_length@std@@QAE@ABV01@@Z 100010d0 f i AutoWrap.obj
 0001:00000110       ??0bad_alloc@std@@QAE@ABV01@@Z 10001110 f i AutoWrap.obj
 0001:00000150       ?_Xlen_string@std@@YAXXZ   10001150 f i AutoWrap.obj
 0001:00000160       ?SaveValue@PluginCheckBoxBinding@@UAEXPBUFarDialogItem@@H@Z 10001160 f i AutoWrap.obj
 0001:000001b0       ??_EPluginCheckBoxBinding@@UAEPAXI@Z 100011b0 f i * CIL library *:* CIL module *
 0001:000001b0       ??_GPluginCheckBoxBinding@@UAEPAXI@Z 100011b0 f i AutoWrap.obj
 0001:000001b0       ??_GPluginEditFieldBinding@@UAEPAXI@Z 100011b0 f i AutoWrap.obj
 0001:000001b0       ??_EPluginEditFieldBinding@@UAEPAXI@Z 100011b0 f i * CIL library *:* CIL module *
 0001:000001d0       ?SaveValue@PluginEditFieldBinding@@UAEXPBUFarDialogItem@@H@Z 100011d0 f i AutoWrap.obj
 0001:00000230       ?SaveValue@PluginIntEditFieldBinding@@UAEXPBUFarDialogItem@@H@Z 10001230 f i AutoWrap.obj
 0001:00000260       ??_EPluginIntEditFieldBinding@@UAEPAXI@Z 10001260 f i * CIL library *:* CIL module *
 0001:00000260       ??_GPluginIntEditFieldBinding@@UAEPAXI@Z 10001260 f i AutoWrap.obj
 0001:00000290       ??0PluginDialogBuilder@@QAE@ABUPluginStartupInfo@@ABU_GUID@@1HPB_WP6GHPAXHH3@Z3_K@Z 10001290 f i AutoWrap.obj
 0001:000004a0       ?AddEditField@PluginDialogBuilder@@QAEPAUFarDialogItem@@PA_WHHPB_W_N@Z 100014a0 f i AutoWrap.obj
 0001:00000540       ?AddButtons@PluginDialogBuilder@@QAEXHPBHHH@Z 10001540 f i AutoWrap.obj
 0001:00000760       ?ShowDialogEx@PluginDialogBuilder@@QAEHXZ 10001760 f i AutoWrap.obj
 0001:000009c0       ?AddDialogItem@PluginDialogBuilder@@AAEPAUFarDialogItem@@W4FARDIALOGITEMTYPES@@PB_W@Z 100019c0 f i AutoWrap.obj
 0001:00000ae0       _GetGlobalInfoW@4          10001ae0 f   AutoWrap.obj
 0001:00000b70       _SetStartupInfoW@4         10001b70 f   AutoWrap.obj
 0001:00000d60       _GetPluginInfoW@4          10001d60 f   AutoWrap.obj
 0001:00000dd0       _OpenW@4                   10001dd0 f   AutoWrap.obj
 0001:00001400       _ProcessEditorInputW@4     10002400 f   AutoWrap.obj
 0001:000018b0       ?GetCommaWord@@YAPB_WPB_WPA_W@Z 100028b0 f   AutoWrap.obj
 0001:00001960       ?assign@?$basic_string@_WU?$char_traits@_W@std@@V?$allocator@_W@2@@std@@QAEAAV12@QB_WI@Z 10002960 f i AutoWrap.obj
 0001:00001ac0       _Wrapper_EncodePointer@4   10002ac0 f   vc_crt_fix_impl.obj
 0001:00001b80       _Wrapper_DecodePointer@4   10002b80 f   vc_crt_fix_impl.obj
 0001:00001bd0       _Wrapper_GetModuleHandleExW@12 10002bd0 f   vc_crt_fix_impl.obj
 0001:00001f10       _Wrapper_InitializeSListHead@4 10002f10 f   vc_crt_fix_impl.obj
 0001:00001f60       _Wrapper_InterlockedFlushSList@4 10002f60 f   vc_crt_fix_impl.obj
 0001:00001fb0       _Wrapper_InterlockedPopEntrySList@4 10002fb0 f   vc_crt_fix_impl.obj
 0001:00002000       _Wrapper_InterlockedPushEntrySList@8 10003000 f   vc_crt_fix_impl.obj
 0001:00002050       _Wrapper_InterlockedPushListSListEx@16 10003050 f   vc_crt_fix_impl.obj
 0001:000020a0       _Wrapper_RtlFirstEntrySList@4 100030a0 f   vc_crt_fix_impl.obj
 0001:000020f0       _Wrapper_QueryDepthSList@4 100030f0 f   vc_crt_fix_impl.obj
 0001:00002140       _Wrapper_GetNumaHighestNodeNumber@4 10003140 f   vc_crt_fix_impl.obj
 0001:000021b0       _Wrapper_GetLogicalProcessorInformation@8 100031b0 f   vc_crt_fix_impl.obj
 0001:00002210       _Wrapper_SetThreadStackGuarantee@4 10003210 f   vc_crt_fix_impl.obj
 0001:00002270       _Wrapper_InitializeCriticalSectionEx@12 10003270 f   vc_crt_fix_impl.obj
 0001:000022f0       _Wrapper_CompareStringEx@36 100032f0 f   vc_crt_fix_impl.obj
 0001:00002370       _Wrapper_LCMapStringEx@36  10003370 f   vc_crt_fix_impl.obj
 0001:000023f0       _Wrapper_SleepConditionVariableSRW@16 100033f0 f   vc_crt_fix_impl.obj
 0001:00002450       _Wrapper_WakeAllConditionVariable@4 10003450 f   vc_crt_fix_impl.obj
 0001:000024b0       _Wrapper_AcquireSRWLockExclusive@4 100034b0 f   vc_crt_fix_impl.obj
 0001:00002500       _Wrapper_ReleaseSRWLockExclusive@4 10003500 f   vc_crt_fix_impl.obj
 0001:00002550       ??0bad_alloc@std@@QAE@XZ   10003550 f i libcpmt:xthrow.obj
 0001:00002568       ??0exception@std@@QAE@QBD@Z 10003568 f i libcpmt:xthrow.obj
 0001:0000259d       ??0length_error@std@@QAE@ABV01@@Z 1000359d f i libcpmt:xthrow.obj
 0001:000025b8       ??0length_error@std@@QAE@PBD@Z 100035b8 f i libcpmt:xthrow.obj
 0001:000025d7       ??0logic_error@std@@QAE@ABV01@@Z 100035d7 f i libcpmt:xthrow.obj
 0001:000025f2       ??_Ebad_exception@std@@UAEPAXI@Z 100035f2 f i libvcruntime:frame.obj
 0001:000025f2       ??_Elength_error@std@@UAEPAXI@Z 100035f2 f i libcpmt:xthrow.obj
 0001:000025f2       ??_Glogic_error@std@@UAEPAXI@Z 100035f2 f i libcpmt:xthrow.obj
 0001:000025f2       ??_Elogic_error@std@@UAEPAXI@Z 100035f2 f i libcpmt:xthrow.obj
 0001:000025f2       ??_Glength_error@std@@UAEPAXI@Z 100035f2 f i libcpmt:xthrow.obj
 0001:000025f2       ??_Gbad_exception@std@@UAEPAXI@Z 100035f2 f i libvcruntime:frame.obj
 0001:0000261f       ?_Xlength_error@std@@YAXPBD@Z 1000361f f   libcpmt:xthrow.obj
 0001:0000263f       @__security_check_cookie@4 1000363f f   LIBCMT:secchk.obj
 0001:0000264d       ??_V@YAXPAX@Z              1000364d f   LIBCMT:delete_array.obj
 0001:00002652       ??2@YAPAXI@Z               10003652 f   LIBCMT:new_scalar.obj
 0001:00002682       ??3@YAXPAX@Z               10003682 f   LIBCMT:delete_scalar.obj
 0001:00002687       ??3@YAXPAXI@Z              10003687 f   LIBCMT:delete_scalar_size.obj
 0001:00002695       ??_U@YAPAXI@Z              10003695 f   LIBCMT:new_array.obj
 0001:0000269e       ??_Gtype_info@@UAEPAXI@Z   1000369e f i LIBCMT:std_type_info_static.obj
 0001:0000269e       ??_Etype_info@@UAEPAXI@Z   1000369e f i LIBCMT:std_type_info_static.obj
 0001:00002705       ___scrt_acquire_startup_lock 10003705 f   LIBCMT:utility.obj
 0001:00002737       ___scrt_dllmain_after_initialize_c 10003737 f   LIBCMT:utility.obj
 0001:00002762       ___scrt_dllmain_before_initialize_c 10003762 f   LIBCMT:utility.obj
 0001:00002770       ___scrt_dllmain_crt_thread_attach 10003770 f   LIBCMT:utility.obj
 0001:0000278f       ___scrt_dllmain_crt_thread_detach 1000378f f   LIBCMT:utility.obj
 0001:0000279c       ___scrt_dllmain_exception_filter 1000379c f   LIBCMT:utility.obj
 0001:000027d0       ___scrt_dllmain_uninitialize_c 100037d0 f   LIBCMT:utility.obj
 0001:000027f3       ___scrt_dllmain_uninitialize_critical 100037f3 f   LIBCMT:utility.obj
 0001:00002800       ___scrt_initialize_crt     10003800 f   LIBCMT:utility.obj
 0001:00002839       ___scrt_initialize_onexit_tables 10003839 f   LIBCMT:utility.obj
 0001:000028c0       ___scrt_is_nonwritable_in_current_image 100038c0 f   LIBCMT:utility.obj
 0001:00002954       ___scrt_release_startup_lock 10003954 f   LIBCMT:utility.obj
 0001:00002971       ___scrt_uninitialize_crt   10003971 f   LIBCMT:utility.obj
 0001:00002999       __onexit                   10003999 f   LIBCMT:utility.obj
 0001:000029c6       _atexit                    100039c6 f   LIBCMT:utility.obj
 0001:00002d1b       __DllMainCRTStartup@12     10003d1b f   LIBCMT:dll_dllmain.obj
 0001:00002d3e       ___raise_securityfailure   10003d3e f   LIBCMT:gs_report.obj
 0001:00002d66       ___report_gsfailure        10003d66 f   LIBCMT:gs_report.obj
 0001:00002e60       ?__scrt_throw_std_bad_alloc@@YAXXZ 10003e60 f   LIBCMT:throw_bad_alloc.obj
 0001:00002e7d       ___isa_available_init      10003e7d f   LIBCMT:cpu_disp.obj
 0001:0000304e       __get_startup_argv_mode    1000404e f   LIBCMT:argv_mode.obj
 0001:00003052       ___scrt_is_ucrt_dll_in_use 10004052 f   LIBCMT:ucrt_detection.obj
 0001:0000305e       ___scrt_fastfail           1000405e f   LIBCMT:utility_desktop.obj
 0001:00003179       __crt_debugger_hook        10004179 f   LIBCMT:utility_desktop.obj
 0001:00003190       __SEH_prolog4              10004190 f   LIBCMT:sehprolg4.obj
 0001:000031d5       @_guard_check_icall_nop@4  100041d5 f i LIBCMT:guard_support.obj
 0001:00003225       ___security_init_cookie    10004225 f   LIBCMT:gs_support.obj
 0001:00003270       _DllMain@12                10004270 f   LIBCMT:dll_dllmain_stub.obj
 0001:00003276       ?__scrt_initialize_type_info@@YAXXZ 10004276 f   LIBCMT:tncleanup.obj
 0001:00003282       ?__scrt_uninitialize_type_info@@YAXXZ 10004282 f   LIBCMT:tncleanup.obj
 0001:0000328e       ___local_stdio_printf_options 1000428e f i LIBCMT:default_local_stdio_options.obj
 0001:00003294       ___local_stdio_scanf_options 10004294 f i LIBCMT:default_local_stdio_options.obj
 0001:0000329a       ___scrt_initialize_default_local_stdio_options 1000429a f   LIBCMT:default_local_stdio_options.obj
 0001:000032b7       ___scrt_get_dyn_tls_init_callback 100042b7 f   LIBCMT:dyn_tls_init.obj
 0001:000032bd       __RTC_Initialize           100042bd f   LIBCMT:initsect.obj
 0001:000032e9       __RTC_Terminate            100042e9 f   LIBCMT:initsect.obj
 0001:00003315       ?GetRangeOfTrysToCheck@__FrameHandler3@@SA?AU?$pair@Viterator@TryBlockMap@__FrameHandler3@@V123@@std@@AAVTryBlockMap@1@HPAXPBU_s_FuncInfo@@H@Z 10004315 f   libvcruntime:trnsctrl.obj
 0001:00003385       ?_CallCatchBlock2@@YAPAXPAUEHRegistrationNode@@PBU_s_FuncInfo@@PAXHK@Z 10004385 f   libvcruntime:trnsctrl.obj
 0001:000033e2       ?_CallSETranslator@@YAHPAUEHExceptionRecord@@PAUEHRegistrationNode@@PAX2PBU_s_FuncInfo@@H1@Z 100043e2 f   libvcruntime:trnsctrl.obj
 0001:000034d8       ?_JumpToContinuation@@YGXPAXPAUEHRegistrationNode@@@Z 100044d8 f   libvcruntime:trnsctrl.obj
 0001:00003508       ?_UnwindNestedFrames@@YGXPAUEHRegistrationNode@@PAUEHExceptionRecord@@@Z 10004508 f   libvcruntime:trnsctrl.obj
 0001:0000355b       __CatchGuardHandler        1000455b f   libvcruntime:trnsctrl.obj
 0001:0000358c       __CreateFrameInfo          1000458c f   libvcruntime:trnsctrl.obj
 0001:000035b0       __FindAndUnlinkFrame       100045b0 f   libvcruntime:trnsctrl.obj
 0001:000035f8       __TranslatorGuardHandler   100045f8 f   libvcruntime:trnsctrl.obj
 0001:00003695       ___CxxFrameHandler3        10004695 f   libvcruntime:trnsctrl.obj
 0001:000036cb       ___std_exception_copy      100046cb f   libvcruntime:std_exception.obj
 0001:0000372e       ___std_exception_destroy   1000472e f   libvcruntime:std_exception.obj
 0001:0000374d       _wcschr                    1000474d f   libvcruntime:wcschr.obj
 0001:00003814       ___DestructExceptionObject 10004814 f   libvcruntime:ehhelpers.obj
 0001:000038b5       ?_CallMemberFunction0@@YGXQAX0@Z 100048b5 f i libvcruntime:ehhelpers.obj
 0001:0000391a       __IsExceptionObjectToBeDestroyed 1000491a f   libvcruntime:ehhelpers.obj
 0001:00003940       ___AdjustPointer           10004940 f   libvcruntime:ehhelpers.obj
 0001:00003965       ___FrameUnwindFilter       10004965 f   libvcruntime:ehhelpers.obj
 0001:000039bb       ___std_terminate           100049bb f   libvcruntime:ehhelpers.obj
 0001:000039c0       __CxxThrowException@8      100049c0 f   libvcruntime:throw.obj
 0001:00003a2c       ___vcrt_initialize         10004a2c f   libvcruntime:initialization.obj
 0001:00003a4b       ___vcrt_thread_attach      10004a4b f   libvcruntime:initialization.obj
 0001:00003a56       ___vcrt_thread_detach      10004a56 f   libvcruntime:initialization.obj
 0001:00003a61       ___vcrt_uninitialize       10004a61 f   libvcruntime:initialization.obj
 0001:00003a78       ___vcrt_uninitialize_critical 10004a78 f   libvcruntime:initialization.obj
 0001:00003ac0       __except_handler4          10004ac0 f   libvcruntime:chandler4.obj
 0001:00003c20       _memset                    10004c20 f   libvcruntime:memset.obj
 0001:00003d7a       ___std_type_info_compare   10004d7a f   libvcruntime:std_type_info.obj
 0001:00003db6       ___std_type_info_destroy_list 10004db6 f   libvcruntime:std_type_info.obj
 0001:00003dd9       ___vcrt_freefls@4          10004dd9 f   libvcruntime:per_thread_data.obj
 0001:00003df5       ___vcrt_freeptd            10004df5 f   libvcruntime:per_thread_data.obj
 0001:00003e2b       ___vcrt_getptd             10004e2b f   libvcruntime:per_thread_data.obj
 0001:00003e39       ___vcrt_getptd_noexit      10004e39 f   libvcruntime:per_thread_data.obj
 0001:00003ecb       ___vcrt_initialize_ptd     10004ecb f   libvcruntime:per_thread_data.obj
 0001:00003efe       ___vcrt_uninitialize_ptd   10004efe f   libvcruntime:per_thread_data.obj
 0001:00004650       ??$TypeMatchHelper@V__FrameHandler3@@@@YAHPBU_s_HandlerType@@PBU_s_CatchableType@@PBU_s_ThrowInfo@@@Z 10005650 f i libvcruntime:frame.obj
 0001:000046de       ??$__InternalCxxFrameHandler@V__FrameHandler3@@@@YA?AW4_EXCEPTION_DISPOSITION@@PAUEHExceptionRecord@@PAUEHRegistrationNode@@PAU_CONTEXT@@PAXPBU_s_FuncInfo@@H1E@Z 100056de f i libvcruntime:frame.obj
 0001:000047e0       ??0bad_exception@std@@QAE@ABV01@@Z 100057e0 f i libvcruntime:frame.obj
 0001:000047fb       ??0bad_exception@std@@QAE@XZ 100057fb f i libvcruntime:frame.obj
 0001:00004813       ??8type_info@@QBE_NABV0@@Z 10005813 f i libvcruntime:frame.obj
 0001:00004a7f       ?FrameUnwindToEmptyState@__FrameHandler3@@SAXPAUEHRegistrationNode@@PAXPBU_s_FuncInfo@@@Z 10005a7f f   libvcruntime:frame.obj
 0001:00004a97       ?FrameUnwindToState@__FrameHandler3@@SAXPAUEHRegistrationNode@@PAXPBU_s_FuncInfo@@H@Z 10005a97 f   libvcruntime:frame.obj
 0001:00004c19       ?_CallMemberFunction1@@YGXQAX00@Z 10005c19 f i libvcruntime:frame.obj
 0001:00004c29       ?_CallMemberFunction2@@YGXQAX00H@Z 10005c29 f i libvcruntime:frame.obj
 0001:00004c3c       ?getESTypes@__FrameHandler3@@SAPBU_s_ESTypeList@@PBU_s_FuncInfo@@@Z 10005c3c f i libvcruntime:frame.obj
 0001:00004c50       __CallSettingFrame@12      10005c50 f   libvcruntime:lowhelpr.obj
 0001:00004c77       __NLG_Return               10005c77     libvcruntime:lowhelpr.obj
 0001:00004c9c       ___except_validate_context_record 10005c9c f   libvcruntime:jbcxrval.obj
 0001:00004ccc       ___vcrt_initialize_locks   10005ccc f   libvcruntime:locks.obj
 0001:00004d08       ___vcrt_uninitialize_locks 10005d08 f   libvcruntime:locks.obj
 0001:00004d40       __local_unwind4            10005d40 f   libvcruntime:exsup4.obj
 0001:00004e30       @_EH4_CallFilterFunc@8     10005e30 f   libvcruntime:exsup4.obj
 0001:00004e50       @_EH4_TransferToHandler@8  10005e50 f   libvcruntime:exsup4.obj
 0001:00004e70       @_EH4_GlobalUnwind2@8      10005e70 f   libvcruntime:exsup4.obj
 0001:00004e90       @_EH4_LocalUnwind@16       10005e90 f   libvcruntime:exsup4.obj
 0001:00004f8a       ___vcrt_FlsAlloc           10005f8a f   libvcruntime:winapi_downlevel.obj
 0001:00004fc5       ___vcrt_FlsFree            10005fc5 f   libvcruntime:winapi_downlevel.obj
 0001:00005000       ___vcrt_FlsGetValue        10006000 f   libvcruntime:winapi_downlevel.obj
 0001:0000503b       ___vcrt_FlsSetValue        1000603b f   libvcruntime:winapi_downlevel.obj
 0001:00005079       ___vcrt_InitializeCriticalSectionEx 10006079 f   libvcruntime:winapi_downlevel.obj
 0001:000050c0       _unexpected                100060c0 f   libvcruntime:unexpected.obj
 0001:000050dd       ?GetCurrentState@__FrameHandler3@@SAHPAUEHRegistrationNode@@PAXPBU_s_FuncInfo@@@Z 100060dd f   libvcruntime:ehstate.obj
 0001:000050fa       ?SetState@__FrameHandler3@@SAXPAUEHRegistrationNode@@PBU_s_FuncInfo@@H@Z 100060fa f   libvcruntime:ehstate.obj
 0001:00005110       _memmove                   10006110 f   libvcruntime:memmove.obj
 0001:00005110       _memcpy                    10006110 f   libvcruntime:memcpy.obj
 0001:00005690       __NLG_Notify1              10006690 f   libvcruntime:exsup.obj
 0001:000056a0       __NLG_Notify               100066a0 f   libvcruntime:exsup.obj
 0001:000056b7       __NLG_Dispatch             100066b7     libvcruntime:exsup.obj
 0001:000056b7       __NLG_Dispatch2            100066b7     libvcruntime:exsup.obj
 0001:000056c0       __NLG_Call                 100066c0 f   libvcruntime:exsup.obj
 0001:000056c2       __NLG_Return2              100066c2     libvcruntime:exsup.obj
 0001:000056d0       ??0_LocaleUpdate@@QAE@QAU__crt_locale_pointers@@@Z 100066d0 f i libucrt:_wctype.obj
 0001:00005753       ___acrt_locale_get_ctype_array_value 10006753 f i libucrt:_wctype.obj
 0001:00005775       __isleadbyte_l             10006775 f i libucrt:_wctype.obj
 0001:000057af       _iswspace                  100067af f i libucrt:_wctype.obj
 0001:000057c2       ___acrt_call_reportfault   100067c2 f   libucrt:invalid_parameter.obj
 0001:000058fb       ___acrt_initialize_invalid_parameter_handler 100068fb f   libucrt:invalid_parameter.obj
 0001:0000590a       __invalid_parameter        1000690a f   libucrt:invalid_parameter.obj
 0001:0000596e       __invalid_parameter_noinfo 1000696e f   libucrt:invalid_parameter.obj
 0001:0000597e       __invalid_parameter_noinfo_noreturn 1000697e f   libucrt:invalid_parameter.obj
 0001:0000599b       __invoke_watson            1000699b f   libucrt:invalid_parameter.obj
 0001:000059cf       _free                      100069cf f   libucrt:free.obj
 0001:000059ea       _malloc                    100069ea f   libucrt:malloc.obj
 0001:000059f5       ___acrt_initialize_new_handler 100069f5 f   libucrt:new_handler.obj
 0001:00005a04       __callnewh                 10006a04 f   libucrt:new_handler.obj
 0001:00005a31       __query_new_handler        10006a31 f   libucrt:new_handler.obj
 0001:00005a8d       __seh_filter_dll           10006a8d f   libucrt:exception_filter.obj
 0001:00005aad       __seh_filter_exe           10006aad f   libucrt:exception_filter.obj
 0001:00005e7b       ___acrt_initialize_thread_local_exit_callback 10006e7b f   libucrt:exit.obj
 0001:00005e8a       __cexit                    10006e8a f   libucrt:exit.obj
 0001:00005e99       __exit                     10006e99 f   libucrt:exit.obj
 0001:00005eaf       __is_c_termination_complete 10006eaf f   libucrt:exit.obj
 0001:00006163       ___acrt_allocate_buffer_for_argv 10007163 f   libucrt:argv_parsing.obj
 0001:000061b2       __configure_narrow_argv    100071b2 f   libucrt:argv_parsing.obj
 0001:0000630f       ??$uninitialize@A6AXAAPAPAD@Z@?$dual_state_global@PAPAD@__crt_state_management@@QAEXA6AXAAPAPAD@Z@Z 1000730f f i libucrt:environment_initialization.obj
 0001:0000630f       ??$uninitialize@A6AXAAPAPA_W@Z@?$dual_state_global@PAPA_W@__crt_state_management@@QAEXA6AXAAPAPA_W@Z@Z 1000730f f i libucrt:environment_initialization.obj
 0001:0000636e       ___dcrt_uninitialize_environments_nolock 1000736e f   libucrt:environment_initialization.obj
 0001:000063a5       __initialize_narrow_environment 100073a5 f   libucrt:environment_initialization.obj
 0001:00006460       ??$__crt_fast_encode_pointer@P6AHXZ@@YAP6AHXZQ6AHXZ@Z 10007460 f i libucrt:onexit.obj
 0001:00006460       ??$__crt_fast_encode_pointer@PAP6AXXZ@@YAPAP6AXXZQAP6AXXZ@Z 10007460 f i libucrt:onexit.obj
 0001:00006460       ??$__crt_fast_encode_pointer@PAX@@YAPAXQAX@Z 10007460 f i libucrt:initialization.obj
 0001:00006682       __crt_atexit               10007682 f   libucrt:onexit.obj
 0001:00006698       __execute_onexit_table     10007698 f   libucrt:onexit.obj
 0001:000066c5       __initialize_onexit_table  100076c5 f   libucrt:onexit.obj
 0001:000066ee       __register_onexit_function 100076ee f   libucrt:onexit.obj
 0001:00006721       ___acrt_uninitialize_command_line 10007721 f   libucrt:argv_data.obj
 0001:0000681f       ___acrt_initialize         1000781f f   libucrt:initialization.obj
 0001:00006831       ___acrt_thread_attach      10007831 f   libucrt:initialization.obj
 0001:0000683c       ___acrt_thread_detach      1000783c f   libucrt:initialization.obj
 0001:00006844       ___acrt_uninitialize       10007844 f   libucrt:initialization.obj
 0001:00006874       ___acrt_uninitialize_critical 10007874 f   libucrt:initialization.obj
 0001:00006886       __initterm                 10007886 f   libucrt:initterm.obj
 0001:000068cb       __initterm_e               100078cb f   libucrt:initterm.obj
 0001:000068f9       _terminate                 100078f9 f   libucrt:terminate.obj
 0001:00006935       _abort                     10007935 f   libucrt:abort.obj
 0001:00006979       _strcpy_s                  10007979 f   libucrt:strcpy_s.obj
 0001:000069d3       _calloc                    100079d3 f   libucrt:calloc.obj
 0001:000069e0       _strncmp                   100079e0 f   libucrt:strncmp.obj
 0001:00006a58       _wcsncmp                   10007a58 f   libucrt:wcsncmp.obj
 0001:00006a92       _iswctype                  10007a92 f   libucrt:iswctype.obj
 0001:00006e39       ___acrt_freeptd            10007e39 f   libucrt:per_thread_data.obj
 0001:00006e65       ___acrt_getptd             10007e65 f   libucrt:per_thread_data.obj
 0001:00006f22       ___acrt_getptd_head        10007f22 f   libucrt:per_thread_data.obj
 0001:00006fbc       ___acrt_getptd_noexit      10007fbc f   libucrt:per_thread_data.obj
 0001:00007071       ___acrt_initialize_ptd     10008071 f   libucrt:per_thread_data.obj
 0001:0000709d       ___acrt_uninitialize_ptd   1000809d f   libucrt:per_thread_data.obj
 0001:000070b7       ___acrt_update_locale_info 100080b7 f   libucrt:locale_update.obj
 0001:000070e4       ___acrt_update_multibyte_info 100080e4 f   libucrt:locale_update.obj
 0001:0000717f       ___acrt_set_locale_changed 1000817f f   libucrt:wsetlocale.obj
 0001:0000718a       ___acrt_uninitialize_locale 1000818a f   libucrt:wsetlocale.obj
 0001:000071b1       __free_base                100081b1 f   libucrt:free_base.obj
 0001:000071eb       __malloc_base              100081eb f   libucrt:malloc_base.obj
 0001:00007239       ___acrt_initialize_locks   10008239 f   libucrt:locks.obj
 0001:0000727a       ___acrt_lock               1000827a f   libucrt:locks.obj
 0001:00007291       ___acrt_uninitialize_locks 10008291 f   libucrt:locks.obj
 0001:000072c2       ___acrt_unlock             100082c2 f   libucrt:locks.obj
 0001:000072d9       ___acrt_get_process_end_policy 100082d9 f   libucrt:win_policies.obj
 0001:0000730a       ___acrt_errno_from_os_error 1000830a f   libucrt:errno.obj
 0001:0000734d       ___acrt_errno_map_os_error 1000834d f   libucrt:errno.obj
 0001:00007370       ___doserrno                10008370 f   libucrt:errno.obj
 0001:00007383       __errno                    10008383 f   libucrt:errno.obj
 0001:00007396       __calloc_base              10008396 f   libucrt:calloc_base.obj
 0001:0000758c       ??$__acrt_mbs_to_wcs_cp@U__crt_win32_buffer_internal_dynamic_resizing@@@@YAHQBDAAV?$__crt_win32_buffer@_WU__crt_win32_buffer_internal_dynamic_resizing@@@@I@Z 1000858c f i libucrt:argv_wildcards.obj
 0001:00007aa0       ?__acrt_get_utf8_acp_compatibility_codepage@@YAIXZ 10008aa0 f i libucrt:argv_wildcards.obj
 0001:00007adf       ?_deallocate@?$__crt_win32_buffer@DU__crt_win32_buffer_internal_dynamic_resizing@@@@AAEXXZ 10008adf f i libucrt:argv_wildcards.obj
 0001:00007adf       ?_deallocate@?$__crt_win32_buffer@_WU__crt_win32_buffer_internal_dynamic_resizing@@@@AAEXXZ 10008adf f i libucrt:argv_wildcards.obj
 0001:00007af9       ?allocate@?$__crt_win32_buffer@DU__crt_win32_buffer_internal_dynamic_resizing@@@@QAEHI@Z 10008af9 f i libucrt:argv_wildcards.obj
 0001:00007b35       ?allocate@?$__crt_win32_buffer@_WU__crt_win32_buffer_internal_dynamic_resizing@@@@QAEHI@Z 10008b35 f i libucrt:argv_wildcards.obj
 0001:00007b74       ?allocate@__crt_win32_buffer_internal_dynamic_resizing@@SAHQAPAXIABV__crt_win32_buffer_empty_debug_info@@@Z 10008b74 f i libucrt:argv_wildcards.obj
 0001:00007c1a       ___acrt_expand_narrow_argv_wildcards 10008c1a f   libucrt:argv_wildcards.obj
 0001:00007cec       ?allocate@?$__crt_win32_buffer@DU__crt_win32_buffer_no_resizing@@@@QAEHI@Z 10008cec f i libucrt:getmodulefilenamea.obj
 0001:00007d13       ?set_to_nullptr@?$__crt_win32_buffer@DU__crt_win32_buffer_no_resizing@@@@QAEXXZ 10008d13 f i libucrt:getmodulefilenamea.obj
 0001:00007d27       ___acrt_GetModuleFileNameA 10008d27 f   libucrt:getmodulefilenamea.obj
 0001:000082e6       ___acrt_initialize_multibyte 100092e6 f   libucrt:mbctype.obj
 0001:0000832e       ___acrt_update_thread_multibyte_data 1000932e f   libucrt:mbctype.obj
 0001:00008341       __setmbcp_nolock           10009341 f   libucrt:mbctype.obj
 0001:0000860c       __ismbblead                1000960c f   libucrt:ismbbyte.obj
 0001:00008624       ___acrt_initialize_command_line 10009624 f   libucrt:argv_data.obj
 0001:0000863d       ___acrt_MultiByteToWideChar 1000963d f   libucrt:multibytetowidechar.obj
 0001:000086b9       ___acrt_WideCharToMultiByte 100096b9 f   libucrt:widechartomultibyte.obj
 0001:0000879d       ___dcrt_get_narrow_environment_from_os 1000979d f   libucrt:get_environment_from_os.obj
 0001:00008821       __recalloc_base            10009821 f   libucrt:recalloc.obj
 0001:00008a26       ___acrt_AppPolicyGetProcessTerminationMethodInternal@4 10009a26 f   libucrt:winapi_thunks.obj
 0001:00008a66       ___acrt_AreFileApisANSI@0  10009a66 f   libucrt:winapi_thunks.obj
 0001:00008a85       ___acrt_FlsAlloc@4         10009a85 f   libucrt:winapi_thunks.obj
 0001:00008ac4       ___acrt_FlsFree@4          10009ac4 f   libucrt:winapi_thunks.obj
 0001:00008b03       ___acrt_FlsGetValue@4      10009b03 f   libucrt:winapi_thunks.obj
 0001:00008b42       ___acrt_FlsSetValue@8      10009b42 f   libucrt:winapi_thunks.obj
 0001:00008b84       ___acrt_InitializeCriticalSectionEx@12 10009b84 f   libucrt:winapi_thunks.obj
 0001:00008bcf       ___acrt_LCMapStringEx@36   10009bcf f   libucrt:winapi_thunks.obj
 0001:00008c2c       ___acrt_LocaleNameToLCID@8 10009c2c f   libucrt:winapi_thunks.obj
 0001:00008c5d       ___acrt_initialize_winapi_thunks 10009c5d f   libucrt:winapi_thunks.obj
 0001:00008c88       ___acrt_uninitialize_winapi_thunks 10009c88 f   libucrt:winapi_thunks.obj
 0001:00008cbe       ___acrt_initialize_heap    10009cbe f   libucrt:heap_handle.obj
 0001:00008ccf       ___acrt_uninitialize_heap  10009ccf f   libucrt:heap_handle.obj
 0001:00008e43       ___acrt_initialize_lowio   10009e43 f   libucrt:ioinit.obj
 0001:00008ea3       ___acrt_uninitialize_lowio 10009ea3 f   libucrt:ioinit.obj
 0001:00008ecf       ___acrt_execute_initializers 10009ecf f   libucrt:shared_initialization.obj
 0001:00008f37       ___acrt_execute_uninitializers 10009f37 f   libucrt:shared_initialization.obj
 0001:00009036       ___acrt_get_sigabrt_handler 1000a036 f   libucrt:signal.obj
 0001:0000905d       ___acrt_initialize_signal_handlers 1000a05d f   libucrt:signal.obj
 0001:0000907b       ___fpecode                 1000a07b f   libucrt:signal.obj
 0001:00009084       _raise                     1000a084 f   libucrt:signal.obj
 0001:0000927f       ___acrt_has_user_matherr   1000a27f f   libucrt:matherr.obj
 0001:00009297       ___acrt_initialize_user_matherr 1000a297 f   libucrt:matherr.obj
 0001:000092a6       ___acrt_invoke_user_matherr 1000a2a6 f   libucrt:matherr.obj
 0001:000094b5       ___acrt_stdio_flush_nolock 1000a4b5 f   libucrt:fflush.obj
 0001:0000951a       __fflush_nolock            1000a51a f   libucrt:fflush.obj
 0001:00009562       __flushall                 1000a562 f   libucrt:fflush.obj
 0001:0000956b       ___acrt_initialize_stdio   1000a56b f   libucrt:_file.obj
 0001:00009633       ___acrt_uninitialize_stdio 1000a633 f   libucrt:_file.obj
 0001:0000967f       __lock_file                1000a67f f   libucrt:_file.obj
 0001:00009693       __unlock_file              1000a693 f   libucrt:_file.obj
 0001:000096a7       __mbtowc_l                 1000a6a7 f   libucrt:mbtowc.obj
 0001:000097e9       _mbtowc                    1000a7e9 f   libucrt:mbtowc.obj
 0001:00009803       __fileno                   1000a803 f   libucrt:fileno.obj
 0001:0000982a       ___pctype_func             1000a82a f   libucrt:ctype.obj
 0001:0000984e       ___acrt_GetStringTypeW     1000a84e f   libucrt:getstringtypew.obj
 0001:00009867       ___acrt_add_locale_ref     1000a867 f   libucrt:locale_refcounting.obj
 0001:000098e4       ___acrt_free_locale        1000a8e4 f   libucrt:locale_refcounting.obj
 0001:00009a2c       ___acrt_locale_add_lc_time_reference 1000aa2c f   libucrt:locale_refcounting.obj
 0001:00009a55       ___acrt_locale_free_lc_time_if_unreferenced 1000aa55 f   libucrt:locale_refcounting.obj
 0001:00009a86       ___acrt_locale_release_lc_time_reference 1000aa86 f   libucrt:locale_refcounting.obj
 0001:00009aaf       ___acrt_release_locale_ref 1000aaaf f   libucrt:locale_refcounting.obj
 0001:00009b30       ___acrt_update_thread_locale_data 1000ab30 f   libucrt:locale_refcounting.obj
 0001:00009bb1       __updatetlocinfoEx_nolock  1000abb1 f   libucrt:locale_refcounting.obj
 0001:00009c01       ___acrt_locale_free_monetary 1000ac01 f   libucrt:initmon.obj
 0001:00009cff       ___acrt_locale_free_numeric 1000acff f   libucrt:initnum.obj
 0001:00009da0       ___acrt_locale_free_time   1000ada0 f   libucrt:inittime.obj
 0001:00009e84       ___acrt_GetStringTypeA     1000ae84 f   libucrt:getstringtypea.obj
 0001:00009f87       __freea_crt                1000af87 f i libucrt:getstringtypea.obj
 0001:00009fa7       __query_new_mode           1000afa7 f   libucrt:new_mode.obj
 0001:00009ff0       _qsort                     1000aff0 f   libucrt:qsort.obj
 0001:0000a4e7       _strncpy_s                 1000b4e7 f   libucrt:strncpy_s.obj
 0001:0000a500       _strpbrk                   1000b500 f   libucrt:strpbrk.obj
 0001:0000a540       __mbsdec                   1000b540 f   libucrt:mbsdec.obj
 0001:0000a557       __mbsdec_l                 1000b557 f   libucrt:mbsdec.obj
 0001:0000a7ce       ___acrt_LCMapStringA       1000b7ce f   libucrt:lcmapstringa.obj
 0001:0000a826       __msize_base               1000b826 f   libucrt:msize.obj
 0001:0000a859       __realloc_base             1000b859 f   libucrt:realloc_base.obj
 0001:0000a912       ___acrt_DownlevelLocaleNameToLCID 1000b912 f   libucrt:lcidtoname_downlevel.obj
 0001:0000a93e       ___acrt_lowio_create_handle_array 1000b93e f   libucrt:osfinfo.obj
 0001:0000a9b9       ___acrt_lowio_destroy_handle_array 1000b9b9 f   libucrt:osfinfo.obj
 0001:0000a9ee       ___acrt_lowio_ensure_fh_exists 1000b9ee f   libucrt:osfinfo.obj
 0001:0000aa8c       ___acrt_lowio_lock_fh      1000ba8c f   libucrt:osfinfo.obj
 0001:0000aaaf       ___acrt_lowio_unlock_fh    1000baaf f   libucrt:osfinfo.obj
 0001:0000aad2       __free_osfhnd              1000bad2 f   libucrt:osfinfo.obj
 0001:0000ab63       __get_osfhandle            1000bb63 f   libucrt:osfinfo.obj
 0001:0000ac6f       __commit                   1000bc6f f   libucrt:commit.obj
 0001:0000b465       __write                    1000c465 f   libucrt:write.obj
 0001:0000b557       __write_nolock             1000c557 f   libucrt:write.obj
 0001:0000b739       __fcloseall                1000c739 f   libucrt:closeall.obj
 0001:0000b7e4       ___acrt_stdio_free_buffer_nolock 1000c7e4 f   libucrt:_freebuf.obj
 0001:0000b824       __isatty                   1000c824 f   libucrt:isatty.obj
 0001:0000b8a6       ?__mbrtowc_utf8@__crt_mbstring@@YAIPA_WPBDIPAU_Mbstatet@@@Z 1000c8a6 f   libucrt:mbrtowc.obj
 0001:0000b8e6       ?__mbsrtowcs_utf8@__crt_mbstring@@YAIPA_WPAPBDIPAU_Mbstatet@@@Z 1000c8e6 f   libucrt:mbrtowc.obj
 0001:0000b9e1       ?return_illegal_sequence@__crt_mbstring@@YAIPAU_Mbstatet@@@Z 1000c9e1 f i libucrt:c32rtomb.obj
 0001:0000ba00       ___ascii_wcsnicmp          1000ca00 f   libucrt:wcsnicmp.obj
 0001:0000ba4f       ___strncnt                 1000ca4f f   libucrt:strncnt.obj
 0001:0000ba6b       __query_app_type           1000ca6b f   libucrt:report_runtime_error.obj
 0001:0000baed       __lseeki64_nolock          1000caed f   libucrt:lseek.obj
 0001:0000bb08       __putwch_nolock            1000cb08 f   libucrt:putwch.obj
 0001:0000bb3a       __fclose_nolock            1000cb3a f   libucrt:fclose.obj
 0001:0000bbb1       _fclose                    1000cbb1 f   libucrt:fclose.obj
 0001:0000bc35       ?__mbrtoc32_utf8@__crt_mbstring@@YAIPA_UPBDIPAU_Mbstatet@@@Z 1000cc35 f   libucrt:mbrtoc32.obj
 0001:0000bde0       __CIlog10                  1000cde0 f   libucrt:log10_impl.obj
 0001:0000be1b       __CIlog10_default          1000ce1b f   libucrt:log10_impl.obj
 0001:0000be2f       __log10_default            1000ce2f     libucrt:log10_impl.obj
 0001:0000bf00       _ceil                      1000cf00 f   libucrt:ceil_pentium4.obj
 0001:0000bf40       __ceil_pentium4            1000cf40 f   libucrt:ceil_pentium4.obj
 0001:0000c020       ___ascii_strnicmp          1000d020 f   libucrt:_strnicm.obj
 0001:0000c0a0       ___dcrt_lowio_ensure_console_output_initialized 1000d0a0 f   libucrt:initcon.obj
 0001:0000c0bf       ___dcrt_terminate_console_output 1000d0bf f   libucrt:initcon.obj
 0001:0000c0d6       ___dcrt_write_console      1000d0d6 f   libucrt:initcon.obj
 0001:0000c1b7       __close                    1000d1b7 f   libucrt:close.obj
 0001:0000c244       __close_nolock             1000d244 f   libucrt:close.obj
 0001:0000c2e0       ?__acrt_stdio_free_stream@@YAXV__crt_stdio_stream@@@Z 1000d2e0 f   libucrt:stream.obj
 0001:0000c31b       ___acrt_initialize_sse2    1000d31b f   libucrt:mathfcns.obj
 0001:0000c330       __CIlog10_pentium4         1000d330 f   libucrt:log10_pentium4.obj
 0001:0000c348       __log10_pentium4           1000d348     libucrt:log10_pentium4.obj
 0001:0000c5e0       __fFEXP                    1000d5e0 f   libucrt:87tran.obj
 0001:0000c637       __rtinfpopse               1000d637     libucrt:87tran.obj
 0001:0000c639       __rtinfnpopse              1000d639     libucrt:87tran.obj
 0001:0000c649       __fFLN                     1000d649     libucrt:87tran.obj
 0001:0000c6fe       __rtinfpop                 1000d6fe     libucrt:87tran.obj
 0001:0000c700       __rtinfnpop                1000d700     libucrt:87tran.obj
 0001:0000c710       __rtforexpinf              1000d710 f   libucrt:87tran.obj
 0001:0000c71d       __ffexpm1                  1000d71d     libucrt:87tran.obj
 0001:0000c7d0       __trandisp1                1000d7d0 f   libucrt:87disp.obj
 0001:0000c845       __trandisp2                1000d845 f   libucrt:87disp.obj
 0001:0000c8df       __rttospopde               1000d8df     libucrt:87disp.obj
 0001:0000c8e4       __rttospop                 1000d8e4     libucrt:87disp.obj
 0001:0000c8f0       __rtnospop                 1000d8f0 f   libucrt:87disp.obj
 0001:0000c900       __rttosnpop                1000d900 f   libucrt:87disp.obj
 0001:0000c901       __rtnospopde               1000d901     libucrt:87disp.obj
 0001:0000c908       __rtzeropop                1000d908     libucrt:87disp.obj
 0001:0000c90a       __rtzeronpop               1000d90a     libucrt:87disp.obj
 0001:0000c910       __rtzerospop               1000d910 f   libucrt:87disp.obj
 0001:0000c91d       __rtonepop                 1000d91d     libucrt:87disp.obj
 0001:0000c920       __rtonenpop                1000d920 f   libucrt:87disp.obj
 0001:0000c930       __tosnan1                  1000d930 f   libucrt:87disp.obj
 0001:0000c960       __nosnan2                  1000d960 f   libucrt:87disp.obj
 0001:0000c970       __tosnan2                  1000d970 f   libucrt:87disp.obj
 0001:0000c9a0       __nan2                     1000d9a0 f   libucrt:87disp.obj
 0001:0000c9e0       __rtindfpop                1000d9e0 f   libucrt:87disp.obj
 0001:0000c9e2       __rtindfnpop               1000d9e2     libucrt:87disp.obj
 0001:0000c9f3       __rttosnpopde              1000d9f3     libucrt:87disp.obj
 0001:0000ca00       __rtatan2inf               1000da00 f   libucrt:87disp.obj
 0001:0000ca1d       __rtchsifneg               1000da1d     libucrt:87disp.obj
 0001:0000ca30       __twoToTOS                 1000da30 f   libucrt:common.obj
 0001:0000ca45       __load_CW                  1000da45 f   libucrt:common.obj
 0001:0000ca5c       __convertTOStoQNaN         1000da5c f   libucrt:common.obj
 0001:0000ca75       __fload_withFB             1000da75 f   libucrt:common.obj
 0001:0000cab8       __checkTOS_withFB          1000dab8 f   libucrt:common.obj
 0001:0000cace       __fast_exit                1000dace f   libucrt:common.obj
 0001:0000cadb       __math_exit                1000dadb f   libucrt:common.obj
 0001:0000cb05       __check_overflow_exit      1000db05 f   libucrt:common.obj
 0001:0000cb19       __check_range_exit         1000db19 f   libucrt:common.obj
 0001:0000cbc0       __startTwoArgErrorHandling 1000dbc0 f   libucrt:genexcep.obj
 0001:0000cbd7       __startOneArgErrorHandling 1000dbd7 f   libucrt:genexcep.obj
 0001:0000cc13       ___libm_error_support      1000dc13 f   libucrt:libm_error.obj
 0001:0000ce07       __ceil_default             1000de07 f   libucrt:ceil.obj
 0001:0000cebc       __clrfp                    1000debc f   libucrt:fpctrl.obj
 0001:0000cecd       __ctrlfp                   1000decd f   libucrt:fpctrl.obj
 0001:0000cef7       __set_statfp               1000def7 f   libucrt:fpctrl.obj
 0001:0000cf50       __statfp                   1000df50 f   libucrt:fpctrl.obj
 0001:0000cf60       __d_inttype                1000df60 f   libucrt:powhlp.obj
 0001:0000cfc8       __powhlp                   1000dfc8 f   libucrt:powhlp.obj
 0001:0000d0f3       __87except                 1000e0f3 f   libucrt:87except.obj
 0001:0000d1fd       __frnd                     1000e1fd f   libucrt:frnd.obj
 0001:0000d211       __errcode                  1000e211 f   libucrt:fpexcept.obj
 0001:0000d245       __except1                  1000e245 f   libucrt:fpexcept.obj
 0001:0000d313       __handle_exc               1000e313 f   libucrt:fpexcept.obj
 0001:0000d4fe       __raise_exc                1000e4fe f   libucrt:fpexcept.obj
 0001:0000d521       __raise_exc_ex             1000e521 f   libucrt:fpexcept.obj
 0001:0000d817       __set_errno_from_matherr   1000e817 f   libucrt:fpexcept.obj
 0001:0000d846       __umatherr                 1000e846 f   libucrt:fpexcept.obj
 0001:0000d8e6       __decomp                   1000e8e6 f   libucrt:util.obj
 0001:0000d9b8       __set_exp                  1000e9b8 f   libucrt:util.obj
 0001:0000d9e5       __sptype                   1000e9e5 f   libucrt:util.obj
 0001:0000da43       __fpclass                  1000ea43 f   libucrt:ieeemisc.obj
 0001:0000daf0       __FindPESection            1000eaf0 f   LIBCMT:pesect.obj
 0001:0000db40       __IsNonwritableInCurrentImage 1000eb40 f   LIBCMT:pesect.obj
 0001:0000dc00       __ValidateImageBase        1000ec00 f   LIBCMT:pesect.obj
 0001:0000dc33       __EH_prolog3_catch         1000ec33 f   LIBCMT:ehprolg3.obj
 0001:0000dc70       __alloca_probe_16          1000ec70 f   LIBCMT:alloca16.obj
 0001:0000dc86       __alloca_probe_8           1000ec86     LIBCMT:alloca16.obj
 0001:0000dca0       __chkstk                   1000eca0 f   LIBCMT:chkstk.obj
 0001:0000dca0       __alloca_probe             1000eca0 f   LIBCMT:chkstk.obj
 0001:0000dcd0       __filter_x86_sse2_floating_point_exception_default 1000ecd0 f   LIBCMT:x86_exception_filter.obj
 0001:0000dcd0       __filter_x86_sse2_floating_point_exception 1000ecd0 f   LIBCMT:x86_exception_filter.obj
 0002:00000000       __imp__lstrlenW@4          1000f000     kernel32:KERNEL32.dll
 0002:00000004       __imp__lstrcpynW@12        1000f004     kernel32:KERNEL32.dll
 0002:00000008       __imp__CompareStringW@24   1000f008     kernel32:KERNEL32.dll
 0002:0000000c       __imp__SetLastError@4      1000f00c     kernel32:KERNEL32.dll
 0002:00000010       __imp__EnterCriticalSection@4 1000f010     kernel32:KERNEL32.dll
 0002:00000014       __imp__GetModuleFileNameW@12 1000f014     kernel32:KERNEL32.dll
 0002:00000018       __imp__LeaveCriticalSection@4 1000f018     kernel32:KERNEL32.dll
 0002:0000001c       __imp__InitializeCriticalSection@4 1000f01c     kernel32:KERNEL32.dll
 0002:00000020       __imp__GetCurrentThread@0  1000f020     kernel32:KERNEL32.dll
 0002:00000024       __imp__LoadLibraryW@4      1000f024     kernel32:KERNEL32.dll
 0002:00000028       __imp__GetProcAddress@8    1000f028     kernel32:KERNEL32.dll
 0002:0000002c       __imp__DeleteCriticalSection@4 1000f02c     kernel32:KERNEL32.dll
 0002:00000030       __imp__LCMapStringW@24     1000f030     kernel32:KERNEL32.dll
 0002:00000034       __imp__GetModuleHandleW@4  1000f034     kernel32:KERNEL32.dll
 0002:00000038       __imp__GetThreadTimes@20   1000f038     kernel32:KERNEL32.dll
 0002:0000003c       __imp__VirtualQuery@12     1000f03c     kernel32:KERNEL32.dll
 0002:00000040       __imp__CloseHandle@4       1000f040     kernel32:KERNEL32.dll
 0002:00000044       __imp__UnhandledExceptionFilter@4 1000f044     kernel32:KERNEL32.dll
 0002:00000048       __imp__SetUnhandledExceptionFilter@4 1000f048     kernel32:KERNEL32.dll
 0002:0000004c       __imp__GetCurrentProcess@0 1000f04c     kernel32:KERNEL32.dll
 0002:00000050       __imp__TerminateProcess@8  1000f050     kernel32:KERNEL32.dll
 0002:00000054       __imp__IsProcessorFeaturePresent@4 1000f054     kernel32:KERNEL32.dll
 0002:00000058       __imp__IsDebuggerPresent@0 1000f058     kernel32:KERNEL32.dll
 0002:0000005c       __imp__GetStartupInfoW@4   1000f05c     kernel32:KERNEL32.dll
 0002:00000060       __imp__QueryPerformanceCounter@4 1000f060     kernel32:KERNEL32.dll
 0002:00000064       __imp__GetCurrentProcessId@0 1000f064     kernel32:KERNEL32.dll
 0002:00000068       __imp__GetCurrentThreadId@0 1000f068     kernel32:KERNEL32.dll
 0002:0000006c       __imp__GetSystemTimeAsFileTime@4 1000f06c     kernel32:KERNEL32.dll
 0002:00000070       __imp__RtlUnwind@16        1000f070     kernel32:KERNEL32.dll
 0002:00000074       __imp__RaiseException@16   1000f074     kernel32:KERNEL32.dll
 0002:00000078       __imp__GetLastError@0      1000f078     kernel32:KERNEL32.dll
 0002:0000007c       __imp__InitializeCriticalSectionAndSpinCount@8 1000f07c     kernel32:KERNEL32.dll
 0002:00000080       __imp__TlsAlloc@0          1000f080     kernel32:KERNEL32.dll
 0002:00000084       __imp__TlsGetValue@4       1000f084     kernel32:KERNEL32.dll
 0002:00000088       __imp__TlsSetValue@8       1000f088     kernel32:KERNEL32.dll
 0002:0000008c       __imp__TlsFree@4           1000f08c     kernel32:KERNEL32.dll
 0002:00000090       __imp__FreeLibrary@4       1000f090     kernel32:KERNEL32.dll
 0002:00000094       __imp__LoadLibraryExW@12   1000f094     kernel32:KERNEL32.dll
 0002:00000098       __imp__ExitProcess@4       1000f098     kernel32:KERNEL32.dll
 0002:0000009c       __imp__HeapFree@12         1000f09c     kernel32:KERNEL32.dll
 0002:000000a0       __imp__HeapAlloc@12        1000f0a0     kernel32:KERNEL32.dll
 0002:000000a4       __imp__FindClose@4         1000f0a4     kernel32:KERNEL32.dll
 0002:000000a8       __imp__FindFirstFileExW@24 1000f0a8     kernel32:KERNEL32.dll
 0002:000000ac       __imp__FindNextFileW@8     1000f0ac     kernel32:KERNEL32.dll
 0002:000000b0       __imp__IsValidCodePage@4   1000f0b0     kernel32:KERNEL32.dll
 0002:000000b4       __imp__GetACP@0            1000f0b4     kernel32:KERNEL32.dll
 0002:000000b8       __imp__GetOEMCP@0          1000f0b8     kernel32:KERNEL32.dll
 0002:000000bc       __imp__GetCPInfo@8         1000f0bc     kernel32:KERNEL32.dll
 0002:000000c0       __imp__GetCommandLineA@0   1000f0c0     kernel32:KERNEL32.dll
 0002:000000c4       __imp__GetCommandLineW@0   1000f0c4     kernel32:KERNEL32.dll
 0002:000000c8       __imp__MultiByteToWideChar@24 1000f0c8     kernel32:KERNEL32.dll
 0002:000000cc       __imp__WideCharToMultiByte@32 1000f0cc     kernel32:KERNEL32.dll
 0002:000000d0       __imp__GetEnvironmentStringsW@0 1000f0d0     kernel32:KERNEL32.dll
 0002:000000d4       __imp__FreeEnvironmentStringsW@4 1000f0d4     kernel32:KERNEL32.dll
 0002:000000d8       __imp__GetProcessHeap@0    1000f0d8     kernel32:KERNEL32.dll
 0002:000000dc       __imp__GetStdHandle@4      1000f0dc     kernel32:KERNEL32.dll
 0002:000000e0       __imp__GetFileType@4       1000f0e0     kernel32:KERNEL32.dll
 0002:000000e4       __imp__GetStringTypeW@16   1000f0e4     kernel32:KERNEL32.dll
 0002:000000e8       __imp__HeapSize@12         1000f0e8     kernel32:KERNEL32.dll
 0002:000000ec       __imp__HeapReAlloc@16      1000f0ec     kernel32:KERNEL32.dll
 0002:000000f0       __imp__SetStdHandle@8      1000f0f0     kernel32:KERNEL32.dll
 0002:000000f4       __imp__FlushFileBuffers@4  1000f0f4     kernel32:KERNEL32.dll
 0002:000000f8       __imp__WriteFile@20        1000f0f8     kernel32:KERNEL32.dll
 0002:000000fc       __imp__GetConsoleCP@0      1000f0fc     kernel32:KERNEL32.dll
 0002:00000100       __imp__GetConsoleMode@8    1000f100     kernel32:KERNEL32.dll
 0002:00000104       __imp__SetFilePointerEx@20 1000f104     kernel32:KERNEL32.dll
 0002:00000108       __imp__CreateFileW@28      1000f108     kernel32:KERNEL32.dll
 0002:0000010c       __imp__WriteConsoleW@20    1000f10c     kernel32:KERNEL32.dll
 0002:00000110       \177KERNEL32_NULL_THUNK_DATA 1000f110     kernel32:KERNEL32.dll
 0002:00000114       ___guard_check_icall_fptr  1000f114     LIBCMT:guard_support.obj
 0002:00000118       ___xc_a                    1000f118     LIBCMT:initializers.obj
 0002:0000011c       ___xc_z                    1000f11c     LIBCMT:initializers.obj
 0002:00000120       ___xi_a                    1000f120     LIBCMT:initializers.obj
 0002:00000124       ___acrt_multibyte_initializer 1000f124     libucrt:multibyte_initializer.obj
 0002:00000128       ___acrt_stdio_initializer  1000f128     libucrt:stdio_initializer.obj
 0002:0000012c       ___acrt_tran_sse2_initializer 1000f12c     libucrt:sse2_initializer.obj
 0002:00000130       ___xi_z                    1000f130     LIBCMT:initializers.obj
 0002:00000134       ___xp_a                    1000f134     LIBCMT:initializers.obj
 0002:00000138       ___acrt_locale_terminator  1000f138     libucrt:locale_initializer.obj
 0002:0000013c       ___dcrt_console_output_terminator 1000f13c     libucrt:console_output_initializer.obj
 0002:00000140       ___acrt_stdio_terminator   1000f140     libucrt:stdio_initializer.obj
 0002:00000144       ___xp_z                    1000f144     LIBCMT:initializers.obj
 0002:00000148       ___xt_a                    1000f148     LIBCMT:initializers.obj
 0002:0000014c       ___xt_z                    1000f14c     LIBCMT:initializers.obj
 0002:00000150       __imp__EncodePointer@4     1000f150     vc_crt_fix.obj
 0002:00000158       __imp__DecodePointer@4     1000f158     vc_crt_fix.obj
 0002:00000160       __imp__GetModuleHandleExW@12 1000f160     vc_crt_fix.obj
 0002:00000168       __imp__InitializeSListHead@4 1000f168     vc_crt_fix.obj
 0002:00000170       __imp__InterlockedFlushSList@4 1000f170     vc_crt_fix.obj
 0002:00000178       __imp__InterlockedPopEntrySList@4 1000f178     vc_crt_fix.obj
 0002:00000180       __imp__InterlockedPushEntrySList@8 1000f180     vc_crt_fix.obj
 0002:00000188       __imp__InterlockedPushListSListEx@16 1000f188     vc_crt_fix.obj
 0002:00000190       __imp__RtlFirstEntrySList@4 1000f190     vc_crt_fix.obj
 0002:00000198       __imp__QueryDepthSList@4   1000f198     vc_crt_fix.obj
 0002:000001a0       __imp__GetNumaHighestNodeNumber@4 1000f1a0     vc_crt_fix.obj
 0002:000001a8       __imp__GetLogicalProcessorInformation@8 1000f1a8     vc_crt_fix.obj
 0002:000001b0       __imp__SetThreadStackGuarantee@4 1000f1b0     vc_crt_fix.obj
 0002:000001b8       __imp__InitializeCriticalSectionEx@12 1000f1b8     vc_crt_fix.obj
 0002:000001c0       __imp__CompareStringEx@36  1000f1c0     vc_crt_fix.obj
 0002:000001c8       __imp__LCMapStringEx@36    1000f1c8     vc_crt_fix.obj
 0002:000001d0       __imp__AcquireSRWLockExclusive@4 1000f1d0     vc_crt_fix.obj
 0002:000001d8       __imp__ReleaseSRWLockExclusive@4 1000f1d8     vc_crt_fix.obj
 0002:000001e0       __imp__SleepConditionVariableSRW@16 1000f1e0     vc_crt_fix.obj
 0002:000001e8       __imp__WakeAllConditionVariable@4 1000f1e8     vc_crt_fix.obj
 0002:000001f4       ??_7exception@std@@6B@     1000f1f4     libcpmt:xthrow.obj
 0002:00000200       ??_7bad_alloc@std@@6B@     1000f200     libcpmt:xthrow.obj
 0002:00000208       ??_C@_0P@GHFPNOJB@bad?5allocation@ 1000f208     libcpmt:xthrow.obj
 0002:0000021c       ??_7logic_error@std@@6B@   1000f21c     libcpmt:xthrow.obj
 0002:00000228       ??_7length_error@std@@6B@  1000f228     libcpmt:xthrow.obj
 0002:00000234       ??_7type_info@@6B@         1000f234     LIBCMT:std_type_info_static.obj
 0002:00000238       __pRawDllMain              1000f238     LIBCMT:dll_dllmain.obj
 0002:00000238       __pDefaultRawDllMain       1000f238     LIBCMT:dll_dllmain.obj
 0002:00000248       ??_7bad_array_new_length@std@@6B@ 1000f248     LIBCMT:throw_bad_alloc.obj
 0002:00000250       __pDestructExceptionObject 1000f250     libvcruntime:ehhelpers.obj
 0002:00000258       ??_7bad_exception@std@@6B@ 1000f258     libvcruntime:frame.obj
 0002:00000260       ??_C@_0O@DPKOEFFH@bad?5exception@ 1000f260     libvcruntime:frame.obj
 0002:000005f0       ??_C@_08EHJDFFNH@__based?$CI@ 1000f5f0     libvcruntime:undname.obj
 0002:000005fc       ??_C@_07KOLFKCDI@__cdecl@  1000f5fc     libvcruntime:undname.obj
 0002:00000604       ??_C@_08GHMPAG@__pascal@   1000f604     libvcruntime:undname.obj
 0002:00000610       ??_C@_09IFJBGAPI@__stdcall@ 1000f610     libvcruntime:undname.obj
 0002:0000061c       ??_C@_0L@NPHFGOKO@__thiscall@ 1000f61c     libvcruntime:undname.obj
 0002:00000628       ??_C@_0L@JMKHOMEK@__fastcall@ 1000f628     libvcruntime:undname.obj
 0002:00000634       ??_C@_0N@BCKKPABJ@__vectorcall@ 1000f634     libvcruntime:undname.obj
 0002:00000644       ??_C@_09HIJEGCPM@__clrcall@ 1000f644     libvcruntime:undname.obj
 0002:00000650       ??_C@_06GHPCKEAG@__eabi@   1000f650     libvcruntime:undname.obj
 0002:00000658       ??_C@_09IOPIDJLG@__swift_1@ 1000f658     libvcruntime:undname.obj
 0002:00000664       ??_C@_09KFNFGKHF@__swift_2@ 1000f664     libvcruntime:undname.obj
 0002:00000670       ??_C@_07JOMMBBKO@__ptr64@  1000f670     libvcruntime:undname.obj
 0002:00000678       ??_C@_0L@PILCLIHE@__restrict@ 1000f678     libvcruntime:undname.obj
 0002:00000684       ??_C@_0M@GFIIJFMG@__unaligned@ 1000f684     libvcruntime:undname.obj
 0002:00000690       ??_C@_09DHDLOLLB@restrict?$CI@ 1000f690     libvcruntime:undname.obj
 0002:0000069a       ??_C@_00CNPNBAHC@@         1000f69a     libvcruntime:undname.obj
 0002:0000069c       ??_C@_04NIHEBCM@?5new@     1000f69c     libvcruntime:undname.obj
 0002:000006a4       ??_C@_07FPCDHGMM@?5delete@ 1000f6a4     libvcruntime:undname.obj
 0002:000006ac       ??_C@_01NEMOKFLO@?$DN@     1000f6ac     libvcruntime:undname.obj
 0002:000006b0       ??_C@_02GPIOPFAK@?$DO?$DO@ 1000f6b0     libvcruntime:undname.obj
 0002:000006b4       ??_C@_02FODMEDOG@?$DM?$DM@ 1000f6b4     libvcruntime:undname.obj
 0002:000006b8       ??_C@_01DCLJPIOD@?$CB@     1000f6b8     libvcruntime:undname.obj
 0002:000006bc       ??_C@_02EGOFBIJA@?$DN?$DN@ 1000f6bc     libvcruntime:undname.obj
 0002:000006c0       ??_C@_02FDNJECIE@?$CB?$DN@ 1000f6c0     libvcruntime:undname.obj
 0002:000006c4       ??_C@_02GPECMEKF@?$FL?$FN@ 1000f6c4     libvcruntime:undname.obj
 0002:000006c8       ??_C@_08LHJFAFGD@operator@ 1000f6c8     libvcruntime:undname.obj
 0002:000006d4       ??_C@_02HBOOOICD@?9?$DO@   1000f6d4     libvcruntime:undname.obj
 0002:000006d8       ??_C@_01NBENCBCI@?$CK@     1000f6d8     libvcruntime:undname.obj
 0002:000006dc       ??_C@_02ECNGHCIF@?$CL?$CL@ 1000f6dc     libvcruntime:undname.obj
 0002:000006e0       ??_C@_02BAABKJLB@?9?9@     1000f6e0     libvcruntime:undname.obj
 0002:000006e4       ??_C@_01JOAMLHOP@?9@       1000f6e4     libvcruntime:undname.obj
 0002:000006e8       ??_C@_01MIFGBAGJ@?$CL@     1000f6e8     libvcruntime:undname.obj
 0002:000006ec       ??_C@_01HNPIGOCE@?$CG@     1000f6ec     libvcruntime:undname.obj
 0002:000006f0       ??_C@_03MNHNFDLC@?9?$DO?$CK@ 1000f6f0     libvcruntime:undname.obj
 0002:000006f4       ??_C@_01KMDKNFGN@?1@       1000f6f4     libvcruntime:undname.obj
 0002:000006f8       ??_C@_01FGNFDNOH@?$CF@     1000f6f8     libvcruntime:undname.obj
 0002:000006fc       ??_C@_01MNNFJEPP@?$DM@     1000f6fc     libvcruntime:undname.obj
 0002:00000700       ??_C@_02EHCHHCKH@?$DM?$DN@ 1000f700     libvcruntime:undname.obj
 0002:00000704       ??_C@_01PPODPGHN@?$DO@     1000f704     libvcruntime:undname.obj
 0002:00000708       ??_C@_02EEKDKGMJ@?$DO?$DN@ 1000f708     libvcruntime:undname.obj
 0002:0000070c       ??_C@_01IHBHIGKO@?0@       1000f70c     libvcruntime:undname.obj
 0002:00000710       ??_C@_02HCKGKOFO@?$CI?$CJ@ 1000f710     libvcruntime:undname.obj
 0002:00000714       ??_C@_01PJKLJHI@?$HO@      1000f714     libvcruntime:undname.obj
 0002:00000718       ??_C@_01JKBOJNNK@?$FO@     1000f718     libvcruntime:undname.obj
 0002:0000071c       ??_C@_01DNKMNLPK@?$HM@     1000f71c     libvcruntime:undname.obj
 0002:00000720       ??_C@_02PPKAJPJL@?$CG?$CG@ 1000f720     libvcruntime:undname.obj
 0002:00000724       ??_C@_02NONPIBCD@?$HM?$HM@ 1000f724     libvcruntime:undname.obj
 0002:00000728       ??_C@_02FPIMKNGF@?$CK?$DN@ 1000f728     libvcruntime:undname.obj
 0002:0000072c       ??_C@_02FOEOMHFC@?$CL?$DN@ 1000f72c     libvcruntime:undname.obj
 0002:00000730       ??_C@_02FKMDLLOA@?9?$DN@   1000f730     libvcruntime:undname.obj
 0002:00000734       ??_C@_02FJEHGPIO@?1?$DN@   1000f734     libvcruntime:undname.obj
 0002:00000738       ??_C@_02FENAOKFI@?$CF?$DN@ 1000f738     libvcruntime:undname.obj
 0002:0000073c       ??_C@_03IKFCCPFF@?$DO?$DO?$DN@ 1000f73c     libvcruntime:undname.obj
 0002:00000740       ??_C@_03CDNPDDLA@?$DM?$DM?$DN@ 1000f740     libvcruntime:undname.obj
 0002:00000744       ??_C@_02FGJGFEAB@?$CG?$DN@ 1000f744     libvcruntime:undname.obj
 0002:00000748       ??_C@_02DHLNPPGH@?$HM?$DN@ 1000f748     libvcruntime:undname.obj
 0002:0000074c       ??_C@_02MHEGNOJ@?$FO?$DN@  1000f74c     libvcruntime:undname.obj
 0002:00000750       ??_C@_09IFPLHPGF@?$GAvftable?8@ 1000f750     libvcruntime:undname.obj
 0002:0000075c       ??_C@_09BLBHBJP@?$GAvbtable?8@ 1000f75c     libvcruntime:undname.obj
 0002:00000768       ??_C@_07FEEIOKP@?$GAvcall?8@ 1000f768     libvcruntime:undname.obj
 0002:00000770       ??_C@_08LLFFHHDJ@?$GAtypeof?8@ 1000f770     libvcruntime:undname.obj
 0002:0000077c       ??_C@_0BF@KDPPACIK@?$GAlocal?5static?5guard?8@ 1000f77c     libvcruntime:undname.obj
 0002:00000794       ??_C@_08OBABFOLI@?$GAstring?8@ 1000f794     libvcruntime:undname.obj
 0002:000007a0       ??_C@_0BD@JDLKDPAB@?$GAvbase?5destructor?8@ 1000f7a0     libvcruntime:undname.obj
 0002:000007b4       ??_C@_0BN@DEGPLNFK@?$GAvector?5deleting?5destructor?8@ 1000f7b4     libvcruntime:undname.obj
 0002:000007d4       ??_C@_0BO@OBMKPJIG@?$GAdefault?5constructor?5closure?8@ 1000f7d4     libvcruntime:undname.obj
 0002:000007f4       ??_C@_0BN@IMDCHIKM@?$GAscalar?5deleting?5destructor?8@ 1000f7f4     libvcruntime:undname.obj
 0002:00000814       ??_C@_0BO@PFGOCPJJ@?$GAvector?5constructor?5iterator?8@ 1000f814     libvcruntime:undname.obj
 0002:00000834       ??_C@_0BN@LFPFMEDL@?$GAvector?5destructor?5iterator?8@ 1000f834     libvcruntime:undname.obj
 0002:00000854       ??_C@_0CE@IKBNEHA@?$GAvector?5vbase?5constructor?5itera@ 1000f854     libvcruntime:undname.obj
 0002:00000878       ??_C@_0BL@NILFHHPC@?$GAvirtual?5displacement?5map?8@ 1000f878     libvcruntime:undname.obj
 0002:00000894       ??_C@_0CB@JONCMFFK@?$GAeh?5vector?5constructor?5iterator@ 1000f894     libvcruntime:undname.obj
 0002:000008b8       ??_C@_0CA@GCEOPDGL@?$GAeh?5vector?5destructor?5iterator?8@ 1000f8b8     libvcruntime:undname.obj
 0002:000008d8       ??_C@_0CH@OOJPLCPH@?$GAeh?5vector?5vbase?5constructor?5it@ 1000f8d8     libvcruntime:undname.obj
 0002:00000900       ??_C@_0BL@LLKPOHJI@?$GAcopy?5constructor?5closure?8@ 1000f900     libvcruntime:undname.obj
 0002:0000091c       ??_C@_0BA@KBCDOMBN@?$GAudt?5returning?8@ 1000f91c     libvcruntime:undname.obj
 0002:0000092c       ??_C@_03KLGMFNMG@?$GAEH@   1000f92c     libvcruntime:undname.obj
 0002:00000930       ??_C@_05KHLCHHI@?$GARTTI@  1000f930     libvcruntime:undname.obj
 0002:00000938       ??_C@_0BA@KKLDJDLB@?$GAlocal?5vftable?8@ 1000f938     libvcruntime:undname.obj
 0002:00000948       ??_C@_0CE@IIHCMGGL@?$GAlocal?5vftable?5constructor?5clos@ 1000f948     libvcruntime:undname.obj
 0002:0000096c       ??_C@_06FHBGPFGH@?5new?$FL?$FN@ 1000f96c     libvcruntime:undname.obj
 0002:00000974       ??_C@_09LBNFPBCA@?5delete?$FL?$FN@ 1000f974     libvcruntime:undname.obj
 0002:00000980       ??_C@_0P@HJKNJFNN@?$GAomni?5callsig?8@ 1000f980     libvcruntime:undname.obj
 0002:00000990       ??_C@_0BL@CNOONJFP@?$GAplacement?5delete?5closure?8@ 1000f990     libvcruntime:undname.obj
 0002:000009ac       ??_C@_0BN@CKNJLHMB@?$GAplacement?5delete?$FL?$FN?5closure?8@ 1000f9ac     libvcruntime:undname.obj
 0002:000009cc       ??_C@_0CG@CFDHKGGD@?$GAmanaged?5vector?5constructor?5ite@ 1000f9cc     libvcruntime:undname.obj
 0002:000009f4       ??_C@_0CF@IMGKMJNO@?$GAmanaged?5vector?5destructor?5iter@ 1000f9f4     libvcruntime:undname.obj
 0002:00000a1c       ??_C@_0CG@HLDDJMAG@?$GAeh?5vector?5copy?5constructor?5ite@ 1000fa1c     libvcruntime:undname.obj
 0002:00000a44       ??_C@_0CM@FCBBDIGB@?$GAeh?5vector?5vbase?5copy?5construct@ 1000fa44     libvcruntime:undname.obj
 0002:00000a70       ??_C@_0BL@CLIPGLGB@?$GAdynamic?5initializer?5for?5?8@ 1000fa70     libvcruntime:undname.obj
 0002:00000a8c       ??_C@_0CB@PDBIFEP@?$GAdynamic?5atexit?5destructor?5for?5@ 1000fa8c     libvcruntime:undname.obj
 0002:00000ab0       ??_C@_0CD@CGAJBKEJ@?$GAvector?5copy?5constructor?5iterat@ 1000fab0     libvcruntime:undname.obj
 0002:00000ad4       ??_C@_0CJ@GJELGAMM@?$GAvector?5vbase?5copy?5constructor?5@ 1000fad4     libvcruntime:undname.obj
 0002:00000b00       ??_C@_0CL@FGIJHLCE@?$GAmanaged?5vector?5copy?5constructo@ 1000fb00     libvcruntime:undname.obj
 0002:00000b2c       ??_C@_0BM@PMGGMLDN@?$GAlocal?5static?5thread?5guard?8@ 1000fb2c     libvcruntime:undname.obj
 0002:00000b48       ??_C@_0N@BDNMDMOL@operator?5?$CC?$CC?5@ 1000fb48     libvcruntime:undname.obj
 0002:00000b58       ??_C@_0BC@GGEBGALA@operator?5co_await@ 1000fb58     libvcruntime:undname.obj
 0002:00000b6c       ??_C@_0M@GAAIMMOH@operator?$DM?$DN?$DO@ 1000fb6c     libvcruntime:undname.obj
 0002:00000b78       ??_C@_0BC@DAFEJGAK@?5Type?5Descriptor?8@ 1000fb78     libvcruntime:undname.obj
 0002:00000b8c       ??_C@_0BM@LDKODKLH@?5Base?5Class?5Descriptor?5at?5?$CI@ 1000fb8c     libvcruntime:undname.obj
 0002:00000ba8       ??_C@_0BD@LGICGFMM@?5Base?5Class?5Array?8@ 1000fba8     libvcruntime:undname.obj
 0002:00000bbc       ??_C@_0BN@MECKDCOJ@?5Class?5Hierarchy?5Descriptor?8@ 1000fbbc     libvcruntime:undname.obj
 0002:00000bdc       ??_C@_0BK@CFCOFLF@?5Complete?5Object?5Locator?8@ 1000fbdc     libvcruntime:undname.obj
 0002:00000bf8       ??_C@_0BG@JNJLAMPM@?$GAanonymous?5namespace?8@ 1000fbf8     libvcruntime:undname.obj
 0002:00000c1c       ??_C@_1DM@KHCHBNEB@?$AAa?$AAp?$AAi?$AA?9?$AAm?$AAs?$AA?9?$AAw?$AAi?$AAn?$AA?9?$AAc?$AAo?$AAr?$AAe@ 1000fc1c     libvcruntime:winapi_downlevel.obj
 0002:00000c58       ??_C@_1DK@LPPGFMPP@?$AAa?$AAp?$AAi?$AA?9?$AAm?$AAs?$AA?9?$AAw?$AAi?$AAn?$AA?9?$AAc?$AAo?$AAr?$AAe@ 1000fc58     libvcruntime:winapi_downlevel.obj
 0002:00000c94       ??_C@_1BC@GDMECMAK@?$AAk?$AAe?$AAr?$AAn?$AAe?$AAl?$AA3?$AA2@ 1000fc94     libvcruntime:winapi_downlevel.obj
 0002:00000ca8       ??_C@_1BA@PFFKHIOG@?$AAa?$AAp?$AAi?$AA?9?$AAm?$AAs?$AA?9@ 1000fca8     libvcruntime:winapi_downlevel.obj
 0002:00000cc0       ??_C@_08KNHFBNJ@FlsAlloc@  1000fcc0     libvcruntime:winapi_downlevel.obj
 0002:00000cd4       ??_C@_07PEJMOBNF@FlsFree@  1000fcd4     libvcruntime:winapi_downlevel.obj
 0002:00000ce4       ??_C@_0M@GDNOONDI@FlsGetValue@ 1000fce4     libvcruntime:winapi_downlevel.obj
 0002:00000cf8       ??_C@_0M@JCPCPOEF@FlsSetValue@ 1000fcf8     libvcruntime:winapi_downlevel.obj
 0002:00000d0c       ??_C@_0BM@HCFOFFN@InitializeCriticalSectionEx@ 1000fd0c     libvcruntime:winapi_downlevel.obj
 0002:00000d28       ___acrt_exception_action_table 1000fd28     libucrt:exception_filter.obj
 0002:00000db8       ___acrt_signal_action_table_count 1000fdb8     libucrt:exception_filter.obj
 0002:00000dbc       ___acrt_signal_action_first_fpe_index 1000fdbc     libucrt:exception_filter.obj
 0002:00000dc0       ___acrt_signal_action_fpe_count 1000fdc0     libucrt:exception_filter.obj
 0002:00000dc4       ??_C@_1BI@BGOHAHKC@?$AAm?$AAs?$AAc?$AAo?$AAr?$AAe?$AAe?$AA?4?$AAd?$AAl?$AAl@ 1000fdc4     libucrt:exit.obj
 0002:00000ddc       ??_C@_0P@MIGLKIOC@CorExitProcess@ 1000fddc     libucrt:exit.obj
 0002:00000e70       ___lc_time_c               1000fe70     libucrt:nlsdata.obj
 0002:00000fd4       ??_C@_03KOEHGMDN@Sun@      1000ffd4     libucrt:nlsdata.obj
 0002:00000fd8       ??_C@_03PDAGKDH@Mon@       1000ffd8     libucrt:nlsdata.obj
 0002:00000fdc       ??_C@_03NAGEINEP@Tue@      1000ffdc     libucrt:nlsdata.obj
 0002:00000fe0       ??_C@_03MHOMLAJA@Wed@      1000ffe0     libucrt:nlsdata.obj
 0002:00000fe4       ??_C@_03IOFIKPDN@Thu@      1000ffe4     libucrt:nlsdata.obj
 0002:00000fe8       ??_C@_03IDIOELNC@Fri@      1000ffe8     libucrt:nlsdata.obj
 0002:00000fec       ??_C@_03FEFJNEK@Sat@       1000ffec     libucrt:nlsdata.obj
 0002:00000ff0       ??_C@_06OOPIFAJ@Sunday@    1000fff0     libucrt:nlsdata.obj
 0002:00000ff8       ??_C@_06JLEDEDGH@Monday@   1000fff8     libucrt:nlsdata.obj
 0002:00001000       ??_C@_07BAAGCFCM@Tuesday@  10010000     libucrt:nlsdata.obj
 0002:00001008       ??_C@_09DLIGFAKA@Wednesday@ 10010008     libucrt:nlsdata.obj
 0002:00001014       ??_C@_08HACCIKIA@Thursday@ 10010014     libucrt:nlsdata.obj
 0002:00001020       ??_C@_06JECMNKMI@Friday@   10010020     libucrt:nlsdata.obj
 0002:00001028       ??_C@_08INBOOONO@Saturday@ 10010028     libucrt:nlsdata.obj
 0002:00001034       ??_C@_03JIHJHPIE@Jan@      10010034     libucrt:nlsdata.obj
 0002:00001038       ??_C@_03HJBDCHOM@Feb@      10010038     libucrt:nlsdata.obj
 0002:0000103c       ??_C@_03ODNJBKGA@Mar@      1001003c     libucrt:nlsdata.obj
 0002:00001040       ??_C@_03LEOLGMJP@Apr@      10010040     libucrt:nlsdata.obj
 0002:00001044       ??_C@_03CNMDKL@May@        10010044     libucrt:nlsdata.obj
 0002:00001048       ??_C@_03IDFGHECI@Jun@      10010048     libucrt:nlsdata.obj
 0002:0000104c       ??_C@_03LBGABGKK@Jul@      1001004c     libucrt:nlsdata.obj
 0002:00001050       ??_C@_03IFJFEIGA@Aug@      10010050     libucrt:nlsdata.obj
 0002:00001054       ??_C@_03GGCAPAJC@Sep@      10010054     libucrt:nlsdata.obj
 0002:00001058       ??_C@_03BMAOKBAD@Oct@      10010058     libucrt:nlsdata.obj
 0002:0000105c       ??_C@_03JPJOFNIA@Nov@      1001005c     libucrt:nlsdata.obj
 0002:00001060       ??_C@_03MKABNOCG@Dec@      10010060     libucrt:nlsdata.obj
 0002:00001064       ??_C@_07CGJPFGJA@January@  10010064     libucrt:nlsdata.obj
 0002:0000106c       ??_C@_08GNJGEPFN@February@ 1001006c     libucrt:nlsdata.obj
 0002:00001078       ??_C@_05HPCKOFNC@March@    10010078     libucrt:nlsdata.obj
 0002:00001080       ??_C@_05DMJDNLEJ@April@    10010080     libucrt:nlsdata.obj
 0002:00001088       ??_C@_04CNLMGBGM@June@     10010088     libucrt:nlsdata.obj
 0002:00001090       ??_C@_04MIEPOIFP@July@     10010090     libucrt:nlsdata.obj
 0002:00001098       ??_C@_06LBBHFDDG@August@   10010098     libucrt:nlsdata.obj
 0002:000010a0       ??_C@_09BHHEALKD@September@ 100100a0     libucrt:nlsdata.obj
 0002:000010ac       ??_C@_07JJNFCEND@October@  100100ac     libucrt:nlsdata.obj
 0002:000010b4       ??_C@_08HCHEGEOA@November@ 100100b4     libucrt:nlsdata.obj
 0002:000010c0       ??_C@_08EDHMEBNP@December@ 100100c0     libucrt:nlsdata.obj
 0002:000010cc       ??_C@_02DEDBPAFC@AM@       100100cc     libucrt:nlsdata.obj
 0002:000010d0       ??_C@_02CJNFDJBF@PM@       100100d0     libucrt:nlsdata.obj
 0002:000010d4       ??_C@_08BPBNCDIB@MM?1dd?1yy@ 100100d4     libucrt:nlsdata.obj
 0002:000010e0       ??_C@_0BE@CKGJFCPC@dddd?0?5MMMM?5dd?0?5yyyy@ 100100e0     libucrt:nlsdata.obj
 0002:000010f4       ??_C@_08JCCMCCIL@HH?3mm?3ss@ 100100f4     libucrt:nlsdata.obj
 0002:00001100       ??_C@_17MBGCMIPB@?$AAS?$AAu?$AAn@ 10010100     libucrt:nlsdata.obj
 0002:00001108       ??_C@_17KBOMKBF@?$AAM?$AAo?$AAn@ 10010108     libucrt:nlsdata.obj
 0002:00001110       ??_C@_17BMKGEGOJ@?$AAT?$AAu?$AAe@ 10010110     libucrt:nlsdata.obj
 0002:00001118       ??_C@_17CJEDCEPE@?$AAW?$AAe?$AAd@ 10010118     libucrt:nlsdata.obj
 0002:00001120       ??_C@_17PDPHAADD@?$AAT?$AAh?$AAu@ 10010120     libucrt:nlsdata.obj
 0002:00001128       ??_C@_17HFOLPPLP@?$AAF?$AAr?$AAi@ 10010128     libucrt:nlsdata.obj
 0002:00001130       ??_C@_17GGIBDPIH@?$AAS?$AAa?$AAt@ 10010130     libucrt:nlsdata.obj
 0002:00001138       ??_C@_1O@IHNHDHPB@?$AAS?$AAu?$AAn?$AAd?$AAa?$AAy@ 10010138     libucrt:nlsdata.obj
 0002:00001148       ??_C@_1O@MMNBFLIA@?$AAM?$AAo?$AAn?$AAd?$AAa?$AAy@ 10010148     libucrt:nlsdata.obj
 0002:00001158       ??_C@_1BA@ENFBFFEK@?$AAT?$AAu?$AAe?$AAs?$AAd?$AAa?$AAy@ 10010158     libucrt:nlsdata.obj
 0002:00001168       ??_C@_1BE@EBOGMDOH@?$AAW?$AAe?$AAd?$AAn?$AAe?$AAs?$AAd?$AAa?$AAy@ 10010168     libucrt:nlsdata.obj
 0002:0000117c       ??_C@_1BC@HHMNLIHE@?$AAT?$AAh?$AAu?$AAr?$AAs?$AAd?$AAa?$AAy@ 1001017c     libucrt:nlsdata.obj
 0002:00001190       ??_C@_1O@PDICJHAG@?$AAF?$AAr?$AAi?$AAd?$AAa?$AAy@ 10010190     libucrt:nlsdata.obj
 0002:000011a0       ??_C@_1BC@ENMNNPAJ@?$AAS?$AAa?$AAt?$AAu?$AAr?$AAd?$AAa?$AAy@ 100101a0     libucrt:nlsdata.obj
 0002:000011b4       ??_C@_17DKNBKCHM@?$AAJ?$AAa?$AAn@ 100101b4     libucrt:nlsdata.obj
 0002:000011bc       ??_C@_17LMDJEKJN@?$AAF?$AAe?$AAb@ 100101bc     libucrt:nlsdata.obj
 0002:000011c4       ??_C@_17CKNLEDEC@?$AAM?$AAa?$AAr@ 100101c4     libucrt:nlsdata.obj
 0002:000011cc       ??_C@_17LFPOIHDD@?$AAA?$AAp?$AAr@ 100101cc     libucrt:nlsdata.obj
 0002:000011d4       ??_C@_17PNNKMEED@?$AAM?$AAa?$AAy@ 100101d4     libucrt:nlsdata.obj
 0002:000011dc       ??_C@_17KCJGOCPB@?$AAJ?$AAu?$AAn@ 100101dc     libucrt:nlsdata.obj
 0002:000011e4       ??_C@_17IJPCKHK@?$AAJ?$AAu?$AAl@ 100101e4     libucrt:nlsdata.obj
 0002:000011ec       ??_C@_17ICPELBCN@?$AAA?$AAu?$AAg@ 100101ec     libucrt:nlsdata.obj
 0002:000011f4       ??_C@_17HCHCOKMG@?$AAS?$AAe?$AAp@ 100101f4     libucrt:nlsdata.obj
 0002:000011fc       ??_C@_17FNLKOI@?$AAO?$AAc?$AAt@ 100101fc     libucrt:nlsdata.obj
 0002:00001204       ??_C@_17BBDMLCIG@?$AAN?$AAo?$AAv@ 10010204     libucrt:nlsdata.obj
 0002:0000120c       ??_C@_17EGKACKIF@?$AAD?$AAe?$AAc@ 1001020c     libucrt:nlsdata.obj
 0002:00001214       ??_C@_1BA@EFMEIEBA@?$AAJ?$AAa?$AAn?$AAu?$AAa?$AAr?$AAy@ 10010214     libucrt:nlsdata.obj
 0002:00001224       ??_C@_1BC@JGDDFFAM@?$AAF?$AAe?$AAb?$AAr?$AAu?$AAa?$AAr?$AAy@ 10010224     libucrt:nlsdata.obj
 0002:00001238       ??_C@_1M@IKEENEDF@?$AAM?$AAa?$AAr?$AAc?$AAh@ 10010238     libucrt:nlsdata.obj
 0002:00001244       ??_C@_1M@GJNLMHFD@?$AAA?$AAp?$AAr?$AAi?$AAl@ 10010244     libucrt:nlsdata.obj
 0002:00001250       ??_C@_19EPFLPGAP@?$AAJ?$AAu?$AAn?$AAe@ 10010250     libucrt:nlsdata.obj
 0002:0000125c       ??_C@_19BIFMLPCD@?$AAJ?$AAu?$AAl?$AAy@ 1001025c     libucrt:nlsdata.obj
 0002:00001268       ??_C@_1O@PAHLKOAC@?$AAA?$AAu?$AAg?$AAu?$AAs?$AAt@ 10010268     libucrt:nlsdata.obj
 0002:00001278       ??_C@_1BE@DKAAMBJL@?$AAS?$AAe?$AAp?$AAt?$AAe?$AAm?$AAb?$AAe?$AAr@ 10010278     libucrt:nlsdata.obj
 0002:0000128c       ??_C@_1BA@EPANDLNG@?$AAO?$AAc?$AAt?$AAo?$AAb?$AAe?$AAr@ 1001028c     libucrt:nlsdata.obj
 0002:0000129c       ??_C@_1BC@BGLIFPF@?$AAN?$AAo?$AAv?$AAe?$AAm?$AAb?$AAe?$AAr@ 1001029c     libucrt:nlsdata.obj
 0002:000012b0       ??_C@_1BC@FEMKIFH@?$AAD?$AAe?$AAc?$AAe?$AAm?$AAb?$AAe?$AAr@ 100102b0     libucrt:nlsdata.obj
 0002:000012c4       ??_C@_15ODEHAHHF@?$AAA?$AAM@ 100102c4     libucrt:nlsdata.obj
 0002:000012cc       ??_C@_15CLMNNGEL@?$AAP?$AAM@ 100102cc     libucrt:nlsdata.obj
 0002:000012d4       ??_C@_1BC@IEBCMHCM@?$AAM?$AAM?$AA?1?$AAd?$AAd?$AA?1?$AAy?$AAy@ 100102d4     libucrt:nlsdata.obj
 0002:000012e8       ??_C@_1CI@KNAKOEBC@?$AAd?$AAd?$AAd?$AAd?$AA?0?$AA?5?$AAM?$AAM?$AAM?$AAM?$AA?5?$AAd?$AAd?$AA?0?$AA?5@ 100102e8     libucrt:nlsdata.obj
 0002:00001310       ??_C@_1BC@GDGBMEMK@?$AAH?$AAH?$AA?3?$AAm?$AAm?$AA?3?$AAs?$AAs@ 10010310     libucrt:nlsdata.obj
 0002:00001324       ??_C@_1M@BMHNFIME@?$AAe?$AAn?$AA?9?$AAU?$AAS@ 10010324     libucrt:nlsdata.obj
 0002:000014a8       ??_C@_1M@HPNHIDJI@?$AAj?$AAa?$AA?9?$AAJ?$AAP@ 100104a8     libucrt:mbctype.obj
 0002:000014b4       ??_C@_1M@BIBDDEMK@?$AAz?$AAh?$AA?9?$AAC?$AAN@ 100104b4     libucrt:mbctype.obj
 0002:000014c0       ??_C@_1M@JLOOOEGK@?$AAk?$AAo?$AA?9?$AAK?$AAR@ 100104c0     libucrt:mbctype.obj
 0002:000014cc       ??_C@_1M@CLNBBOPM@?$AAz?$AAh?$AA?9?$AAT?$AAW@ 100104cc     libucrt:mbctype.obj
 0002:00001528       ??_C@_1EA@JGEFHKEI@?$AAa?$AAp?$AAi?$AA?9?$AAm?$AAs?$AA?9?$AAw?$AAi?$AAn?$AA?9?$AAc?$AAo?$AAr?$AAe@ 10010528     libucrt:winapi_thunks.obj
 0002:00001568       ??_C@_1DI@IJCEHOCB@?$AAa?$AAp?$AAi?$AA?9?$AAm?$AAs?$AA?9?$AAw?$AAi?$AAn?$AA?9?$AAc?$AAo?$AAr?$AAe@ 10010568     libucrt:winapi_thunks.obj
 0002:000015a0       ??_C@_1EI@MPIAOHOC@?$AAa?$AAp?$AAi?$AA?9?$AAm?$AAs?$AA?9?$AAw?$AAi?$AAn?$AA?9?$AAc?$AAo?$AAr?$AAe@ 100105a0     libucrt:winapi_thunks.obj
 0002:000015e8       ??_C@_1FK@FPHCKFIE@?$AAa?$AAp?$AAi?$AA?9?$AAm?$AAs?$AA?9?$AAw?$AAi?$AAn?$AA?9?$AAc?$AAo?$AAr?$AAe@ 100105e8     libucrt:winapi_thunks.obj
 0002:00001648       ??_C@_1EM@DILCGIIO@?$AAa?$AAp?$AAi?$AA?9?$AAm?$AAs?$AA?9?$AAw?$AAi?$AAn?$AA?9?$AAc?$AAo?$AAr?$AAe@ 10010648     libucrt:winapi_thunks.obj
 0002:00001694       ??_C@_1DM@LNCGDDPN@?$AAa?$AAp?$AAi?$AA?9?$AAm?$AAs?$AA?9?$AAw?$AAi?$AAn?$AA?9?$AAc?$AAo?$AAr?$AAe@ 10010694     libucrt:winapi_thunks.obj
 0002:000016d0       ??_C@_1DO@FPAPJEMD@?$AAa?$AAp?$AAi?$AA?9?$AAm?$AAs?$AA?9?$AAw?$AAi?$AAn?$AA?9?$AAc?$AAo?$AAr?$AAe@ 100106d0     libucrt:winapi_thunks.obj
 0002:00001710       ??_C@_1DK@NDHNAHIO@?$AAa?$AAp?$AAi?$AA?9?$AAm?$AAs?$AA?9?$AAw?$AAi?$AAn?$AA?9?$AAc?$AAo?$AAr?$AAe@ 10010710     libucrt:winapi_thunks.obj
 0002:0000174c       ??_C@_1DM@KGHDGBCM@?$AAa?$AAp?$AAi?$AA?9?$AAm?$AAs?$AA?9?$AAw?$AAi?$AAn?$AA?9?$AAc?$AAo?$AAr?$AAe@ 1001074c     libucrt:winapi_thunks.obj
 0002:00001788       ??_C@_1EO@IJIOEFOH@?$AAa?$AAp?$AAi?$AA?9?$AAm?$AAs?$AA?9?$AAw?$AAi?$AAn?$AA?9?$AAr?$AAt?$AAc?$AAo@ 10010788     libucrt:winapi_thunks.obj
 0002:000017d8       ??_C@_1FG@HHGEKANL@?$AAa?$AAp?$AAi?$AA?9?$AAm?$AAs?$AA?9?$AAw?$AAi?$AAn?$AA?9?$AAs?$AAe?$AAc?$AAu@ 100107d8     libucrt:winapi_thunks.obj
 0002:00001830       ??_C@_1EG@DBIOJECG@?$AAe?$AAx?$AAt?$AA?9?$AAm?$AAs?$AA?9?$AAw?$AAi?$AAn?$AA?9?$AAn?$AAt?$AAu?$AAs@ 10010830     libucrt:winapi_thunks.obj
 0002:00001878       ??_C@_1EO@FIHMJCLF@?$AAe?$AAx?$AAt?$AA?9?$AAm?$AAs?$AA?9?$AAw?$AAi?$AAn?$AA?9?$AAn?$AAt?$AAu?$AAs@ 10010878     libucrt:winapi_thunks.obj
 0002:000018c8       ??_C@_1BC@DNHGCMLG@?$AAa?$AAd?$AAv?$AAa?$AAp?$AAi?$AA3?$AA2@ 100108c8     libucrt:winapi_thunks.obj
 0002:000018dc       ??_C@_1M@OAIMIKLP@?$AAn?$AAt?$AAd?$AAl?$AAl@ 100108dc     libucrt:winapi_thunks.obj
 0002:000018e8       ??_C@_1EG@DPGNFKGC@?$AAa?$AAp?$AAi?$AA?9?$AAm?$AAs?$AA?9?$AAw?$AAi?$AAn?$AA?9?$AAa?$AAp?$AAp?$AAm@ 100108e8     libucrt:winapi_thunks.obj
 0002:00001930       ??_C@_1O@BCCLBEOE@?$AAu?$AAs?$AAe?$AAr?$AA3?$AA2@ 10010930     libucrt:winapi_thunks.obj
 0002:00001940       ??_C@_1BA@IAIFMGEF@?$AAe?$AAx?$AAt?$AA?9?$AAm?$AAs?$AA?9@ 10010940     libucrt:winapi_thunks.obj
 0002:00001954       ??_C@_0BA@FHFNEAED@AreFileApisANSI@ 10010954     libucrt:winapi_thunks.obj
 0002:00001994       ??_C@_0O@KKBNKAPF@LCMapStringEx@ 10010994     libucrt:winapi_thunks.obj
 0002:000019ac       ??_C@_0BB@HBDEELFH@LocaleNameToLCID@ 100109ac     libucrt:winapi_thunks.obj
 0002:000019c4       ??_C@_0CF@OJOFEIGO@AppPolicyGetProcessTerminationM@ 100109c4     libucrt:winapi_thunks.obj
 0002:000019f0       ___newctype                100109f0     libucrt:ctype.obj
 0002:00001cf0       ___newclmap                10010cf0     libucrt:ctype.obj
 0002:00001e70       ___newcumap                10010e70     libucrt:ctype.obj
 0002:00001ff0       __wctype                   10010ff0     libucrt:ctype.obj
 0002:000021f4       ??_C@_15PJPFLCCM@?$AAu?$AAk@ 100111f4     libucrt:get_qualified_locale.obj
 0002:00002920       ??_C@_15EMKDOKLE@?$AAa?$AAr@ 10011920     libucrt:lcidtoname_downlevel.obj
 0002:00002928       ??_C@_15KNPADPLH@?$AAb?$AAg@ 10011928     libucrt:lcidtoname_downlevel.obj
 0002:00002930       ??_C@_15EDMHLDMO@?$AAc?$AAa@ 10011930     libucrt:lcidtoname_downlevel.obj
 0002:00002938       ??_C@_1O@BPEAJADD@?$AAz?$AAh?$AA?9?$AAC?$AAH?$AAS@ 10011938     libucrt:lcidtoname_downlevel.obj
 0002:00002948       ??_C@_15LJNHCMNK@?$AAc?$AAs@ 10011948     libucrt:lcidtoname_downlevel.obj
 0002:00002950       ??_C@_15FOMCIDHG@?$AAd?$AAa@ 10011950     libucrt:lcidtoname_downlevel.obj
 0002:00002958       ??_C@_15NBKABECB@?$AAd?$AAe@ 10011958     libucrt:lcidtoname_downlevel.obj
 0002:00002960       ??_C@_15GHPEIIAO@?$AAe?$AAl@ 10011960     libucrt:lcidtoname_downlevel.obj
 0002:00002968       ??_C@_15MNPNEAIF@?$AAe?$AAn@ 10011968     libucrt:lcidtoname_downlevel.obj
 0002:00002970       ??_C@_15GPIOMPMH@?$AAe?$AAs@ 10011970     libucrt:lcidtoname_downlevel.obj
 0002:00002978       ??_C@_15NGLOAKJC@?$AAf?$AAi@ 10011978     libucrt:lcidtoname_downlevel.obj
 0002:00002980       ??_C@_15FBKGNKAM@?$AAf?$AAr@ 10011980     libucrt:lcidtoname_downlevel.obj
 0002:00002988       ??_C@_15KGGCNEFK@?$AAh?$AAe@ 10011988     libucrt:lcidtoname_downlevel.obj
 0002:00002990       ??_C@_15PGHLIDMF@?$AAh?$AAu@ 10011990     libucrt:lcidtoname_downlevel.obj
 0002:00002998       ??_C@_15BIEMAPLM@?$AAi?$AAs@ 10011998     libucrt:lcidtoname_downlevel.obj
 0002:000029a0       ??_C@_15IFJLDHAF@?$AAi?$AAt@ 100119a0     libucrt:lcidtoname_downlevel.obj
 0002:000029a8       ??_C@_15GEMIOCAG@?$AAj?$AAa@ 100119a8     libucrt:lcidtoname_downlevel.obj
 0002:000029b0       ??_C@_15EPELEGJA@?$AAk?$AAo@ 100119b0     libucrt:lcidtoname_downlevel.obj
 0002:000029b8       ??_C@_15NDDHIMN@?$AAn?$AAl@ 100119b8     libucrt:lcidtoname_downlevel.obj
 0002:000029c0       ??_C@_15BPIGNHCD@?$AAn?$AAo@ 100119c0     libucrt:lcidtoname_downlevel.obj
 0002:000029c8       ??_C@_15DEOPBLCG@?$AAp?$AAl@ 100119c8     libucrt:lcidtoname_downlevel.obj
 0002:000029d0       ??_C@_15KBECGEFG@?$AAp?$AAt@ 100119d0     libucrt:lcidtoname_downlevel.obj
[...]
 0002:000052a0       ?ntdll@modules@@3QB_WB     100142a0     vc_crt_fix_impl.obj
 0002:000052ac       ?kernel32@modules@@3QB_WB  100142ac     vc_crt_fix_impl.obj
 0002:00005aa0       __ehfuncinfo$_SetStartupInfoW@4 10014aa0     AutoWrap.obj
 0002:00005ac4       __unwindtable$_SetStartupInfoW@4 10014ac4     AutoWrap.obj
 0002:00005acc       __ehfuncinfo$_OpenW@4      10014acc     AutoWrap.obj
 0002:00005af0       __unwindtable$_OpenW@4     10014af0     AutoWrap.obj
 0002:00005b78       __sehtable$___scrt_is_nonwritable_in_current_image 10014b78     LIBCMT:utility.obj
 0002:00005b98       __sehtable$?dllmain_crt_process_attach@@YAHQAUHINSTANCE__@@QAX@Z 10014b98     LIBCMT:dll_dllmain.obj
 0002:00005bb8       __sehtable$?dllmain_crt_process_detach@@YAH_N@Z 10014bb8     LIBCMT:dll_dllmain.obj
 0002:00005be0       __sehtable$?dllmain_dispatch@@YAHQAUHINSTANCE__@@KQAX@Z 10014be0     LIBCMT:dll_dllmain.obj
 0002:00005c00       __sehtable$___DestructExceptionObject 10014c00     libvcruntime:ehhelpers.obj
 0002:00005c20       __sehtable$?FrameUnwindToState@__FrameHandler3@@SAXPAUEHRegistrationNode@@PAXPBU_s_FuncInfo@@H@Z 10014c20     libvcruntime:frame.obj
 0002:00005c48       __sehtable$?CallCatchBlock@@YAPAXPAUEHExceptionRecord@@PAUEHRegistrationNode@@PAU_CONTEXT@@PBU_s_FuncInfo@@PAXHK@Z 10014c48     libvcruntime:frame.obj
 0002:00005c70       __catchsym$?CallUnexpected@@YAXPBU_s_ESTypeList@@@Z$2 10014c70     libvcruntime:frame.obj
 0002:00005c80       __unwindtable$?CallUnexpected@@YAXPBU_s_ESTypeList@@@Z 10014c80     libvcruntime:frame.obj
 0002:00005c90       __tryblocktable$?CallUnexpected@@YAXPBU_s_ESTypeList@@@Z 10014c90     libvcruntime:frame.obj
 0002:00005ca4       __ehfuncinfo$?CallUnexpected@@YAXPBU_s_ESTypeList@@@Z 10014ca4     libvcruntime:frame.obj
 0002:00005cc8       __sehtable$??$BuildCatchObjectHelperInternal@V__FrameHandler3@@@@YAHPAUEHExceptionRecord@@PAXPBU_s_HandlerType@@PBU_s_CatchableType@@@Z 10014cc8     libvcruntime:frame.obj
 0002:00005ce8       __sehtable$??$BuildCatchObjectInternal@V__FrameHandler3@@@@YAXPAUEHExceptionRecord@@PAXPBU_s_HandlerType@@PBU_s_CatchableType@@@Z 10014ce8     libvcruntime:frame.obj
 0002:00005d40       __sehtable$__query_new_handler 10014d40     libucrt:new_handler.obj
 0002:00005d60       __sehtable$??R<lambda_6e4b09c48022b2350581041d5f6b0c4c>@@QBE@XZ 10014d60     libucrt:exit.obj
 0002:00005d80       __sehtable$??$?RV<lambda_03b1d95aef87969028cfba75ccab2455>@@AAV<lambda_6e4b09c48022b2350581041d5f6b0c4c>@@V<lambda_22bdf7517842c4b3e53723af5aa32b9e>@@@?$__crt_seh_guarded_call@X@@QAEX$$QAV<lambda_03b1d95aef87969028cfba75ccab2455>@@AAV<lambda_6e4b09c48022b2350581041d5f6b0c4c>@@$$QAV<lambda_22bdf7517842c4b3e53723af5aa32b9e>@@@Z 10014d80     libucrt:exit.obj
 0002:00005da0       __sehtable$??$?RV<lambda_8e746cf0007f6ed984d6f78af1fec997>@@AAV<lambda_22ebabd17bc4fa466a2aca6d8deb888d>@@V<lambda_18ed0c0b38a6dc0daf1e7ac6d6adf05e>@@@?$__crt_seh_guarded_call@H@@QAEH$$QAV<lambda_8e746cf0007f6ed984d6f78af1fec997>@@AAV<lambda_22ebabd17bc4fa466a2aca6d8deb888d>@@$$QAV<lambda_18ed0c0b38a6dc0daf1e7ac6d6adf05e>@@@Z 10014da0     libucrt:onexit.obj
 0002:00005dc0       __sehtable$??$?RV<lambda_69a2805e680e0e292e8ba93315fe43a8>@@AAV<lambda_f03950bc5685219e0bcd2087efbe011e>@@V<lambda_03fcd07e894ec930e3f35da366ca99d6>@@@?$__crt_seh_guarded_call@H@@QAEH$$QAV<lambda_69a2805e680e0e292e8ba93315fe43a8>@@AAV<lambda_f03950bc5685219e0bcd2087efbe011e>@@$$QAV<lambda_03fcd07e894ec930e3f35da366ca99d6>@@@Z 10014dc0     libucrt:onexit.obj
 0002:00005de0       __sehtable$_terminate      10014de0     libucrt:terminate.obj
 0002:00005e00       __sehtable$??$?RV<lambda_15ade71b0218206bbe3333a0c9b79046>@@AAV<lambda_da44e0f8b0f19ba52fefafb335991732>@@V<lambda_207f2d024fc103971653565357d6cd41>@@@?$__crt_seh_guarded_call@X@@QAEX$$QAV<lambda_15ade71b0218206bbe3333a0c9b79046>@@AAV<lambda_da44e0f8b0f19ba52fefafb335991732>@@$$QAV<lambda_207f2d024fc103971653565357d6cd41>@@@Z 10014e00     libucrt:per_thread_data.obj
 0002:00005e20       __sehtable$??$?RV<lambda_a7e850c220f1c8d1e6efeecdedd162c6>@@AAV<lambda_46720907175c18b6c9d2717bc0d2d362>@@V<lambda_9048902d66e8d99359bc9897bbb930a8>@@@?$__crt_seh_guarded_call@X@@QAEX$$QAV<lambda_a7e850c220f1c8d1e6efeecdedd162c6>@@AAV<lambda_46720907175c18b6c9d2717bc0d2d362>@@$$QAV<lambda_9048902d66e8d99359bc9897bbb930a8>@@@Z 10014e20     libucrt:per_thread_data.obj
 0002:00005e40       __sehtable$??$?RV<lambda_38edbb1296d33220d7e4dd0ed76b244a>@@AAV<lambda_5ce1d447e08cb34b2473517608e21441>@@V<lambda_fb385d3da700c9147fc39e65dd577a8c>@@@?$__crt_seh_guarded_call@X@@QAEX$$QAV<lambda_38edbb1296d33220d7e4dd0ed76b244a>@@AAV<lambda_5ce1d447e08cb34b2473517608e21441>@@$$QAV<lambda_fb385d3da700c9147fc39e65dd577a8c>@@@Z 10014e40     libucrt:per_thread_data.obj
 0002:00005e60       __sehtable$??$?RV<lambda_6affb1475c98b40b75cdec977db92e3c>@@AAV<lambda_b8d4b9c228a6ecc3f80208dbb4b4a104>@@V<lambda_608742c3c92a14382c1684fc64f96c88>@@@?$__crt_seh_guarded_call@X@@QAEX$$QAV<lambda_6affb1475c98b40b75cdec977db92e3c>@@AAV<lambda_b8d4b9c228a6ecc3f80208dbb4b4a104>@@$$QAV<lambda_608742c3c92a14382c1684fc64f96c88>@@@Z 10014e60     libucrt:per_thread_data.obj
 0002:00005e80       __sehtable$??$?RV<lambda_e5124f882df8998aaf41531e079ba474>@@AAV<lambda_3e16ef9562a7dcce91392c22ab16ea36>@@V<lambda_e25ca0880e6ef98be67edffd8c599615>@@@?$__crt_seh_guarded_call@X@@QAEX$$QAV<lambda_e5124f882df8998aaf41531e079ba474>@@AAV<lambda_3e16ef9562a7dcce91392c22ab16ea36>@@$$QAV<lambda_e25ca0880e6ef98be67edffd8c599615>@@@Z 10014e80     libucrt:wsetlocale.obj
 0002:00005ea0       __sehtable$?update_thread_multibyte_data_internal@@YAPAU__crt_multibyte_data@@QAU__acrt_ptd@@QAPAU1@@Z 10014ea0     libucrt:mbctype.obj
 0002:00005ec0       __sehtable$??$?RV<lambda_ceb1ee4838e85a9d631eb091e2fbe199>@@AAV<lambda_ae742caa10f662c28703da3d2ea5e57e>@@V<lambda_cd08b5d6af4937fe54fc07d0c9bf6b37>@@@?$__crt_seh_guarded_call@X@@QAEX$$QAV<lambda_ceb1ee4838e85a9d631eb091e2fbe199>@@AAV<lambda_ae742caa10f662c28703da3d2ea5e57e>@@$$QAV<lambda_cd08b5d6af4937fe54fc07d0c9bf6b37>@@@Z 10014ec0     libucrt:mbctype.obj
 0002:00005ee0       __sehtable$___acrt_initialize_lowio 10014ee0     libucrt:ioinit.obj
 0002:00005f00       __sehtable$_raise          10014f00     libucrt:signal.obj
 0002:00005f20       __sehtable$??$?RV<lambda_cbab9ec6f41b0180b23cc171c22676b0>@@AAV<lambda_44731a7d0e6d81c3e6aa82d741081786>@@V<lambda_4b292cb8dd18144e164572427af410ab>@@@?$__crt_seh_guarded_call@P6AXH@Z@@QAEP6AXH@Z$$QAV<lambda_cbab9ec6f41b0180b23cc171c22676b0>@@AAV<lambda_44731a7d0e6d81c3e6aa82d741081786>@@$$QAV<lambda_4b292cb8dd18144e164572427af410ab>@@@Z 10014f20     libucrt:signal.obj
 0002:00005f40       __sehtable$??$?RV<lambda_2866be3712abc81a800a822484c830d8>@@AAV<lambda_39ca0ed439415581b5b15c265174cece>@@V<lambda_2b24c74d71094a6cd0cb82e44167d71b>@@@?$__crt_seh_guarded_call@X@@QAEX$$QAV<lambda_2866be3712abc81a800a822484c830d8>@@AAV<lambda_39ca0ed439415581b5b15c265174cece>@@$$QAV<lambda_2b24c74d71094a6cd0cb82e44167d71b>@@@Z 10014f40     libucrt:fflush.obj
 0002:00005f60       __sehtable$??$?RV<lambda_2cc53f568c5a2bb6f192f930a45d44ea>@@AAV<lambda_ab61a845afdef5b7c387490eaf3616ee>@@V<lambda_c2ffc0b7726aa6be21d5f0026187e748>@@@?$__crt_seh_guarded_call@X@@QAEX$$QAV<lambda_2cc53f568c5a2bb6f192f930a45d44ea>@@AAV<lambda_ab61a845afdef5b7c387490eaf3616ee>@@$$QAV<lambda_c2ffc0b7726aa6be21d5f0026187e748>@@@Z 10014f60     libucrt:fflush.obj
 0002:00005f80       __sehtable$___acrt_update_thread_locale_data 10014f80     libucrt:locale_refcounting.obj
 0002:00005fa0       __sehtable$___acrt_lowio_ensure_fh_exists 10014fa0     libucrt:osfinfo.obj
 0002:00005fc0       __sehtable$??$?RV<lambda_9e9de3de5fa147e2223d7db92bc10aa6>@@AAV<lambda_38ce7e780aa69e748d6df282ebc68efe>@@V<lambda_8ca6da459f0f6780f1cff60fdc3d00e5>@@@?$__crt_seh_guarded_call@H@@QAEH$$QAV<lambda_9e9de3de5fa147e2223d7db92bc10aa6>@@AAV<lambda_38ce7e780aa69e748d6df282ebc68efe>@@$$QAV<lambda_8ca6da459f0f6780f1cff60fdc3d00e5>@@@Z 10014fc0     libucrt:commit.obj
 0002:00005fe0       __sehtable$__write         10014fe0     libucrt:write.obj
 0002:00006000       __sehtable$__fcloseall     10015000     libucrt:closeall.obj
 0002:00006020       __sehtable$_fclose         10015020     libucrt:fclose.obj
 0002:00006040       __sehtable$??$?RV<lambda_218ce3db14220d0be481dae8ef3383b6>@@AAV<lambda_628dfdc04ba53c8bfc02c9951375f3f5>@@V<lambda_57dc472bd5c9d5f3b2cbca59b8a843ae>@@@?$__crt_seh_guarded_call@H@@QAEH$$QAV<lambda_218ce3db14220d0be481dae8ef3383b6>@@AAV<lambda_628dfdc04ba53c8bfc02c9951375f3f5>@@$$QAV<lambda_57dc472bd5c9d5f3b2cbca59b8a843ae>@@@Z 10015040     libucrt:close.obj
 0002:00006060       __sehtable$__IsNonwritableInCurrentImage 10015060     LIBCMT:pesect.obj
 0002:000060f0       .edata                     100150f0     AutoWrap.exp
 0002:00006118       rgpv                       10015118     AutoWrap.exp
 0002:0000612c       rgszName                   1001512c     AutoWrap.exp
 0002:00006140       rgwOrd                     10015140     AutoWrap.exp
 0002:0000614a       szName                     1001514a     AutoWrap.exp
 0002:00006157       $N00001                    10015157     AutoWrap.exp
 0002:00006166       $N00002                    10015166     AutoWrap.exp
 0002:00006175       $N00003                    10015175     AutoWrap.exp
 0002:0000617b       $N00004                    1001517b     AutoWrap.exp
 0002:0000618f       $N00005                    1001518f     AutoWrap.exp
 0002:0000640c       .idata$6                   1001540c     kernel32:KERNEL32.dll
 0003:00000010       ?__vcrt_flsindex@@3KA      10016010     libvcruntime:per_thread_data.obj
 0003:00000040       ?__acrt_flsindex@@3KA      10016040     libucrt:per_thread_data.obj
 0003:0000010c       ?errno_no_memory@@3HA      1001610c     libucrt:errno.obj
 0003:00000110       ?doserrno_no_memory@@3KA   10016110     libucrt:errno.obj
 0003:00000338       __mbctypes                 10016338     libucrt:mbctype.obj
 0003:00000440       __mbcasemaps               10016440     libucrt:mbctype.obj
 0003:00000540       ?__rgctypeflag@@3PADA      10016540     libucrt:mbctype.obj
 0003:00000548       ?__rgcode_page_info@@3PAUcode_page_info@@A 10016548     libucrt:mbctype.obj
 0003:00000840       ?__dcrt_lowio_console_output_handle@@3PAXA 10016840     libucrt:initcon.obj
 0003:000009d8       ?is_initialized_as_dll@@3_NA 100169d8     LIBCMT:utility.obj
 0003:000009d9       ?module_local_atexit_table_initialized@@3_NA 100169d9     LIBCMT:utility.obj
 0003:000009dc       ?module_local_atexit_table@@3U_onexit_table_t@@A 100169dc     LIBCMT:utility.obj
 0003:000009e8       ?module_local_at_quick_exit_table@@3U_onexit_table_t@@A 100169e8     LIBCMT:utility.obj
 0003:000009f4       ?__proc_attached@@3HA      100169f4     LIBCMT:dll_dllmain.obj
 0003:000009f8       _GS_ExceptionRecord        100169f8     LIBCMT:gs_report.obj
 0003:00000a48       _GS_ContextRecord          10016a48     LIBCMT:gs_report.obj
 0003:00000d44       ?__vcrt_startup_thread_ptd@@3U__vcrt_ptd@@A 10016d44     libvcruntime:per_thread_data.obj
 0003:00000d70       ___vcrt_lock_table         10016d70     libvcruntime:locks.obj
 0003:00000d88       ___vcrt_locks_initialized  10016d88     libvcruntime:locks.obj
 0003:00000db4       ?heap@@3V_HeapManager@@A   10016db4     libvcruntime:undname.obj
 0003:00000dc8       ?module_handles@@3PAPAUHINSTANCE__@@A 10016dc8     libvcruntime:winapi_downlevel.obj
 0003:00000dd4       ?function_pointers@@3PAPAXA 10016dd4     libvcruntime:winapi_downlevel.obj
 0003:00000de8       ?__acrt_invalid_parameter_handler@@3V?$dual_state_global@P6AXPB_W00II@Z@__crt_state_management@@A 10016de8     libucrt:invalid_parameter.obj
 0003:00000dec       ?__acrt_new_handler@@3V?$dual_state_global@P6AHI@Z@__crt_state_management@@A 10016dec     libucrt:new_handler.obj
 0003:00000df0       ?c_termination_complete@@3JA 10016df0     libucrt:exit.obj
 0003:00000df4       ?thread_local_exit_callback_func@@3P6GXPAXK0@ZA 10016df4     libucrt:exit.obj
 0003:00000e00       ?program_name@?1???$common_configure_argv@D@@YAHW4_crt_argv_mode@@@Z@4PADA 10016e00     libucrt:argv_parsing.obj
 0003:00000f38       ?__acrt_lock_table@@3PAU_RTL_CRITICAL_SECTION@@A 10016f38     libucrt:locks.obj
 0003:00001088       ?__acrt_locks_initialized@@3IA 10017088     libucrt:locks.obj
 0003:00001098       ?fSystemSet@@3HA           10017098     libucrt:mbctype.obj
 0003:0000109c       ?initialized@?1??__acrt_initialize_multibyte@@9@4_NA 1001709c     libucrt:mbctype.obj
 0003:000010b8       ?module_handles@@3PAPAUHINSTANCE__@@A 100170b8     libucrt:winapi_thunks.obj
 0003:00001108       ?encoded_function_pointers@@3PAPAXA 10017108     libucrt:winapi_thunks.obj
 0003:0000139c       ?ctrlc_action@@3V?$dual_state_global@P6AXH@Z@__crt_state_management@@A 1001739c     libucrt:signal.obj
 0003:000013a0       ?ctrlbreak_action@@3V?$dual_state_global@P6AXH@Z@__crt_state_management@@A 100173a0     libucrt:signal.obj
 0003:000013a4       ?abort_action@@3V?$dual_state_global@P6AXH@Z@__crt_state_management@@A 100173a4     libucrt:signal.obj
 0003:000013a8       ?term_action@@3V?$dual_state_global@P6AXH@Z@__crt_state_management@@A 100173a8     libucrt:signal.obj
 0003:000013ac       ?user_matherr@@3V?$dual_state_global@P6AHPAU_exception@@@Z@__crt_state_management@@A 100173ac     libucrt:matherr.obj
 0003:000013c0       ?internal_state@?1??_mbtowc_l@@9@4U_Mbstatet@@A 100173c0     libucrt:mbtowc.obj
 0003:000013d0       ?__acrt_global_new_mode@@3V?$dual_state_global@J@__crt_state_management@@A 100173d0     libucrt:new_mode.obj
 0003:000013d4       ?__acrt_app_type@@3W4_crt_app_type@@A 100173d4     libucrt:report_runtime_error.obj
 0003:000013d8       ?internal_pst@?1??__mbrtoc32_utf8@__crt_mbstring@@YAIPA_UPBDIPAU_Mbstatet@@@Z@4U3@A 100173d8     libucrt:mbrtoc32.obj
 0003:000013e4       __pmatherr_set             100173e4     libucrt:libm_error.obj
 0003:000013e8       ?Reenter@?1??ProcessEditorInputW@@9@4@4HA 100173e8     AutoWrap.obj
 0003:000013f0       ?FSF@@3UFarStandardFunctions@@A 100173f0     AutoWrap.obj
 0003:000014b8       ?PsInfo@@3UPluginStartupInfo@@A 100174b8     AutoWrap.obj
 0003:00001550       ?Opt@@3UOptions@@A         10017550     AutoWrap.obj
 0003:00001d58       ?PluginMenuStrings@?1??GetPluginInfoW@@9@4@4PAPB_WA 10017d58     AutoWrap.obj
 0003:00001d5c       ?FunctionPointer@?1??Wrapper_CompareStringEx@@9@36@4Q6GHPB_WK0H0HPAU_nlsversioninfo@@PAXJ@ZA 10017d5c     vc_crt_fix_impl.obj
 0003:00001d60       ?FunctionPointer@?1??Wrapper_InitializeSListHead@@9@4@4Q6GXPAT_SLIST_HEADER@@@ZA 10017d60     vc_crt_fix_impl.obj
 0003:00001d64       ?FunctionPointer@?1??Wrapper_QueryDepthSList@@9@4@4Q6GGPAT_SLIST_HEADER@@@ZA 10017d64     vc_crt_fix_impl.obj
 0003:00001d68       ?$S9@?1??Wrapper_InterlockedPushEntrySList@@9@8@4IA 10017d68     vc_crt_fix_impl.obj
 0003:00001d6c       ?$S11@?1??Wrapper_RtlFirstEntrySList@@9@4@4IA 10017d6c     vc_crt_fix_impl.obj
 0003:00001d70       ?FunctionPointer@?1??Wrapper_WakeAllConditionVariable@@9@4@4Q6GXPAU_RTL_CONDITION_VARIABLE@@@ZA 10017d70     vc_crt_fix_impl.obj
 0003:00001d74       ?$S21@?1??Wrapper_AcquireSRWLockExclusive@@9@4@4IA 10017d74     vc_crt_fix_impl.obj
 0003:00001d78       ?$S8@?1??Wrapper_InterlockedPopEntrySList@@9@4@4IA 10017d78     vc_crt_fix_impl.obj
 0003:00001d7c       ?$S4@?1??Wrapper_GetModuleHandleExW@@9@12@4IA 10017d7c     vc_crt_fix_impl.obj
 0003:00001d80       ?Cookie@?1??XorPointer@@YAPAXPAX@Z@4IB 10017d80     vc_crt_fix_impl.obj
 0003:00001d84       ?FunctionPointer@?1??Wrapper_GetLogicalProcessorInformation@@9@8@4Q6GHPAU_SYSTEM_LOGICAL_PROCESSOR_INFORMATION@@PAK@ZA 10017d84     vc_crt_fix_impl.obj
 0003:00001d88       ?$S1@?1??XorPointer@@YAPAXPAX@Z@4IA 10017d88     vc_crt_fix_impl.obj
 0003:00001d8c       ?$S19@?1??Wrapper_SleepConditionVariableSRW@@9@16@4IA 10017d8c     vc_crt_fix_impl.obj
 0003:00001d90       ?FunctionPointer@?1??Wrapper_SleepConditionVariableSRW@@9@16@4Q6GHPAU_RTL_CONDITION_VARIABLE@@PAU_RTL_SRWLOCK@@KK@ZA 10017d90     vc_crt_fix_impl.obj
 0003:00001d94       ?$S13@?1??Wrapper_GetNumaHighestNodeNumber@@9@4@4IA 10017d94     vc_crt_fix_impl.obj
 0003:00001d98       ?$S10@?1??Wrapper_InterlockedPushListSListEx@@9@16@4IA 10017d98     vc_crt_fix_impl.obj
 0003:00001d9c       ?FunctionPointer@?1??Wrapper_GetModuleHandleExW@@9@12@4Q6GHKPB_WPAPAUHINSTANCE__@@@ZA 10017d9c     vc_crt_fix_impl.obj
 0003:00001da0       ?Deleter@?1??InitializeSListHead@implementation@slist@@YGXPAT_SLIST_HEADER@@@Z@4Vservice_deleter@23@A 10017da0     vc_crt_fix_impl.obj
 0003:00001dc0       ?$S15@?1??Wrapper_SetThreadStackGuarantee@@9@4@4IA 10017dc0     vc_crt_fix_impl.obj
 0003:00001dc4       ?$S7@?1??Wrapper_InterlockedFlushSList@@9@4@4IA 10017dc4     vc_crt_fix_impl.obj
 0003:00001dc8       ?FunctionPointer@?1??Wrapper_DecodePointer@@9@4@4Q6GPAXPAX@ZA 10017dc8     vc_crt_fix_impl.obj
 0003:00001dcc       ?$S16@?1??Wrapper_InitializeCriticalSectionEx@@9@12@4IA 10017dcc     vc_crt_fix_impl.obj
 0003:00001dd0       ?$S18@?1??Wrapper_LCMapStringEx@@9@36@4IA 10017dd0     vc_crt_fix_impl.obj
 0003:00001dd4       ?$S12@?1??Wrapper_QueryDepthSList@@9@4@4IA 10017dd4     vc_crt_fix_impl.obj
 0003:00001dd8       ?FunctionPointer@?1??Wrapper_SetThreadStackGuarantee@@9@4@4Q6GHPAK@ZA 10017dd8     vc_crt_fix_impl.obj
 0003:00001ddc       ?FunctionPointer@?1??Wrapper_RtlFirstEntrySList@@9@4@4Q6GPAU_SINGLE_LIST_ENTRY@@PAT_SLIST_HEADER@@@ZA 10017ddc     vc_crt_fix_impl.obj
 0003:00001de0       ?$S5@?1??InitializeSListHead@implementation@slist@@YGXPAT_SLIST_HEADER@@@Z@4IA 10017de0     vc_crt_fix_impl.obj
 0003:00001de4       ?$S3@?1??Wrapper_DecodePointer@@9@4@4IA 10017de4     vc_crt_fix_impl.obj
 0003:00001de8       ?FunctionPointer@?1??Wrapper_InterlockedFlushSList@@9@4@4Q6GPAU_SINGLE_LIST_ENTRY@@PAT_SLIST_HEADER@@@ZA 10017de8     vc_crt_fix_impl.obj
 0003:00001dec       ?FunctionPointer@?1??Wrapper_InterlockedPopEntrySList@@9@4@4Q6GPAU_SINGLE_LIST_ENTRY@@PAT_SLIST_HEADER@@@ZA 10017dec     vc_crt_fix_impl.obj
 0003:00001df0       ?FunctionPointer@?1??Wrapper_InterlockedPushEntrySList@@9@8@4Q6GPAU_SINGLE_LIST_ENTRY@@PAT_SLIST_HEADER@@PAU2@@ZA 10017df0     vc_crt_fix_impl.obj
 0003:00001df4       ?$S2@?1??Wrapper_EncodePointer@@9@4@4IA 10017df4     vc_crt_fix_impl.obj
 0003:00001df8       ?$S22@?1??Wrapper_ReleaseSRWLockExclusive@@9@4@4IA 10017df8     vc_crt_fix_impl.obj
 0003:00001dfc       ?Ptr@?1???R<lambda_1>@?1??XorPointer@@YAPAXPAX@Z@QBE@XZ@4PAXA 10017dfc     vc_crt_fix_impl.obj
 0003:00001e00       ?FunctionPointer@?1??Wrapper_InterlockedPushListSListEx@@9@16@4Q6GPAU_SINGLE_LIST_ENTRY@@PAT_SLIST_HEADER@@PAU2@1K@ZA 10017e00     vc_crt_fix_impl.obj
 0003:00001e04       ?$S17@?1??Wrapper_CompareStringEx@@9@36@4IA 10017e04     vc_crt_fix_impl.obj
 0003:00001e08       ?$S6@?1??Wrapper_InitializeSListHead@@9@4@4IA 10017e08     vc_crt_fix_impl.obj
 0003:00001e0c       ?FunctionPointer@?1??Wrapper_EncodePointer@@9@4@4Q6GPAXPAX@ZA 10017e0c     vc_crt_fix_impl.obj
 0003:00001e10       ?FunctionPointer@?1??Wrapper_InitializeCriticalSectionEx@@9@12@4Q6GHPAU_RTL_CRITICAL_SECTION@@KK@ZA 10017e10     vc_crt_fix_impl.obj
 0003:00001e14       ?FunctionPointer@?1??Wrapper_ReleaseSRWLockExclusive@@9@4@4Q6GXPAU_RTL_SRWLOCK@@@ZA 10017e14     vc_crt_fix_impl.obj
 0003:00001e18       ?$S20@?1??Wrapper_WakeAllConditionVariable@@9@4@4IA 10017e18     vc_crt_fix_impl.obj
 0003:00001e1c       ?FunctionPointer@?1??Wrapper_LCMapStringEx@@9@36@4Q6GHPB_WK0HPA_WHPAU_nlsversioninfo@@PAXJ@ZA 10017e1c     vc_crt_fix_impl.obj
 0003:00001e20       ?FunctionPointer@?1??Wrapper_GetNumaHighestNodeNumber@@9@4@4Q6GHPAK@ZA 10017e20     vc_crt_fix_impl.obj
 0003:00001e24       ?FunctionPointer@?1??Wrapper_AcquireSRWLockExclusive@@9@4@4Q6GXPAU_RTL_SRWLOCK@@@ZA 10017e24     vc_crt_fix_impl.obj
 0003:00001e28       ?$S14@?1??Wrapper_GetLogicalProcessorInformation@@9@8@4IA 10017e28     vc_crt_fix_impl.obj
 0004:00000060       $R000000                   10018060     AutoWrap.res
