 LuaMacro

 Timestamp is 657a57e3 (Thu Dec 14 01:18:27 2023)

 Preferred load address is 10000000

 Start         Length     Name                   Class
 0001:00000000 0000d600H .text$mn                CODE
 0001:0000d600 000000e0H .text$x                 CODE
 0001:0000d6e0 0000008eH .text$yd                CODE
 0002:00000000 000001d8H .idata$5                DATA
 0002:000001d8 00000004H .00cfg                  DATA
 0002:000001dc 00000004H .CRT$XCA                DATA
 0002:000001e0 00000004H .CRT$XCZ                DATA
 0002:000001e4 00000004H .CRT$XIA                DATA
 0002:000001e8 0000000cH .CRT$XIC                DATA
 0002:000001f4 00000004H .CRT$XIZ                DATA
 0002:000001f8 00000004H .CRT$XPA                DATA
 0002:000001fc 00000008H .CRT$XPX                DATA
 0002:00000204 00000004H .CRT$XPXA               DATA
 0002:00000208 00000004H .CRT$XPZ                DATA
 0002:0000020c 00000004H .CRT$XTA                DATA
 0002:00000210 00000010H .CRT$XTZ                DATA
 0002:00000214 00000000H .gfids$y                DATA
 0002:00000220 00004f20H .rdata                  DATA
 0002:00005140 00000000H .rdata$CastGuardVftablesA DATA
 0002:00005140 00000000H .rdata$CastGuardVftablesC DATA
 0002:00005140 000000dcH .rdata$r                DATA
 0002:0000521c 00000028H .rdata$sxdata           DATA
 0002:00005244 00000030H .rdata$voltmd           DATA
 0002:00005274 00000314H .rdata$zzzdbg           DATA
 0002:00005588 00000004H .rtc$IAA                DATA
 0002:0000558c 00000004H .rtc$IZZ                DATA
 0002:00005590 00000004H .rtc$TAA                DATA
 0002:00005594 00000004H .rtc$TZZ                DATA
 0002:00005598 00000658H .xdata$x                DATA
 0002:00005bf0 00000388H .edata                  DATA
 0002:00005f78 0000003cH .idata$2                DATA
 0002:00005fb4 00000014H .idata$3                DATA
 0002:00005fc8 000001d8H .idata$4                DATA
 0002:000061a0 00000878H .idata$6                DATA
 0003:00000000 00000860H .data                   DATA
 0003:00000860 0000003cH .data$r                 DATA
 0003:0000089c 0000001cH .data$rs                DATA
 0003:000008b8 00000f60H .bss                    DATA
 0004:00000000 00000060H .rsrc$01                DATA
 0004:00000060 00000338H .rsrc$02                DATA

  Address         Publics by Value              Rva+Base       Lib:Object

 0000:00000000       ___guard_eh_cont_table     00000000     <absolute>
 0000:00000000       ___guard_fids_count        00000000     <absolute>
 0000:00000000       ___arm64x_native_entrypoint 00000000     <absolute>
 0000:00000000       __except_list              00000000     <absolute>
 0000:00000000       ___x64_code_ranges_to_entry_points_count 00000000     <absolute>
 0000:00000000       ___guard_longjmp_table     00000000     <absolute>
 0000:00000000       ___arm64x_extra_rfe_table  00000000     <absolute>
 0000:00000000       ___arm64x_redirection_metadata 00000000     <absolute>
 0000:00000000       ___guard_eh_cont_count     00000000     <absolute>
 0000:00000000       ___guard_iat_table         00000000     <absolute>
 0000:00000000       ___hybrid_code_map_count   00000000     <absolute>
 0000:00000000       ___x64_code_ranges_to_entry_points 00000000     <absolute>
 0000:00000000       ___guard_iat_count         00000000     <absolute>
 0000:00000000       ___hybrid_code_map         00000000     <absolute>
 0000:00000000       ___guard_longjmp_count     00000000     <absolute>
 0000:00000000       ___arm64x_extra_rfe_table_size 00000000     <absolute>
 0000:00000000       ___guard_check_icall_a64n_fptr 00000000     <absolute>
 0000:00000000       ___arm64x_redirection_metadata_count 00000000     <absolute>
 0000:00000000       ___hybrid_auxiliary_iat    00000000     <absolute>
 0000:00000000       ___dynamic_value_reloc_table 00000000     <absolute>
 0000:00000000       ___enclave_config          00000000     <absolute>
 0000:00000000       ___hybrid_auxiliary_iat_copy 00000000     <absolute>
 0000:00000000       ___AbsoluteZero            00000000     <absolute>
 0000:00000000       ___guard_fids_table        00000000     <absolute>
 0000:0000000a       ___safe_se_handler_count   0000000a     <absolute>
 0000:00000100       ___guard_flags             00000100     <absolute>
 0000:00000000       ___ImageBase               10000000     <linker-defined>
 0001:000000c0       _DllMain@12                100010c0 f   luaplug.obj
 0001:000001f0       _luaopen_luaplug           100011f0 f   luaplug.obj
 0001:00000280       _GetLuaState               10001280 f   luaplug.obj
 0001:000002c0       _GetGlobalInfoW@4          100012c0 f   luaplug.obj
 0001:00000350       _SetStartupInfoW@4         10001350 f   luaplug.obj
 0001:00000470       _GetPluginInfoW@4          10001470 f   luaplug.obj
 0001:000004c0       _ProcessSynchroEventW@4    100014c0 f   luaplug.obj
 0001:00000520       _GetMinFarVersionW@0       10001520 f   luaplug.obj
 0001:00000530       _OpenW@4                   10001530 f   luaplug.obj
 0001:00000730       _GetFindDataW@4            10001730 f   luaplug.obj
 0001:00000790       _FreeFindDataW@4           10001790 f   luaplug.obj
 0001:000007e0       _ClosePanelW@4             100017e0 f   luaplug.obj
 0001:00000830       _GetFilesW@4               10001830 f   luaplug.obj
 0001:00000890       _GetOpenPanelInfoW@4       10001890 f   luaplug.obj
 0001:000008e0       _ExitFARW@4                100018e0 f   luaplug.obj
 0001:00000930       _CompareW@4                10001930 f   luaplug.obj
 0001:00000990       _ConfigureW@4              10001990 f   luaplug.obj
 0001:000009f0       _DeleteFilesW@4            100019f0 f   luaplug.obj
 0001:00000a50       _MakeDirectoryW@4          10001a50 f   luaplug.obj
 0001:00000ab0       _ProcessPanelEventW@4      10001ab0 f   luaplug.obj
 0001:00000b10       _ProcessHostFileW@4        10001b10 f   luaplug.obj
 0001:00000b70       _ProcessPanelInputW@4      10001b70 f   luaplug.obj
 0001:00000bd0       _PutFilesW@4               10001bd0 f   luaplug.obj
 0001:00000c30       _SetDirectoryW@4           10001c30 f   luaplug.obj
 0001:00000c90       _SetFindListW@4            10001c90 f   luaplug.obj
 0001:00000cf0       _ProcessEditorInputW@4     10001cf0 f   luaplug.obj
 0001:00000d50       _ProcessEditorEventW@4     10001d50 f   luaplug.obj
 0001:00000db0       _ProcessViewerEventW@4     10001db0 f   luaplug.obj
 0001:00000e10       _ProcessDialogEventW@4     10001e10 f   luaplug.obj
 0001:00000e70       _GetContentFieldsW@4       10001e70 f   luaplug.obj
 0001:00000ed0       _GetContentDataW@4         10001ed0 f   luaplug.obj
 0001:00000f40       _FreeContentDataW@4        10001f40 f   luaplug.obj
 0001:00000f90       _AnalyseW@4                10001f90 f   luaplug.obj
 0001:00001000       _CloseAnalyseW@4           10002000 f   luaplug.obj
 0001:00001050       _ProcessConsoleInputW@4    10002050 f   luaplug.obj
 0001:000010b0       _Wrapper_EncodePointer@4   100020b0 f   vc_crt_fix_impl.obj
 0001:00001170       _Wrapper_DecodePointer@4   10002170 f   vc_crt_fix_impl.obj
 0001:000011c0       _Wrapper_GetModuleHandleExW@12 100021c0 f   vc_crt_fix_impl.obj
 0001:000012e0       ??3service_entry@implementation@slist@@SAXPAX@Z 100022e0 f i vc_crt_fix_impl.obj
 0001:000016d0       _Wrapper_InitializeSListHead@4 100026d0 f   vc_crt_fix_impl.obj
 0001:00001720       _Wrapper_InterlockedFlushSList@4 10002720 f   vc_crt_fix_impl.obj
 0001:00001770       _Wrapper_InterlockedPopEntrySList@4 10002770 f   vc_crt_fix_impl.obj
 0001:000017c0       _Wrapper_InterlockedPushEntrySList@8 100027c0 f   vc_crt_fix_impl.obj
 0001:00001810       _Wrapper_InterlockedPushListSListEx@16 10002810 f   vc_crt_fix_impl.obj
 0001:00001860       _Wrapper_RtlFirstEntrySList@4 10002860 f   vc_crt_fix_impl.obj
 0001:000018b0       _Wrapper_QueryDepthSList@4 100028b0 f   vc_crt_fix_impl.obj
 0001:00001900       _Wrapper_GetNumaHighestNodeNumber@4 10002900 f   vc_crt_fix_impl.obj
 0001:00001970       _Wrapper_GetLogicalProcessorInformation@8 10002970 f   vc_crt_fix_impl.obj
 0001:000019d0       _Wrapper_SetThreadStackGuarantee@4 100029d0 f   vc_crt_fix_impl.obj
 0001:00001a30       _Wrapper_InitializeCriticalSectionEx@12 10002a30 f   vc_crt_fix_impl.obj
 0001:00001ab0       _Wrapper_CompareStringEx@36 10002ab0 f   vc_crt_fix_impl.obj
 0001:00001b30       _Wrapper_LCMapStringEx@36  10002b30 f   vc_crt_fix_impl.obj
 0001:00001bb0       _Wrapper_SleepConditionVariableSRW@16 10002bb0 f   vc_crt_fix_impl.obj
 0001:00001c10       _Wrapper_WakeAllConditionVariable@4 10002c10 f   vc_crt_fix_impl.obj
 0001:00001c70       _Wrapper_AcquireSRWLockExclusive@4 10002c70 f   vc_crt_fix_impl.obj
 0001:00001cc0       _Wrapper_ReleaseSRWLockExclusive@4 10002cc0 f   vc_crt_fix_impl.obj
 0001:00001d10       @__security_check_cookie@4 10002d10 f   LIBCMT:secchk.obj
 0001:00001d62       ___scrt_acquire_startup_lock 10002d62 f   LIBCMT:utility.obj
 0001:00001d94       ___scrt_dllmain_after_initialize_c 10002d94 f   LIBCMT:utility.obj
 0001:00001dbf       ___scrt_dllmain_before_initialize_c 10002dbf f   LIBCMT:utility.obj
 0001:00001dcd       ___scrt_dllmain_crt_thread_attach 10002dcd f   LIBCMT:utility.obj
 0001:00001dec       ___scrt_dllmain_crt_thread_detach 10002dec f   LIBCMT:utility.obj
 0001:00001df9       ___scrt_dllmain_exception_filter 10002df9 f   LIBCMT:utility.obj
 0001:00001e2d       ___scrt_dllmain_uninitialize_c 10002e2d f   LIBCMT:utility.obj
 0001:00001e50       ___scrt_dllmain_uninitialize_critical 10002e50 f   LIBCMT:utility.obj
 0001:00001e5d       ___scrt_initialize_crt     10002e5d f   LIBCMT:utility.obj
 0001:00001e96       ___scrt_initialize_onexit_tables 10002e96 f   LIBCMT:utility.obj
 0001:00001f1d       ___scrt_is_nonwritable_in_current_image 10002f1d f   LIBCMT:utility.obj
 0001:00001fb1       ___scrt_release_startup_lock 10002fb1 f   LIBCMT:utility.obj
 0001:00001fce       ___scrt_uninitialize_crt   10002fce f   LIBCMT:utility.obj
 0001:00001ff6       __onexit                   10002ff6 f   LIBCMT:utility.obj
 0001:00002023       _atexit                    10003023 f   LIBCMT:utility.obj
 0001:00002378       __DllMainCRTStartup@12     10003378 f   LIBCMT:dll_dllmain.obj
 0001:0000239b       ___raise_securityfailure   1000339b f   LIBCMT:gs_report.obj
 0001:000023c3       ___report_gsfailure        100033c3 f   LIBCMT:gs_report.obj
 0001:000024bd       ___isa_available_init      100034bd f   LIBCMT:cpu_disp.obj
 0001:0000268e       __get_startup_argv_mode    1000368e f   LIBCMT:argv_mode.obj
 0001:00002692       ___scrt_is_ucrt_dll_in_use 10003692 f   LIBCMT:ucrt_detection.obj
 0001:0000269e       ___scrt_fastfail           1000369e f   LIBCMT:utility_desktop.obj
 0001:000027b9       __crt_debugger_hook        100037b9 f   LIBCMT:utility_desktop.obj
 0001:000027d0       __SEH_prolog4              100037d0 f   LIBCMT:sehprolg4.obj
 0001:00002815       @_guard_check_icall_nop@4  10003815 f i LIBCMT:guard_support.obj
 0001:00002865       ___security_init_cookie    10003865 f   LIBCMT:gs_support.obj
 0001:000028b0       ?__scrt_initialize_type_info@@YAXXZ 100038b0 f   LIBCMT:tncleanup.obj
 0001:000028bc       ?__scrt_uninitialize_type_info@@YAXXZ 100038bc f   LIBCMT:tncleanup.obj
 0001:000028c8       ___local_stdio_printf_options 100038c8 f i LIBCMT:default_local_stdio_options.obj
 0001:000028ce       ___local_stdio_scanf_options 100038ce f i LIBCMT:default_local_stdio_options.obj
 0001:000028d4       ___scrt_initialize_default_local_stdio_options 100038d4 f   LIBCMT:default_local_stdio_options.obj
 0001:000028f1       ___scrt_get_dyn_tls_init_callback 100038f1 f   LIBCMT:dyn_tls_init.obj
 0001:000028f7       __RTC_Initialize           100038f7 f   LIBCMT:initsect.obj
 0001:00002923       __RTC_Terminate            10003923 f   LIBCMT:initsect.obj
 0001:0000294f       _wcsrchr                   1000394f f   libvcruntime:wcsrchr.obj
 0001:000029f3       ?GetRangeOfTrysToCheck@__FrameHandler3@@SA?AU?$pair@Viterator@TryBlockMap@__FrameHandler3@@V123@@std@@AAVTryBlockMap@1@HPAXPBU_s_FuncInfo@@H@Z 100039f3 f   libvcruntime:trnsctrl.obj
 0001:00002a63       ?_CallCatchBlock2@@YAPAXPAUEHRegistrationNode@@PBU_s_FuncInfo@@PAXHK@Z 10003a63 f   libvcruntime:trnsctrl.obj
 0001:00002ac0       ?_CallSETranslator@@YAHPAUEHExceptionRecord@@PAUEHRegistrationNode@@PAX2PBU_s_FuncInfo@@H1@Z 10003ac0 f   libvcruntime:trnsctrl.obj
 0001:00002bb6       ?_JumpToContinuation@@YGXPAXPAUEHRegistrationNode@@@Z 10003bb6 f   libvcruntime:trnsctrl.obj
 0001:00002be6       ?_UnwindNestedFrames@@YGXPAUEHRegistrationNode@@PAUEHExceptionRecord@@@Z 10003be6 f   libvcruntime:trnsctrl.obj
 0001:00002c39       __CatchGuardHandler        10003c39 f   libvcruntime:trnsctrl.obj
 0001:00002c6a       __CreateFrameInfo          10003c6a f   libvcruntime:trnsctrl.obj
 0001:00002c8e       __FindAndUnlinkFrame       10003c8e f   libvcruntime:trnsctrl.obj
 0001:00002cd6       __TranslatorGuardHandler   10003cd6 f   libvcruntime:trnsctrl.obj
 0001:00002d73       ___CxxFrameHandler3        10003d73 f   libvcruntime:trnsctrl.obj
 0001:00002da9       ___DestructExceptionObject 10003da9 f   libvcruntime:ehhelpers.obj
 0001:00002e4a       ?_CallMemberFunction0@@YGXQAX0@Z 10003e4a f i libvcruntime:ehhelpers.obj
 0001:00002eaf       __IsExceptionObjectToBeDestroyed 10003eaf f   libvcruntime:ehhelpers.obj
 0001:00002ed5       ___AdjustPointer           10003ed5 f   libvcruntime:ehhelpers.obj
 0001:00002efa       ___FrameUnwindFilter       10003efa f   libvcruntime:ehhelpers.obj
 0001:00002f50       ___std_terminate           10003f50 f   libvcruntime:ehhelpers.obj
 0001:00002f55       ___vcrt_initialize         10003f55 f   libvcruntime:initialization.obj
 0001:00002f74       ___vcrt_thread_attach      10003f74 f   libvcruntime:initialization.obj
 0001:00002f7f       ___vcrt_thread_detach      10003f7f f   libvcruntime:initialization.obj
 0001:00002f8a       ___vcrt_uninitialize       10003f8a f   libvcruntime:initialization.obj
 0001:00002fa1       ___vcrt_uninitialize_critical 10003fa1 f   libvcruntime:initialization.obj
 0001:00002ff0       __except_handler4          10003ff0 f   libvcruntime:chandler4.obj
 0001:00003150       _memset                    10004150 f   libvcruntime:memset.obj
 0001:000032aa       ___std_type_info_compare   100042aa f   libvcruntime:std_type_info.obj
 0001:000032e6       ___std_type_info_destroy_list 100042e6 f   libvcruntime:std_type_info.obj
 0001:00003309       ___vcrt_freefls@4          10004309 f   libvcruntime:per_thread_data.obj
 0001:00003325       ___vcrt_freeptd            10004325 f   libvcruntime:per_thread_data.obj
 0001:0000335b       ___vcrt_getptd             1000435b f   libvcruntime:per_thread_data.obj
 0001:00003369       ___vcrt_getptd_noexit      10004369 f   libvcruntime:per_thread_data.obj
 0001:000033fb       ___vcrt_initialize_ptd     100043fb f   libvcruntime:per_thread_data.obj
 0001:0000342e       ___vcrt_uninitialize_ptd   1000442e f   libvcruntime:per_thread_data.obj
 0001:00003b80       ??$TypeMatchHelper@V__FrameHandler3@@@@YAHPBU_s_HandlerType@@PBU_s_CatchableType@@PBU_s_ThrowInfo@@@Z 10004b80 f i libvcruntime:frame.obj
 0001:00003c0e       ??$__InternalCxxFrameHandler@V__FrameHandler3@@@@YA?AW4_EXCEPTION_DISPOSITION@@PAUEHExceptionRecord@@PAUEHRegistrationNode@@PAU_CONTEXT@@PAXPBU_s_FuncInfo@@H1E@Z 10004c0e f i libvcruntime:frame.obj
 0001:00003d10       ??0bad_exception@std@@QAE@ABV01@@Z 10004d10 f i libvcruntime:frame.obj
 0001:00003d2b       ??0bad_exception@std@@QAE@XZ 10004d2b f i libvcruntime:frame.obj
 0001:00003d43       ??0exception@std@@QAE@ABV01@@Z 10004d43 f i libvcruntime:frame.obj
 0001:00003d6f       ??1bad_exception@std@@UAE@XZ 10004d6f f i libvcruntime:frame.obj
 0001:00003d80       ??8type_info@@QBE_NABV0@@Z 10004d80 f i libvcruntime:frame.obj
 0001:00003d9f       ??_Gbad_exception@std@@UAEPAXI@Z 10004d9f f i libvcruntime:frame.obj
 0001:00003d9f       ??_Ebad_exception@std@@UAEPAXI@Z 10004d9f f i libvcruntime:frame.obj
 0001:00003d9f       ??_Gexception@std@@UAEPAXI@Z 10004d9f f i libvcruntime:frame.obj
 0001:00003d9f       ??_Eexception@std@@UAEPAXI@Z 10004d9f f i libvcruntime:frame.obj
 0001:00004019       ?FrameUnwindToEmptyState@__FrameHandler3@@SAXPAUEHRegistrationNode@@PAXPBU_s_FuncInfo@@@Z 10005019 f   libvcruntime:frame.obj
 0001:00004031       ?FrameUnwindToState@__FrameHandler3@@SAXPAUEHRegistrationNode@@PAXPBU_s_FuncInfo@@H@Z 10005031 f   libvcruntime:frame.obj
 0001:000041b3       ?_CallMemberFunction1@@YGXQAX00@Z 100051b3 f i libvcruntime:frame.obj
 0001:000041c3       ?_CallMemberFunction2@@YGXQAX00H@Z 100051c3 f i libvcruntime:frame.obj
 0001:000041d6       ?getESTypes@__FrameHandler3@@SAPBU_s_ESTypeList@@PBU_s_FuncInfo@@@Z 100051d6 f i libvcruntime:frame.obj
 0001:000041e1       ?what@exception@std@@UBEPBDXZ 100051e1 f i libvcruntime:frame.obj
 0001:000041f0       __CallSettingFrame@12      100051f0 f   libvcruntime:lowhelpr.obj
 0001:00004217       __NLG_Return               10005217     libvcruntime:lowhelpr.obj
 0001:0000423c       ___except_validate_context_record 1000523c f   libvcruntime:jbcxrval.obj
 0001:0000426c       ___vcrt_initialize_locks   1000526c f   libvcruntime:locks.obj
 0001:000042a8       ___vcrt_uninitialize_locks 100052a8 f   libvcruntime:locks.obj
 0001:000042e0       __local_unwind4            100052e0 f   libvcruntime:exsup4.obj
 0001:000043d0       @_EH4_CallFilterFunc@8     100053d0 f   libvcruntime:exsup4.obj
 0001:000043f0       @_EH4_TransferToHandler@8  100053f0 f   libvcruntime:exsup4.obj
 0001:00004410       @_EH4_GlobalUnwind2@8      10005410 f   libvcruntime:exsup4.obj
 0001:00004430       @_EH4_LocalUnwind@16       10005430 f   libvcruntime:exsup4.obj
 0001:0000452a       ___vcrt_FlsAlloc           1000552a f   libvcruntime:winapi_downlevel.obj
 0001:00004565       ___vcrt_FlsFree            10005565 f   libvcruntime:winapi_downlevel.obj
 0001:000045a0       ___vcrt_FlsGetValue        100055a0 f   libvcruntime:winapi_downlevel.obj
 0001:000045db       ___vcrt_FlsSetValue        100055db f   libvcruntime:winapi_downlevel.obj
 0001:00004619       ___vcrt_InitializeCriticalSectionEx 10005619 f   libvcruntime:winapi_downlevel.obj
 0001:00004660       _unexpected                10005660 f   libvcruntime:unexpected.obj
 0001:0000467d       ?GetCurrentState@__FrameHandler3@@SAHPAUEHRegistrationNode@@PAXPBU_s_FuncInfo@@@Z 1000567d f   libvcruntime:ehstate.obj
 0001:0000469a       ?SetState@__FrameHandler3@@SAXPAUEHRegistrationNode@@PBU_s_FuncInfo@@H@Z 1000569a f   libvcruntime:ehstate.obj
 0001:000046a8       ___std_exception_copy      100056a8 f   libvcruntime:std_exception.obj
 0001:0000470b       ___std_exception_destroy   1000570b f   libvcruntime:std_exception.obj
 0001:0000472a       __CxxThrowException@8      1000572a f   libvcruntime:throw.obj
 0001:000047a0       _memmove                   100057a0 f   libvcruntime:memmove.obj
 0001:000047a0       _memcpy                    100057a0 f   libvcruntime:memcpy.obj
 0001:00004d20       __NLG_Notify1              10005d20 f   libvcruntime:exsup.obj
 0001:00004d30       __NLG_Notify               10005d30 f   libvcruntime:exsup.obj
 0001:00004d47       __NLG_Dispatch2            10005d47     libvcruntime:exsup.obj
 0001:00004d47       __NLG_Dispatch             10005d47     libvcruntime:exsup.obj
 0001:00004d50       __NLG_Call                 10005d50 f   libvcruntime:exsup.obj
 0001:00004d52       __NLG_Return2              10005d52     libvcruntime:exsup.obj
 0001:00004d60       _free                      10005d60 f   libucrt:free.obj
 0001:00004ddf       ??$__crt_fast_encode_pointer@PAP6AXXZ@@YAPAP6AXXZQAP6AXXZ@Z 10005ddf f i libucrt:onexit.obj
 0001:00004ddf       ??$__crt_fast_encode_pointer@P6AXH@Z@@YAP6AXH@ZQ6AXH@Z@Z 10005ddf f i libucrt:signal.obj
 0001:00004ddf       ??$__crt_fast_encode_pointer@P6AHXZ@@YAP6AHXZQ6AHXZ@Z 10005ddf f i libucrt:onexit.obj
 0001:00004ddf       ??$__crt_fast_encode_pointer@PAX@@YAPAXQAX@Z 10005ddf f i libucrt:initialization.obj
 0001:00004f43       ___acrt_get_sigabrt_handler 10005f43 f   libucrt:signal.obj
 0001:00004f6a       ___acrt_initialize_signal_handlers 10005f6a f   libucrt:signal.obj
 0001:00004f88       ___fpecode                 10005f88 f   libucrt:signal.obj
 0001:00004f91       _raise                     10005f91 f   libucrt:signal.obj
 0001:0000518c       _signal                    1000618c f   libucrt:signal.obj
 0001:0000534b       _malloc                    1000634b f   libucrt:malloc.obj
 0001:00005356       __seh_filter_dll           10006356 f   libucrt:exception_filter.obj
 0001:00005376       __seh_filter_exe           10006376 f   libucrt:exception_filter.obj
 0001:00005744       ___acrt_initialize_thread_local_exit_callback 10006744 f   libucrt:exit.obj
 0001:00005753       __cexit                    10006753 f   libucrt:exit.obj
 0001:00005762       __exit                     10006762 f   libucrt:exit.obj
 0001:00005778       __is_c_termination_complete 10006778 f   libucrt:exit.obj
 0001:00005a2c       ___acrt_allocate_buffer_for_argv 10006a2c f   libucrt:argv_parsing.obj
 0001:00005a7b       __configure_narrow_argv    10006a7b f   libucrt:argv_parsing.obj
 0001:00005bd8       ??$uninitialize@A6AXAAPAPAD@Z@?$dual_state_global@PAPAD@__crt_state_management@@QAEXA6AXAAPAPAD@Z@Z 10006bd8 f i libucrt:environment_initialization.obj
 0001:00005bd8       ??$uninitialize@A6AXAAPAPA_W@Z@?$dual_state_global@PAPA_W@__crt_state_management@@QAEXA6AXAAPAPA_W@Z@Z 10006bd8 f i libucrt:environment_initialization.obj
 0001:00005c37       ___dcrt_uninitialize_environments_nolock 10006c37 f   libucrt:environment_initialization.obj
 0001:00005c6e       __initialize_narrow_environment 10006c6e f   libucrt:environment_initialization.obj
 0001:00005f2c       __crt_atexit               10006f2c f   libucrt:onexit.obj
 0001:00005f42       __execute_onexit_table     10006f42 f   libucrt:onexit.obj
 0001:00005f6f       __initialize_onexit_table  10006f6f f   libucrt:onexit.obj
 0001:00005f98       __register_onexit_function 10006f98 f   libucrt:onexit.obj
 0001:00005fcb       ___acrt_uninitialize_command_line 10006fcb f   libucrt:argv_data.obj
 0001:000060c9       ___acrt_initialize         100070c9 f   libucrt:initialization.obj
 0001:000060db       ___acrt_thread_attach      100070db f   libucrt:initialization.obj
 0001:000060e6       ___acrt_thread_detach      100070e6 f   libucrt:initialization.obj
 0001:000060ee       ___acrt_uninitialize       100070ee f   libucrt:initialization.obj
 0001:0000611e       ___acrt_uninitialize_critical 1000711e f   libucrt:initialization.obj
 0001:00006130       __initterm                 10007130 f   libucrt:initterm.obj
 0001:00006175       __initterm_e               10007175 f   libucrt:initterm.obj
 0001:000061a3       _terminate                 100071a3 f   libucrt:terminate.obj
 0001:000061df       _abort                     100071df f   libucrt:abort.obj
 0001:00006223       _strcpy_s                  10007223 f   libucrt:strcpy_s.obj
 0001:0000627d       _calloc                    1000727d f   libucrt:calloc.obj
 0001:00006288       ??0_LocaleUpdate@@QAE@QAU__crt_locale_pointers@@@Z 10007288 f i libucrt:output.obj
 0001:0000630b       ___acrt_locale_get_ctype_array_value 1000730b f i libucrt:output.obj
 0001:00006330       _strncmp                   10007330 f   libucrt:strncmp.obj
 0001:000063a8       _wcsncmp                   100073a8 f   libucrt:wcsncmp.obj
 0001:000063e2       __free_base                100073e2 f   libucrt:free_base.obj
 0001:0000641c       ___acrt_call_reportfault   1000741c f   libucrt:invalid_parameter.obj
 0001:00006555       ___acrt_initialize_invalid_parameter_handler 10007555 f   libucrt:invalid_parameter.obj
 0001:00006564       __invalid_parameter        10007564 f   libucrt:invalid_parameter.obj
 0001:000065c8       __invalid_parameter_noinfo 100075c8 f   libucrt:invalid_parameter.obj
 0001:000065d8       __invoke_watson            100075d8 f   libucrt:invalid_parameter.obj
 0001:0000660c       ___acrt_errno_from_os_error 1000760c f   libucrt:errno.obj
 0001:0000664f       ___acrt_errno_map_os_error 1000764f f   libucrt:errno.obj
 0001:00006672       ___doserrno                10007672 f   libucrt:errno.obj
 0001:00006685       __errno                    10007685 f   libucrt:errno.obj
 0001:00006698       __malloc_base              10007698 f   libucrt:malloc_base.obj
 0001:00006a24       ___acrt_freeptd            10007a24 f   libucrt:per_thread_data.obj
 0001:00006a50       ___acrt_getptd             10007a50 f   libucrt:per_thread_data.obj
 0001:00006b0d       ___acrt_getptd_head        10007b0d f   libucrt:per_thread_data.obj
 0001:00006ba7       ___acrt_getptd_noexit      10007ba7 f   libucrt:per_thread_data.obj
 0001:00006c5c       ___acrt_initialize_ptd     10007c5c f   libucrt:per_thread_data.obj
 0001:00006c88       ___acrt_uninitialize_ptd   10007c88 f   libucrt:per_thread_data.obj
 0001:00006ca2       ___acrt_initialize_locks   10007ca2 f   libucrt:locks.obj
 0001:00006ce3       ___acrt_lock               10007ce3 f   libucrt:locks.obj
 0001:00006cfa       ___acrt_uninitialize_locks 10007cfa f   libucrt:locks.obj
 0001:00006d2b       ___acrt_unlock             10007d2b f   libucrt:locks.obj
 0001:00006d42       ___acrt_get_process_end_policy 10007d42 f   libucrt:win_policies.obj
 0001:00006d73       __calloc_base              10007d73 f   libucrt:calloc_base.obj
 0001:00006f69       ??$__acrt_mbs_to_wcs_cp@U__crt_win32_buffer_internal_dynamic_resizing@@@@YAHQBDAAV?$__crt_win32_buffer@_WU__crt_win32_buffer_internal_dynamic_resizing@@@@I@Z 10007f69 f i libucrt:argv_wildcards.obj
 0001:0000747d       ?__acrt_get_utf8_acp_compatibility_codepage@@YAIXZ 1000847d f i libucrt:argv_wildcards.obj
 0001:000074bc       ?_deallocate@?$__crt_win32_buffer@_WU__crt_win32_buffer_internal_dynamic_resizing@@@@AAEXXZ 100084bc f i libucrt:argv_wildcards.obj
 0001:000074bc       ?_deallocate@?$__crt_win32_buffer@DU__crt_win32_buffer_internal_dynamic_resizing@@@@AAEXXZ 100084bc f i libucrt:argv_wildcards.obj
 0001:000074d6       ?allocate@?$__crt_win32_buffer@DU__crt_win32_buffer_internal_dynamic_resizing@@@@QAEHI@Z 100084d6 f i libucrt:argv_wildcards.obj
 0001:00007512       ?allocate@?$__crt_win32_buffer@_WU__crt_win32_buffer_internal_dynamic_resizing@@@@QAEHI@Z 10008512 f i libucrt:argv_wildcards.obj
 0001:00007551       ?allocate@__crt_win32_buffer_internal_dynamic_resizing@@SAHQAPAXIABV__crt_win32_buffer_empty_debug_info@@@Z 10008551 f i libucrt:argv_wildcards.obj
 0001:000075f7       ___acrt_expand_narrow_argv_wildcards 100085f7 f   libucrt:argv_wildcards.obj
 0001:000076c9       ?allocate@?$__crt_win32_buffer@DU__crt_win32_buffer_no_resizing@@@@QAEHI@Z 100086c9 f i libucrt:getmodulefilenamea.obj
 0001:000076f0       ?set_to_nullptr@?$__crt_win32_buffer@DU__crt_win32_buffer_no_resizing@@@@QAEXXZ 100086f0 f i libucrt:getmodulefilenamea.obj
 0001:00007704       ___acrt_GetModuleFileNameA 10008704 f   libucrt:getmodulefilenamea.obj
 0001:00007cc3       ___acrt_initialize_multibyte 10008cc3 f   libucrt:mbctype.obj
 0001:00007d0b       ___acrt_update_thread_multibyte_data 10008d0b f   libucrt:mbctype.obj
 0001:00007d1e       __setmbcp_nolock           10008d1e f   libucrt:mbctype.obj
 0001:00007fe9       __ismbblead                10008fe9 f   libucrt:ismbbyte.obj
 0001:00008001       ___acrt_initialize_command_line 10009001 f   libucrt:argv_data.obj
 0001:0000801a       ___acrt_MultiByteToWideChar 1000901a f   libucrt:multibytetowidechar.obj
 0001:00008096       ___acrt_WideCharToMultiByte 10009096 f   libucrt:widechartomultibyte.obj
 0001:0000817a       ___dcrt_get_narrow_environment_from_os 1000917a f   libucrt:get_environment_from_os.obj
 0001:000081fe       __recalloc_base            100091fe f   libucrt:recalloc.obj
 0001:00008403       ___acrt_AppPolicyGetProcessTerminationMethodInternal@4 10009403 f   libucrt:winapi_thunks.obj
 0001:00008443       ___acrt_AreFileApisANSI@0  10009443 f   libucrt:winapi_thunks.obj
 0001:00008462       ___acrt_FlsAlloc@4         10009462 f   libucrt:winapi_thunks.obj
 0001:000084a1       ___acrt_FlsFree@4          100094a1 f   libucrt:winapi_thunks.obj
 0001:000084e0       ___acrt_FlsGetValue@4      100094e0 f   libucrt:winapi_thunks.obj
 0001:0000851f       ___acrt_FlsSetValue@8      1000951f f   libucrt:winapi_thunks.obj
 0001:00008561       ___acrt_InitializeCriticalSectionEx@12 10009561 f   libucrt:winapi_thunks.obj
 0001:000085ac       ___acrt_LCMapStringEx@36   100095ac f   libucrt:winapi_thunks.obj
 0001:00008609       ___acrt_LocaleNameToLCID@8 10009609 f   libucrt:winapi_thunks.obj
 0001:0000863a       ___acrt_initialize_winapi_thunks 1000963a f   libucrt:winapi_thunks.obj
 0001:00008665       ___acrt_uninitialize_winapi_thunks 10009665 f   libucrt:winapi_thunks.obj
 0001:0000869b       ___acrt_initialize_heap    1000969b f   libucrt:heap_handle.obj
 0001:000086ac       ___acrt_uninitialize_heap  100096ac f   libucrt:heap_handle.obj
 0001:00008820       ___acrt_initialize_lowio   10009820 f   libucrt:ioinit.obj
 0001:00008880       ___acrt_uninitialize_lowio 10009880 f   libucrt:ioinit.obj
 0001:000088ac       ___acrt_execute_initializers 100098ac f   libucrt:shared_initialization.obj
 0001:00008914       ___acrt_execute_uninitializers 10009914 f   libucrt:shared_initialization.obj
 0001:00008945       ___acrt_initialize_new_handler 10009945 f   libucrt:new_handler.obj
 0001:00008954       __callnewh                 10009954 f   libucrt:new_handler.obj
 0001:00008981       __query_new_handler        10009981 f   libucrt:new_handler.obj
 0001:000089dd       ___acrt_has_user_matherr   100099dd f   libucrt:matherr.obj
 0001:000089f5       ___acrt_initialize_user_matherr 100099f5 f   libucrt:matherr.obj
 0001:00008a04       ___acrt_invoke_user_matherr 10009a04 f   libucrt:matherr.obj
 0001:00008c13       ___acrt_stdio_flush_nolock 10009c13 f   libucrt:fflush.obj
 0001:00008c78       __fflush_nolock            10009c78 f   libucrt:fflush.obj
 0001:00008cc0       __flushall                 10009cc0 f   libucrt:fflush.obj
 0001:00008cc9       ___acrt_initialize_stdio   10009cc9 f   libucrt:_file.obj
 0001:00008d91       ___acrt_uninitialize_stdio 10009d91 f   libucrt:_file.obj
 0001:00008ddd       __lock_file                10009ddd f   libucrt:_file.obj
 0001:00008df1       __unlock_file              10009df1 f   libucrt:_file.obj
 0001:00008e05       __mbtowc_l                 10009e05 f   libucrt:mbtowc.obj
 0001:00008f47       _mbtowc                    10009f47 f   libucrt:mbtowc.obj
 0001:00008f61       ___acrt_update_locale_info 10009f61 f   libucrt:locale_update.obj
 0001:00008f8e       ___acrt_update_multibyte_info 10009f8e f   libucrt:locale_update.obj
 0001:00008fbb       __fileno                   10009fbb f   libucrt:fileno.obj
 0001:00009052       ___acrt_set_locale_changed 1000a052 f   libucrt:wsetlocale.obj
 0001:0000905d       ___acrt_uninitialize_locale 1000a05d f   libucrt:wsetlocale.obj
 0001:00009084       ___pctype_func             1000a084 f   libucrt:ctype.obj
 0001:000090a8       __query_new_mode           1000a0a8 f   libucrt:new_mode.obj
 0001:000090af       ___acrt_add_locale_ref     1000a0af f   libucrt:locale_refcounting.obj
 0001:0000912c       ___acrt_free_locale        1000a12c f   libucrt:locale_refcounting.obj
 0001:00009274       ___acrt_locale_add_lc_time_reference 1000a274 f   libucrt:locale_refcounting.obj
 0001:0000929d       ___acrt_locale_free_lc_time_if_unreferenced 1000a29d f   libucrt:locale_refcounting.obj
 0001:000092ce       ___acrt_locale_release_lc_time_reference 1000a2ce f   libucrt:locale_refcounting.obj
 0001:000092f7       ___acrt_release_locale_ref 1000a2f7 f   libucrt:locale_refcounting.obj
 0001:00009378       ___acrt_update_thread_locale_data 1000a378 f   libucrt:locale_refcounting.obj
 0001:000093f9       __updatetlocinfoEx_nolock  1000a3f9 f   libucrt:locale_refcounting.obj
 0001:00009490       _qsort                     1000a490 f   libucrt:qsort.obj
 0001:00009987       _strncpy_s                 1000a987 f   libucrt:strncpy_s.obj
 0001:000099a0       _strpbrk                   1000a9a0 f   libucrt:strpbrk.obj
 0001:000099e0       __mbsdec                   1000a9e0 f   libucrt:mbsdec.obj
 0001:000099f7       __mbsdec_l                 1000a9f7 f   libucrt:mbsdec.obj
 0001:00009a84       ___acrt_GetStringTypeA     1000aa84 f   libucrt:getstringtypea.obj
 0001:00009b87       __freea_crt                1000ab87 f i libucrt:getstringtypea.obj
 0001:00009d91       ___acrt_LCMapStringA       1000ad91 f   libucrt:lcmapstringa.obj
 0001:00009de9       __msize_base               1000ade9 f   libucrt:msize.obj
 0001:00009e1c       __realloc_base             1000ae1c f   libucrt:realloc_base.obj
 0001:00009ed5       ___acrt_DownlevelLocaleNameToLCID 1000aed5 f   libucrt:lcidtoname_downlevel.obj
 0001:00009f01       ___acrt_lowio_create_handle_array 1000af01 f   libucrt:osfinfo.obj
 0001:00009f7c       ___acrt_lowio_destroy_handle_array 1000af7c f   libucrt:osfinfo.obj
 0001:00009fb1       ___acrt_lowio_ensure_fh_exists 1000afb1 f   libucrt:osfinfo.obj
 0001:0000a04f       ___acrt_lowio_lock_fh      1000b04f f   libucrt:osfinfo.obj
 0001:0000a072       ___acrt_lowio_unlock_fh    1000b072 f   libucrt:osfinfo.obj
 0001:0000a095       __free_osfhnd              1000b095 f   libucrt:osfinfo.obj
 0001:0000a126       __get_osfhandle            1000b126 f   libucrt:osfinfo.obj
 0001:0000a232       __commit                   1000b232 f   libucrt:commit.obj
 0001:0000aa28       __write                    1000ba28 f   libucrt:write.obj
 0001:0000ab1a       __write_nolock             1000bb1a f   libucrt:write.obj
 0001:0000acfc       __fcloseall                1000bcfc f   libucrt:closeall.obj
 0001:0000ada7       ___acrt_stdio_free_buffer_nolock 1000bda7 f   libucrt:_freebuf.obj
 0001:0000ade7       __isatty                   1000bde7 f   libucrt:isatty.obj
 0001:0000ae3d       __isleadbyte_l             1000be3d f i libucrt:_wctype.obj
 0001:0000aea3       ?__mbrtowc_utf8@__crt_mbstring@@YAIPA_WPBDIPAU_Mbstatet@@@Z 1000bea3 f   libucrt:mbrtowc.obj
 0001:0000aee3       ?__mbsrtowcs_utf8@__crt_mbstring@@YAIPA_WPAPBDIPAU_Mbstatet@@@Z 1000bee3 f   libucrt:mbrtowc.obj
 0001:0000afde       ?return_illegal_sequence@__crt_mbstring@@YAIPAU_Mbstatet@@@Z 1000bfde f i libucrt:c32rtomb.obj
 0001:0000affd       ___acrt_locale_free_monetary 1000bffd f   libucrt:initmon.obj
 0001:0000b0fb       ___acrt_locale_free_numeric 1000c0fb f   libucrt:initnum.obj
 0001:0000b19c       ___acrt_locale_free_time   1000c19c f   libucrt:inittime.obj
 0001:0000b280       ___strncnt                 1000c280 f   libucrt:strncnt.obj
 0001:0000b29c       ___ascii_wcsnicmp          1000c29c f   libucrt:wcsnicmp.obj
 0001:0000b2eb       __query_app_type           1000c2eb f   libucrt:report_runtime_error.obj
 0001:0000b36d       __lseeki64_nolock          1000c36d f   libucrt:lseek.obj
 0001:0000b388       __putwch_nolock            1000c388 f   libucrt:putwch.obj
 0001:0000b3ba       __fclose_nolock            1000c3ba f   libucrt:fclose.obj
 0001:0000b431       _fclose                    1000c431 f   libucrt:fclose.obj
 0001:0000b4b5       ?__mbrtoc32_utf8@__crt_mbstring@@YAIPA_UPBDIPAU_Mbstatet@@@Z 1000c4b5 f   libucrt:mbrtoc32.obj
 0001:0000b660       __CIlog10                  1000c660 f   libucrt:log10_impl.obj
 0001:0000b69b       __CIlog10_default          1000c69b f   libucrt:log10_impl.obj
 0001:0000b6af       __log10_default            1000c6af     libucrt:log10_impl.obj
 0001:0000b770       _ceil                      1000c770 f   libucrt:ceil_pentium4.obj
 0001:0000b7b0       __ceil_pentium4            1000c7b0 f   libucrt:ceil_pentium4.obj
 0001:0000b890       ___ascii_strnicmp          1000c890 f   libucrt:_strnicm.obj
 0001:0000b910       ___dcrt_lowio_ensure_console_output_initialized 1000c910 f   libucrt:initcon.obj
 0001:0000b92f       ___dcrt_terminate_console_output 1000c92f f   libucrt:initcon.obj
 0001:0000b946       ___dcrt_write_console      1000c946 f   libucrt:initcon.obj
 0001:0000ba27       __close                    1000ca27 f   libucrt:close.obj
 0001:0000bab4       __close_nolock             1000cab4 f   libucrt:close.obj
 0001:0000bb50       ?__acrt_stdio_free_stream@@YAXV__crt_stdio_stream@@@Z 1000cb50 f   libucrt:stream.obj
 0001:0000bb8b       ___acrt_initialize_sse2    1000cb8b f   libucrt:mathfcns.obj
 0001:0000bba0       __CIlog10_pentium4         1000cba0 f   libucrt:log10_pentium4.obj
 0001:0000bbb8       __log10_pentium4           1000cbb8     libucrt:log10_pentium4.obj
 0001:0000be50       __fFEXP                    1000ce50 f   libucrt:87tran.obj
 0001:0000bea7       __rtinfpopse               1000cea7     libucrt:87tran.obj
 0001:0000bea9       __rtinfnpopse              1000cea9     libucrt:87tran.obj
 0001:0000beb9       __fFLN                     1000ceb9     libucrt:87tran.obj
 0001:0000bf6e       __rtinfpop                 1000cf6e     libucrt:87tran.obj
 0001:0000bf70       __rtinfnpop                1000cf70     libucrt:87tran.obj
 0001:0000bf80       __rtforexpinf              1000cf80 f   libucrt:87tran.obj
 0001:0000bf8d       __ffexpm1                  1000cf8d     libucrt:87tran.obj
 0001:0000c040       __trandisp1                1000d040 f   libucrt:87disp.obj
 0001:0000c0b5       __trandisp2                1000d0b5 f   libucrt:87disp.obj
 0001:0000c14f       __rttospopde               1000d14f     libucrt:87disp.obj
 0001:0000c154       __rttospop                 1000d154     libucrt:87disp.obj
 0001:0000c160       __rtnospop                 1000d160 f   libucrt:87disp.obj
 0001:0000c170       __rttosnpop                1000d170 f   libucrt:87disp.obj
 0001:0000c171       __rtnospopde               1000d171     libucrt:87disp.obj
 0001:0000c178       __rtzeropop                1000d178     libucrt:87disp.obj
 0001:0000c17a       __rtzeronpop               1000d17a     libucrt:87disp.obj
 0001:0000c180       __rtzerospop               1000d180 f   libucrt:87disp.obj
 0001:0000c18d       __rtonepop                 1000d18d     libucrt:87disp.obj
 0001:0000c190       __rtonenpop                1000d190 f   libucrt:87disp.obj
 0001:0000c1a0       __tosnan1                  1000d1a0 f   libucrt:87disp.obj
 0001:0000c1d0       __nosnan2                  1000d1d0 f   libucrt:87disp.obj
 0001:0000c1e0       __tosnan2                  1000d1e0 f   libucrt:87disp.obj
 0001:0000c210       __nan2                     1000d210 f   libucrt:87disp.obj
 0001:0000c250       __rtindfpop                1000d250 f   libucrt:87disp.obj
 0001:0000c252       __rtindfnpop               1000d252     libucrt:87disp.obj
 0001:0000c263       __rttosnpopde              1000d263     libucrt:87disp.obj
 0001:0000c270       __rtatan2inf               1000d270 f   libucrt:87disp.obj
 0001:0000c28d       __rtchsifneg               1000d28d     libucrt:87disp.obj
 0001:0000c2a0       __twoToTOS                 1000d2a0 f   libucrt:common.obj
 0001:0000c2b5       __load_CW                  1000d2b5 f   libucrt:common.obj
 0001:0000c2cc       __convertTOStoQNaN         1000d2cc f   libucrt:common.obj
 0001:0000c2e5       __fload_withFB             1000d2e5 f   libucrt:common.obj
 0001:0000c328       __checkTOS_withFB          1000d328 f   libucrt:common.obj
 0001:0000c33e       __fast_exit                1000d33e f   libucrt:common.obj
 0001:0000c34b       __math_exit                1000d34b f   libucrt:common.obj
 0001:0000c375       __check_overflow_exit      1000d375 f   libucrt:common.obj
 0001:0000c389       __check_range_exit         1000d389 f   libucrt:common.obj
 0001:0000c430       __startTwoArgErrorHandling 1000d430 f   libucrt:genexcep.obj
 0001:0000c447       __startOneArgErrorHandling 1000d447 f   libucrt:genexcep.obj
 0001:0000c483       ___libm_error_support      1000d483 f   libucrt:libm_error.obj
 0001:0000c677       __ceil_default             1000d677 f   libucrt:ceil.obj
 0001:0000c72c       __clrfp                    1000d72c f   libucrt:fpctrl.obj
 0001:0000c73d       __ctrlfp                   1000d73d f   libucrt:fpctrl.obj
 0001:0000c767       __set_statfp               1000d767 f   libucrt:fpctrl.obj
 0001:0000c7c0       __statfp                   1000d7c0 f   libucrt:fpctrl.obj
 0001:0000c7d0       __d_inttype                1000d7d0 f   libucrt:powhlp.obj
 0001:0000c838       __powhlp                   1000d838 f   libucrt:powhlp.obj
 0001:0000c963       __87except                 1000d963 f   libucrt:87except.obj
 0001:0000ca6d       __frnd                     1000da6d f   libucrt:frnd.obj
 0001:0000ca81       __errcode                  1000da81 f   libucrt:fpexcept.obj
 0001:0000cab5       __except1                  1000dab5 f   libucrt:fpexcept.obj
 0001:0000cb83       __handle_exc               1000db83 f   libucrt:fpexcept.obj
 0001:0000cd6e       __raise_exc                1000dd6e f   libucrt:fpexcept.obj
 0001:0000cd91       __raise_exc_ex             1000dd91 f   libucrt:fpexcept.obj
 0001:0000d087       __set_errno_from_matherr   1000e087 f   libucrt:fpexcept.obj
 0001:0000d0b6       __umatherr                 1000e0b6 f   libucrt:fpexcept.obj
 0001:0000d156       __decomp                   1000e156 f   libucrt:util.obj
 0001:0000d228       __set_exp                  1000e228 f   libucrt:util.obj
 0001:0000d255       __sptype                   1000e255 f   libucrt:util.obj
 0001:0000d2b3       __fpclass                  1000e2b3 f   libucrt:ieeemisc.obj
 0001:0000d357       ??_Etype_info@@UAEPAXI@Z   1000e357 f i LIBCMT:std_type_info_static.obj
 0001:0000d357       ??_Gtype_info@@UAEPAXI@Z   1000e357 f i LIBCMT:std_type_info_static.obj
 0001:0000d380       __FindPESection            1000e380 f   LIBCMT:pesect.obj
 0001:0000d3d0       __IsNonwritableInCurrentImage 1000e3d0 f   LIBCMT:pesect.obj
 0001:0000d490       __ValidateImageBase        1000e490 f   LIBCMT:pesect.obj
 0001:0000d4c3       ??3@YAXPAXI@Z              1000e4c3 f   LIBCMT:delete_scalar_size.obj
 0001:0000d4d1       __EH_prolog3_catch         1000e4d1 f   LIBCMT:ehprolg3.obj
 0001:0000d510       __alloca_probe_16          1000e510 f   LIBCMT:alloca16.obj
 0001:0000d526       __alloca_probe_8           1000e526     LIBCMT:alloca16.obj
 0001:0000d540       __alloca_probe             1000e540 f   LIBCMT:chkstk.obj
 0001:0000d540       __chkstk                   1000e540 f   LIBCMT:chkstk.obj
 0001:0000d570       ??3@YAXPAX@Z               1000e570 f   LIBCMT:delete_scalar.obj
 0001:0000d580       __filter_x86_sse2_floating_point_exception_default 1000e580 f   LIBCMT:x86_exception_filter.obj
 0001:0000d580       __filter_x86_sse2_floating_point_exception 1000e580 f   LIBCMT:x86_exception_filter.obj
 0002:00000000       __imp__TryEnterCriticalSection@4 1000f000     kernel32:KERNEL32.dll
 0002:00000004       __imp__GetModuleFileNameW@12 1000f004     kernel32:KERNEL32.dll
 0002:00000008       __imp__LeaveCriticalSection@4 1000f008     kernel32:KERNEL32.dll
 0002:0000000c       __imp__InitializeCriticalSection@4 1000f00c     kernel32:KERNEL32.dll
 0002:00000010       __imp__DeleteCriticalSection@4 1000f010     kernel32:KERNEL32.dll
 0002:00000014       __imp__CompareStringW@24   1000f014     kernel32:KERNEL32.dll
 0002:00000018       __imp__SetLastError@4      1000f018     kernel32:KERNEL32.dll
 0002:0000001c       __imp__EnterCriticalSection@4 1000f01c     kernel32:KERNEL32.dll
 0002:00000020       __imp__GetCurrentThread@0  1000f020     kernel32:KERNEL32.dll
 0002:00000024       __imp__LoadLibraryW@4      1000f024     kernel32:KERNEL32.dll
 0002:00000028       __imp__GetProcAddress@8    1000f028     kernel32:KERNEL32.dll
 0002:0000002c       __imp__LCMapStringW@24     1000f02c     kernel32:KERNEL32.dll
 0002:00000030       __imp__GetModuleHandleW@4  1000f030     kernel32:KERNEL32.dll
 0002:00000034       __imp__GetThreadTimes@20   1000f034     kernel32:KERNEL32.dll
 0002:00000038       __imp__VirtualQuery@12     1000f038     kernel32:KERNEL32.dll
 0002:0000003c       __imp__CloseHandle@4       1000f03c     kernel32:KERNEL32.dll
 0002:00000040       __imp__CreateFileW@28      1000f040     kernel32:KERNEL32.dll
 0002:00000044       __imp__SetFilePointerEx@20 1000f044     kernel32:KERNEL32.dll
 0002:00000048       __imp__GetConsoleMode@8    1000f048     kernel32:KERNEL32.dll
 0002:0000004c       __imp__GetConsoleCP@0      1000f04c     kernel32:KERNEL32.dll
 0002:00000050       __imp__WriteFile@20        1000f050     kernel32:KERNEL32.dll
 0002:00000054       __imp__FlushFileBuffers@4  1000f054     kernel32:KERNEL32.dll
 0002:00000058       __imp__SetStdHandle@8      1000f058     kernel32:KERNEL32.dll
 0002:0000005c       __imp__HeapReAlloc@16      1000f05c     kernel32:KERNEL32.dll
 0002:00000060       __imp__HeapSize@12         1000f060     kernel32:KERNEL32.dll
 0002:00000064       __imp__GetStringTypeW@16   1000f064     kernel32:KERNEL32.dll
 0002:00000068       __imp__GetFileType@4       1000f068     kernel32:KERNEL32.dll
 0002:0000006c       __imp__GetStdHandle@4      1000f06c     kernel32:KERNEL32.dll
 0002:00000070       __imp__GetProcessHeap@0    1000f070     kernel32:KERNEL32.dll
 0002:00000074       __imp__FreeEnvironmentStringsW@4 1000f074     kernel32:KERNEL32.dll
 0002:00000078       __imp__GetEnvironmentStringsW@0 1000f078     kernel32:KERNEL32.dll
 0002:0000007c       __imp__WideCharToMultiByte@32 1000f07c     kernel32:KERNEL32.dll
 0002:00000080       __imp__MultiByteToWideChar@24 1000f080     kernel32:KERNEL32.dll
 0002:00000084       __imp__GetCommandLineW@0   1000f084     kernel32:KERNEL32.dll
 0002:00000088       __imp__GetCommandLineA@0   1000f088     kernel32:KERNEL32.dll
 0002:0000008c       __imp__GetCPInfo@8         1000f08c     kernel32:KERNEL32.dll
 0002:00000090       __imp__GetOEMCP@0          1000f090     kernel32:KERNEL32.dll
 0002:00000094       __imp__GetACP@0            1000f094     kernel32:KERNEL32.dll
 0002:00000098       __imp__IsValidCodePage@4   1000f098     kernel32:KERNEL32.dll
 0002:0000009c       __imp__FindNextFileW@8     1000f09c     kernel32:KERNEL32.dll
 0002:000000a0       __imp__FindFirstFileExW@24 1000f0a0     kernel32:KERNEL32.dll
 0002:000000a4       __imp__FindClose@4         1000f0a4     kernel32:KERNEL32.dll
 0002:000000a8       __imp__HeapAlloc@12        1000f0a8     kernel32:KERNEL32.dll
 0002:000000ac       __imp__HeapFree@12         1000f0ac     kernel32:KERNEL32.dll
 0002:000000b0       __imp__ExitProcess@4       1000f0b0     kernel32:KERNEL32.dll
 0002:000000b4       __imp__SetConsoleCtrlHandler@8 1000f0b4     kernel32:KERNEL32.dll
 0002:000000b8       __imp__RaiseException@16   1000f0b8     kernel32:KERNEL32.dll
 0002:000000bc       __imp__LoadLibraryExW@12   1000f0bc     kernel32:KERNEL32.dll
 0002:000000c0       __imp__FreeLibrary@4       1000f0c0     kernel32:KERNEL32.dll
 0002:000000c4       __imp__TlsFree@4           1000f0c4     kernel32:KERNEL32.dll
 0002:000000c8       __imp__TlsSetValue@8       1000f0c8     kernel32:KERNEL32.dll
 0002:000000cc       __imp__TlsGetValue@4       1000f0cc     kernel32:KERNEL32.dll
 0002:000000d0       __imp__TlsAlloc@0          1000f0d0     kernel32:KERNEL32.dll
 0002:000000d4       __imp__WriteConsoleW@20    1000f0d4     kernel32:KERNEL32.dll
 0002:000000d8       __imp__UnhandledExceptionFilter@4 1000f0d8     kernel32:KERNEL32.dll
 0002:000000dc       __imp__SetUnhandledExceptionFilter@4 1000f0dc     kernel32:KERNEL32.dll
 0002:000000e0       __imp__GetCurrentProcess@0 1000f0e0     kernel32:KERNEL32.dll
 0002:000000e4       __imp__TerminateProcess@8  1000f0e4     kernel32:KERNEL32.dll
 0002:000000e8       __imp__IsProcessorFeaturePresent@4 1000f0e8     kernel32:KERNEL32.dll
 0002:000000ec       __imp__IsDebuggerPresent@0 1000f0ec     kernel32:KERNEL32.dll
 0002:000000f0       __imp__GetStartupInfoW@4   1000f0f0     kernel32:KERNEL32.dll
 0002:000000f4       __imp__QueryPerformanceCounter@4 1000f0f4     kernel32:KERNEL32.dll
 0002:000000f8       __imp__GetCurrentProcessId@0 1000f0f8     kernel32:KERNEL32.dll
 0002:000000fc       __imp__GetCurrentThreadId@0 1000f0fc     kernel32:KERNEL32.dll
 0002:00000100       __imp__GetSystemTimeAsFileTime@4 1000f100     kernel32:KERNEL32.dll
 0002:00000104       __imp__RtlUnwind@16        1000f104     kernel32:KERNEL32.dll
 0002:00000108       __imp__GetLastError@0      1000f108     kernel32:KERNEL32.dll
 0002:0000010c       __imp__InitializeCriticalSectionAndSpinCount@8 1000f10c     kernel32:KERNEL32.dll
 0002:00000110       \177KERNEL32_NULL_THUNK_DATA 1000f110     kernel32:KERNEL32.dll
 0002:00000114       __imp__lua_setfield        1000f114     lua51:lua51.dll
 0002:00000118       __imp__luaL_error          1000f118     lua51:lua51.dll
 0002:0000011c       __imp__luaL_newstate       1000f11c     lua51:lua51.dll
 0002:00000120       __imp__luaL_ref            1000f120     lua51:lua51.dll
 0002:00000124       __imp__lua_newuserdata     1000f124     lua51:lua51.dll
 0002:00000128       __imp__lua_pushboolean     1000f128     lua51:lua51.dll
 0002:0000012c       __imp__lua_sethook         1000f12c     lua51:lua51.dll
 0002:00000130       __imp__lua_close           1000f130     lua51:lua51.dll
 0002:00000134       __imp__lua_getfield        1000f134     lua51:lua51.dll
 0002:00000138       __imp__lua_toboolean       1000f138     lua51:lua51.dll
 0002:0000013c       __imp__lua_settop          1000f13c     lua51:lua51.dll
 0002:00000140       __imp__lua_pushcclosure    1000f140     lua51:lua51.dll
 0002:00000144       \177lua51_NULL_THUNK_DATA  1000f144     lua51:lua51.dll
 0002:00000148       __imp__LF_GetPluginInfo    1000f148     luafar3:luafar3.dll
 0002:0000014c       __imp__LF_ProcessEditorEvent 1000f14c     luafar3:luafar3.dll
 0002:00000150       __imp__LF_GetContentData   1000f150     luafar3:luafar3.dll
 0002:00000154       __imp__LF_ProcessViewerEvent 1000f154     luafar3:luafar3.dll
 0002:00000158       __imp__LF_GetContentFields 1000f158     luafar3:luafar3.dll
 0002:0000015c       __imp__LF_ProcessHostFile  1000f15c     luafar3:luafar3.dll
 0002:00000160       __imp__LF_FreeFindData     1000f160     luafar3:luafar3.dll
 0002:00000164       __imp__LF_GetOpenPanelInfo 1000f164     luafar3:luafar3.dll
 0002:00000168       __imp__LF_ExitFAR          1000f168     luafar3:luafar3.dll
 0002:0000016c       __imp__LF_SetDirectory     1000f16c     luafar3:luafar3.dll
 0002:00000170       __imp__LF_Open             1000f170     luafar3:luafar3.dll
 0002:00000174       __imp__LF_ProcessConsoleInput 1000f174     luafar3:luafar3.dll
 0002:00000178       __imp__LF_FreeContentData  1000f178     luafar3:luafar3.dll
 0002:0000017c       __imp__LF_Configure        1000f17c     luafar3:luafar3.dll
 0002:00000180       __imp__LF_InitLuaState2    1000f180     luafar3:luafar3.dll
 0002:00000184       __imp__LF_PutFiles         1000f184     luafar3:luafar3.dll
 0002:00000188       __imp__LF_ProcessPanelInput 1000f188     luafar3:luafar3.dll
 0002:0000018c       __imp__LF_DeleteFiles      1000f18c     luafar3:luafar3.dll
 0002:00000190       __imp__LF_ClosePanel       1000f190     luafar3:luafar3.dll
 0002:00000194       __imp__LF_ProcessSynchroEvent 1000f194     luafar3:luafar3.dll
 0002:00000198       __imp__LF_MakeDirectory    1000f198     luafar3:luafar3.dll
 0002:0000019c       __imp__LF_ProcessEditorInput 1000f19c     luafar3:luafar3.dll
 0002:000001a0       __imp__LF_ProcessPanelEvent 1000f1a0     luafar3:luafar3.dll
 0002:000001a4       __imp__LF_GetFiles         1000f1a4     luafar3:luafar3.dll
 0002:000001a8       __imp__LF_DlgProc          1000f1a8     luafar3:luafar3.dll
 0002:000001ac       __imp__LF_ProcessDialogEvent 1000f1ac     luafar3:luafar3.dll
 0002:000001b0       __imp__LF_GetFindData      1000f1b0     luafar3:luafar3.dll
 0002:000001b4       __imp__LF_GetGlobalInfo    1000f1b4     luafar3:luafar3.dll
 0002:000001b8       __imp__LF_RunLuafarInit    1000f1b8     luafar3:luafar3.dll
 0002:000001bc       __imp__LF_Compare          1000f1bc     luafar3:luafar3.dll
 0002:000001c0       __imp__LF_Analyse          1000f1c0     luafar3:luafar3.dll
 0002:000001c4       __imp__LF_InitLuaState1    1000f1c4     luafar3:luafar3.dll
 0002:000001c8       __imp__LF_RunDefaultScript 1000f1c8     luafar3:luafar3.dll
 0002:000001cc       __imp__LF_CloseAnalyse     1000f1cc     luafar3:luafar3.dll
 0002:000001d0       __imp__LF_SetFindList      1000f1d0     luafar3:luafar3.dll
 0002:000001d4       \177luafar3_NULL_THUNK_DATA 1000f1d4     luafar3:luafar3.dll
 0002:000001d8       ___guard_check_icall_fptr  1000f1d8     LIBCMT:guard_support.obj
 0002:000001dc       ___xc_a                    1000f1dc     LIBCMT:initializers.obj
 0002:000001e0       ___xc_z                    1000f1e0     LIBCMT:initializers.obj
 0002:000001e4       ___xi_a                    1000f1e4     LIBCMT:initializers.obj
 0002:000001e8       ___acrt_multibyte_initializer 1000f1e8     libucrt:multibyte_initializer.obj
 0002:000001ec       ___acrt_stdio_initializer  1000f1ec     libucrt:stdio_initializer.obj
 0002:000001f0       ___acrt_tran_sse2_initializer 1000f1f0     libucrt:sse2_initializer.obj
 0002:000001f4       ___xi_z                    1000f1f4     LIBCMT:initializers.obj
 0002:000001f8       ___xp_a                    1000f1f8     LIBCMT:initializers.obj
 0002:000001fc       ___acrt_locale_terminator  1000f1fc     libucrt:locale_initializer.obj
 0002:00000200       ___dcrt_console_output_terminator 1000f200     libucrt:console_output_initializer.obj
 0002:00000204       ___acrt_stdio_terminator   1000f204     libucrt:stdio_initializer.obj
 0002:00000208       ___xp_z                    1000f208     LIBCMT:initializers.obj
 0002:0000020c       ___xt_a                    1000f20c     LIBCMT:initializers.obj
 0002:00000210       ___xt_z                    1000f210     LIBCMT:initializers.obj
 0002:00000220       __imp__EncodePointer@4     1000f220     vc_crt_fix.obj
 0002:00000228       __imp__DecodePointer@4     1000f228     vc_crt_fix.obj
 0002:00000230       __imp__GetModuleHandleExW@12 1000f230     vc_crt_fix.obj
 0002:00000238       __imp__InitializeSListHead@4 1000f238     vc_crt_fix.obj
 0002:00000240       __imp__InterlockedFlushSList@4 1000f240     vc_crt_fix.obj
 0002:00000248       __imp__InterlockedPopEntrySList@4 1000f248     vc_crt_fix.obj
 0002:00000250       __imp__InterlockedPushEntrySList@8 1000f250     vc_crt_fix.obj
 0002:00000258       __imp__InterlockedPushListSListEx@16 1000f258     vc_crt_fix.obj
 0002:00000260       __imp__RtlFirstEntrySList@4 1000f260     vc_crt_fix.obj
 0002:00000268       __imp__QueryDepthSList@4   1000f268     vc_crt_fix.obj
 0002:00000270       __imp__GetNumaHighestNodeNumber@4 1000f270     vc_crt_fix.obj
 0002:00000278       __imp__GetLogicalProcessorInformation@8 1000f278     vc_crt_fix.obj
 0002:00000280       __imp__SetThreadStackGuarantee@4 1000f280     vc_crt_fix.obj
 0002:00000288       __imp__InitializeCriticalSectionEx@12 1000f288     vc_crt_fix.obj
 0002:00000290       __imp__CompareStringEx@36  1000f290     vc_crt_fix.obj
 0002:00000298       __imp__LCMapStringEx@36    1000f298     vc_crt_fix.obj
 0002:000002a0       __imp__AcquireSRWLockExclusive@4 1000f2a0     vc_crt_fix.obj
 0002:000002a8       __imp__ReleaseSRWLockExclusive@4 1000f2a8     vc_crt_fix.obj
 0002:000002b0       __imp__SleepConditionVariableSRW@16 1000f2b0     vc_crt_fix.obj
 0002:000002b8       __imp__WakeAllConditionVariable@4 1000f2b8     vc_crt_fix.obj
 0002:000002c0       __pDefaultRawDllMain       1000f2c0     LIBCMT:dll_dllmain.obj
 0002:000002c0       __pRawDllMain              1000f2c0     LIBCMT:dll_dllmain.obj
 0002:000002cc       __pDestructExceptionObject 1000f2cc     libvcruntime:ehhelpers.obj
 0002:000002d4       ??_7exception@std@@6B@     1000f2d4     libvcruntime:frame.obj
 0002:000002dc       ??_C@_0BC@EOODALEL@Unknown?5exception@ 1000f2dc     libvcruntime:frame.obj
 0002:000002f4       ??_7bad_exception@std@@6B@ 1000f2f4     libvcruntime:frame.obj
 0002:000002fc       ??_C@_0O@DPKOEFFH@bad?5exception@ 1000f2fc     libvcruntime:frame.obj
 0002:00000690       ??_C@_08EHJDFFNH@__based?$CI@ 1000f690     libvcruntime:undname.obj
 0002:0000069c       ??_C@_07KOLFKCDI@__cdecl@  1000f69c     libvcruntime:undname.obj
 0002:000006a4       ??_C@_08GHMPAG@__pascal@   1000f6a4     libvcruntime:undname.obj
 0002:000006b0       ??_C@_09IFJBGAPI@__stdcall@ 1000f6b0     libvcruntime:undname.obj
 0002:000006bc       ??_C@_0L@NPHFGOKO@__thiscall@ 1000f6bc     libvcruntime:undname.obj
 0002:000006c8       ??_C@_0L@JMKHOMEK@__fastcall@ 1000f6c8     libvcruntime:undname.obj
 0002:000006d4       ??_C@_0N@BCKKPABJ@__vectorcall@ 1000f6d4     libvcruntime:undname.obj
 0002:000006e4       ??_C@_09HIJEGCPM@__clrcall@ 1000f6e4     libvcruntime:undname.obj
 0002:000006f0       ??_C@_06GHPCKEAG@__eabi@   1000f6f0     libvcruntime:undname.obj
 0002:000006f8       ??_C@_09IOPIDJLG@__swift_1@ 1000f6f8     libvcruntime:undname.obj
 0002:00000704       ??_C@_09KFNFGKHF@__swift_2@ 1000f704     libvcruntime:undname.obj
 0002:00000710       ??_C@_07JOMMBBKO@__ptr64@  1000f710     libvcruntime:undname.obj
 0002:00000718       ??_C@_0L@PILCLIHE@__restrict@ 1000f718     libvcruntime:undname.obj
 0002:00000724       ??_C@_0M@GFIIJFMG@__unaligned@ 1000f724     libvcruntime:undname.obj
 0002:00000730       ??_C@_09DHDLOLLB@restrict?$CI@ 1000f730     libvcruntime:undname.obj
 0002:0000073a       ??_C@_00CNPNBAHC@@         1000f73a     libvcruntime:undname.obj
 0002:0000073c       ??_C@_04NIHEBCM@?5new@     1000f73c     libvcruntime:undname.obj
 0002:00000744       ??_C@_07FPCDHGMM@?5delete@ 1000f744     libvcruntime:undname.obj
 0002:0000074c       ??_C@_01NEMOKFLO@?$DN@     1000f74c     libvcruntime:undname.obj
 0002:00000750       ??_C@_02GPIOPFAK@?$DO?$DO@ 1000f750     libvcruntime:undname.obj
 0002:00000754       ??_C@_02FODMEDOG@?$DM?$DM@ 1000f754     libvcruntime:undname.obj
 0002:00000758       ??_C@_01DCLJPIOD@?$CB@     1000f758     libvcruntime:undname.obj
 0002:0000075c       ??_C@_02EGOFBIJA@?$DN?$DN@ 1000f75c     libvcruntime:undname.obj
 0002:00000760       ??_C@_02FDNJECIE@?$CB?$DN@ 1000f760     libvcruntime:undname.obj
 0002:00000764       ??_C@_02GPECMEKF@?$FL?$FN@ 1000f764     libvcruntime:undname.obj
 0002:00000768       ??_C@_08LHJFAFGD@operator@ 1000f768     libvcruntime:undname.obj
 0002:00000774       ??_C@_02HBOOOICD@?9?$DO@   1000f774     libvcruntime:undname.obj
 0002:00000778       ??_C@_01NBENCBCI@?$CK@     1000f778     libvcruntime:undname.obj
 0002:0000077c       ??_C@_02ECNGHCIF@?$CL?$CL@ 1000f77c     libvcruntime:undname.obj
 0002:00000780       ??_C@_02BAABKJLB@?9?9@     1000f780     libvcruntime:undname.obj
 0002:00000784       ??_C@_01JOAMLHOP@?9@       1000f784     libvcruntime:undname.obj
 0002:00000788       ??_C@_01MIFGBAGJ@?$CL@     1000f788     libvcruntime:undname.obj
 0002:0000078c       ??_C@_01HNPIGOCE@?$CG@     1000f78c     libvcruntime:undname.obj
 0002:00000790       ??_C@_03MNHNFDLC@?9?$DO?$CK@ 1000f790     libvcruntime:undname.obj
 0002:00000794       ??_C@_01KMDKNFGN@?1@       1000f794     libvcruntime:undname.obj
 0002:00000798       ??_C@_01FGNFDNOH@?$CF@     1000f798     libvcruntime:undname.obj
 0002:0000079c       ??_C@_01MNNFJEPP@?$DM@     1000f79c     libvcruntime:undname.obj
 0002:000007a0       ??_C@_02EHCHHCKH@?$DM?$DN@ 1000f7a0     libvcruntime:undname.obj
 0002:000007a4       ??_C@_01PPODPGHN@?$DO@     1000f7a4     libvcruntime:undname.obj
 0002:000007a8       ??_C@_02EEKDKGMJ@?$DO?$DN@ 1000f7a8     libvcruntime:undname.obj
 0002:000007ac       ??_C@_01IHBHIGKO@?0@       1000f7ac     libvcruntime:undname.obj
 0002:000007b0       ??_C@_02HCKGKOFO@?$CI?$CJ@ 1000f7b0     libvcruntime:undname.obj
 0002:000007b4       ??_C@_01PJKLJHI@?$HO@      1000f7b4     libvcruntime:undname.obj
 0002:000007b8       ??_C@_01JKBOJNNK@?$FO@     1000f7b8     libvcruntime:undname.obj
 0002:000007bc       ??_C@_01DNKMNLPK@?$HM@     1000f7bc     libvcruntime:undname.obj
 0002:000007c0       ??_C@_02PPKAJPJL@?$CG?$CG@ 1000f7c0     libvcruntime:undname.obj
 0002:000007c4       ??_C@_02NONPIBCD@?$HM?$HM@ 1000f7c4     libvcruntime:undname.obj
 0002:000007c8       ??_C@_02FPIMKNGF@?$CK?$DN@ 1000f7c8     libvcruntime:undname.obj
 0002:000007cc       ??_C@_02FOEOMHFC@?$CL?$DN@ 1000f7cc     libvcruntime:undname.obj
 0002:000007d0       ??_C@_02FKMDLLOA@?9?$DN@   1000f7d0     libvcruntime:undname.obj
 0002:000007d4       ??_C@_02FJEHGPIO@?1?$DN@   1000f7d4     libvcruntime:undname.obj
 0002:000007d8       ??_C@_02FENAOKFI@?$CF?$DN@ 1000f7d8     libvcruntime:undname.obj
 0002:000007dc       ??_C@_03IKFCCPFF@?$DO?$DO?$DN@ 1000f7dc     libvcruntime:undname.obj
 0002:000007e0       ??_C@_03CDNPDDLA@?$DM?$DM?$DN@ 1000f7e0     libvcruntime:undname.obj
 0002:000007e4       ??_C@_02FGJGFEAB@?$CG?$DN@ 1000f7e4     libvcruntime:undname.obj
 0002:000007e8       ??_C@_02DHLNPPGH@?$HM?$DN@ 1000f7e8     libvcruntime:undname.obj
 0002:000007ec       ??_C@_02MHEGNOJ@?$FO?$DN@  1000f7ec     libvcruntime:undname.obj
 0002:000007f0       ??_C@_09IFPLHPGF@?$GAvftable?8@ 1000f7f0     libvcruntime:undname.obj
 0002:000007fc       ??_C@_09BLBHBJP@?$GAvbtable?8@ 1000f7fc     libvcruntime:undname.obj
 0002:00000808       ??_C@_07FEEIOKP@?$GAvcall?8@ 1000f808     libvcruntime:undname.obj
 0002:00000810       ??_C@_08LLFFHHDJ@?$GAtypeof?8@ 1000f810     libvcruntime:undname.obj
 0002:0000081c       ??_C@_0BF@KDPPACIK@?$GAlocal?5static?5guard?8@ 1000f81c     libvcruntime:undname.obj
 0002:00000834       ??_C@_08OBABFOLI@?$GAstring?8@ 1000f834     libvcruntime:undname.obj
 0002:00000840       ??_C@_0BD@JDLKDPAB@?$GAvbase?5destructor?8@ 1000f840     libvcruntime:undname.obj
 0002:00000854       ??_C@_0BN@DEGPLNFK@?$GAvector?5deleting?5destructor?8@ 1000f854     libvcruntime:undname.obj
 0002:00000874       ??_C@_0BO@OBMKPJIG@?$GAdefault?5constructor?5closure?8@ 1000f874     libvcruntime:undname.obj
 0002:00000894       ??_C@_0BN@IMDCHIKM@?$GAscalar?5deleting?5destructor?8@ 1000f894     libvcruntime:undname.obj
 0002:000008b4       ??_C@_0BO@PFGOCPJJ@?$GAvector?5constructor?5iterator?8@ 1000f8b4     libvcruntime:undname.obj
 0002:000008d4       ??_C@_0BN@LFPFMEDL@?$GAvector?5destructor?5iterator?8@ 1000f8d4     libvcruntime:undname.obj
 0002:000008f4       ??_C@_0CE@IKBNEHA@?$GAvector?5vbase?5constructor?5itera@ 1000f8f4     libvcruntime:undname.obj
 0002:00000918       ??_C@_0BL@NILFHHPC@?$GAvirtual?5displacement?5map?8@ 1000f918     libvcruntime:undname.obj
 0002:00000934       ??_C@_0CB@JONCMFFK@?$GAeh?5vector?5constructor?5iterator@ 1000f934     libvcruntime:undname.obj
 0002:00000958       ??_C@_0CA@GCEOPDGL@?$GAeh?5vector?5destructor?5iterator?8@ 1000f958     libvcruntime:undname.obj
 0002:00000978       ??_C@_0CH@OOJPLCPH@?$GAeh?5vector?5vbase?5constructor?5it@ 1000f978     libvcruntime:undname.obj
 0002:000009a0       ??_C@_0BL@LLKPOHJI@?$GAcopy?5constructor?5closure?8@ 1000f9a0     libvcruntime:undname.obj
 0002:000009bc       ??_C@_0BA@KBCDOMBN@?$GAudt?5returning?8@ 1000f9bc     libvcruntime:undname.obj
 0002:000009cc       ??_C@_03KLGMFNMG@?$GAEH@   1000f9cc     libvcruntime:undname.obj
 0002:000009d0       ??_C@_05KHLCHHI@?$GARTTI@  1000f9d0     libvcruntime:undname.obj
 0002:000009d8       ??_C@_0BA@KKLDJDLB@?$GAlocal?5vftable?8@ 1000f9d8     libvcruntime:undname.obj
 0002:000009e8       ??_C@_0CE@IIHCMGGL@?$GAlocal?5vftable?5constructor?5clos@ 1000f9e8     libvcruntime:undname.obj
 0002:00000a0c       ??_C@_06FHBGPFGH@?5new?$FL?$FN@ 1000fa0c     libvcruntime:undname.obj
 0002:00000a14       ??_C@_09LBNFPBCA@?5delete?$FL?$FN@ 1000fa14     libvcruntime:undname.obj
 0002:00000a20       ??_C@_0P@HJKNJFNN@?$GAomni?5callsig?8@ 1000fa20     libvcruntime:undname.obj
 0002:00000a30       ??_C@_0BL@CNOONJFP@?$GAplacement?5delete?5closure?8@ 1000fa30     libvcruntime:undname.obj
 0002:00000a4c       ??_C@_0BN@CKNJLHMB@?$GAplacement?5delete?$FL?$FN?5closure?8@ 1000fa4c     libvcruntime:undname.obj
 0002:00000a6c       ??_C@_0CG@CFDHKGGD@?$GAmanaged?5vector?5constructor?5ite@ 1000fa6c     libvcruntime:undname.obj
 0002:00000a94       ??_C@_0CF@IMGKMJNO@?$GAmanaged?5vector?5destructor?5iter@ 1000fa94     libvcruntime:undname.obj
 0002:00000abc       ??_C@_0CG@HLDDJMAG@?$GAeh?5vector?5copy?5constructor?5ite@ 1000fabc     libvcruntime:undname.obj
 0002:00000ae4       ??_C@_0CM@FCBBDIGB@?$GAeh?5vector?5vbase?5copy?5construct@ 1000fae4     libvcruntime:undname.obj
 0002:00000b10       ??_C@_0BL@CLIPGLGB@?$GAdynamic?5initializer?5for?5?8@ 1000fb10     libvcruntime:undname.obj
 0002:00000b2c       ??_C@_0CB@PDBIFEP@?$GAdynamic?5atexit?5destructor?5for?5@ 1000fb2c     libvcruntime:undname.obj
 0002:00000b50       ??_C@_0CD@CGAJBKEJ@?$GAvector?5copy?5constructor?5iterat@ 1000fb50     libvcruntime:undname.obj
 0002:00000b74       ??_C@_0CJ@GJELGAMM@?$GAvector?5vbase?5copy?5constructor?5@ 1000fb74     libvcruntime:undname.obj
 0002:00000ba0       ??_C@_0CL@FGIJHLCE@?$GAmanaged?5vector?5copy?5constructo@ 1000fba0     libvcruntime:undname.obj
 0002:00000bcc       ??_C@_0BM@PMGGMLDN@?$GAlocal?5static?5thread?5guard?8@ 1000fbcc     libvcruntime:undname.obj
 0002:00000be8       ??_C@_0N@BDNMDMOL@operator?5?$CC?$CC?5@ 1000fbe8     libvcruntime:undname.obj
 0002:00000bf8       ??_C@_0BC@GGEBGALA@operator?5co_await@ 1000fbf8     libvcruntime:undname.obj
 0002:00000c0c       ??_C@_0M@GAAIMMOH@operator?$DM?$DN?$DO@ 1000fc0c     libvcruntime:undname.obj
 0002:00000c18       ??_C@_0BC@DAFEJGAK@?5Type?5Descriptor?8@ 1000fc18     libvcruntime:undname.obj
 0002:00000c2c       ??_C@_0BM@LDKODKLH@?5Base?5Class?5Descriptor?5at?5?$CI@ 1000fc2c     libvcruntime:undname.obj
 0002:00000c48       ??_C@_0BD@LGICGFMM@?5Base?5Class?5Array?8@ 1000fc48     libvcruntime:undname.obj
 0002:00000c5c       ??_C@_0BN@MECKDCOJ@?5Class?5Hierarchy?5Descriptor?8@ 1000fc5c     libvcruntime:undname.obj
 0002:00000c7c       ??_C@_0BK@CFCOFLF@?5Complete?5Object?5Locator?8@ 1000fc7c     libvcruntime:undname.obj
 0002:00000c98       ??_C@_0BG@JNJLAMPM@?$GAanonymous?5namespace?8@ 1000fc98     libvcruntime:undname.obj
 0002:00000cbc       ??_C@_1DM@KHCHBNEB@?$AAa?$AAp?$AAi?$AA?9?$AAm?$AAs?$AA?9?$AAw?$AAi?$AAn?$AA?9?$AAc?$AAo?$AAr?$AAe@ 1000fcbc     libvcruntime:winapi_downlevel.obj
 0002:00000cf8       ??_C@_1DK@LPPGFMPP@?$AAa?$AAp?$AAi?$AA?9?$AAm?$AAs?$AA?9?$AAw?$AAi?$AAn?$AA?9?$AAc?$AAo?$AAr?$AAe@ 1000fcf8     libvcruntime:winapi_downlevel.obj
 0002:00000d34       ??_C@_1BC@GDMECMAK@?$AAk?$AAe?$AAr?$AAn?$AAe?$AAl?$AA3?$AA2@ 1000fd34     libvcruntime:winapi_downlevel.obj
 0002:00000d48       ??_C@_1BA@PFFKHIOG@?$AAa?$AAp?$AAi?$AA?9?$AAm?$AAs?$AA?9@ 1000fd48     libvcruntime:winapi_downlevel.obj
 0002:00000d60       ??_C@_08KNHFBNJ@FlsAlloc@  1000fd60     libvcruntime:winapi_downlevel.obj
 0002:00000d74       ??_C@_07PEJMOBNF@FlsFree@  1000fd74     libvcruntime:winapi_downlevel.obj
 0002:00000d84       ??_C@_0M@GDNOONDI@FlsGetValue@ 1000fd84     libvcruntime:winapi_downlevel.obj
 0002:00000d98       ??_C@_0M@JCPCPOEF@FlsSetValue@ 1000fd98     libvcruntime:winapi_downlevel.obj
 0002:00000dac       ??_C@_0BM@HCFOFFN@InitializeCriticalSectionEx@ 1000fdac     libvcruntime:winapi_downlevel.obj
 0002:00000dc8       ___acrt_exception_action_table 1000fdc8     libucrt:exception_filter.obj
 0002:00000e58       ___acrt_signal_action_table_count 1000fe58     libucrt:exception_filter.obj
 0002:00000e5c       ___acrt_signal_action_table_size 1000fe5c     libucrt:exception_filter.obj
 0002:00000e60       ___acrt_signal_action_first_fpe_index 1000fe60     libucrt:exception_filter.obj
 0002:00000e64       ___acrt_signal_action_fpe_count 1000fe64     libucrt:exception_filter.obj
 0002:00000e68       ??_C@_1BI@BGOHAHKC@?$AAm?$AAs?$AAc?$AAo?$AAr?$AAe?$AAe?$AA?4?$AAd?$AAl?$AAl@ 1000fe68     libucrt:exit.obj
 0002:00000e80       ??_C@_0P@MIGLKIOC@CorExitProcess@ 1000fe80     libucrt:exit.obj
 0002:00001088       ??_C@_1M@HPNHIDJI@?$AAj?$AAa?$AA?9?$AAJ?$AAP@ 10010088     libucrt:mbctype.obj
 0002:00001094       ??_C@_1M@BIBDDEMK@?$AAz?$AAh?$AA?9?$AAC?$AAN@ 10010094     libucrt:mbctype.obj
 0002:000010a0       ??_C@_1M@JLOOOEGK@?$AAk?$AAo?$AA?9?$AAK?$AAR@ 100100a0     libucrt:mbctype.obj
 0002:000010ac       ??_C@_1M@CLNBBOPM@?$AAz?$AAh?$AA?9?$AAT?$AAW@ 100100ac     libucrt:mbctype.obj
 0002:00001108       ??_C@_1EA@JGEFHKEI@?$AAa?$AAp?$AAi?$AA?9?$AAm?$AAs?$AA?9?$AAw?$AAi?$AAn?$AA?9?$AAc?$AAo?$AAr?$AAe@ 10010108     libucrt:winapi_thunks.obj
 0002:00001148       ??_C@_1DI@IJCEHOCB@?$AAa?$AAp?$AAi?$AA?9?$AAm?$AAs?$AA?9?$AAw?$AAi?$AAn?$AA?9?$AAc?$AAo?$AAr?$AAe@ 10010148     libucrt:winapi_thunks.obj
 0002:00001180       ??_C@_1EI@MPIAOHOC@?$AAa?$AAp?$AAi?$AA?9?$AAm?$AAs?$AA?9?$AAw?$AAi?$AAn?$AA?9?$AAc?$AAo?$AAr?$AAe@ 10010180     libucrt:winapi_thunks.obj
 0002:000011c8       ??_C@_1FK@FPHCKFIE@?$AAa?$AAp?$AAi?$AA?9?$AAm?$AAs?$AA?9?$AAw?$AAi?$AAn?$AA?9?$AAc?$AAo?$AAr?$AAe@ 100101c8     libucrt:winapi_thunks.obj
 0002:00001228       ??_C@_1EM@DILCGIIO@?$AAa?$AAp?$AAi?$AA?9?$AAm?$AAs?$AA?9?$AAw?$AAi?$AAn?$AA?9?$AAc?$AAo?$AAr?$AAe@ 10010228     libucrt:winapi_thunks.obj
 0002:00001274       ??_C@_1DM@LNCGDDPN@?$AAa?$AAp?$AAi?$AA?9?$AAm?$AAs?$AA?9?$AAw?$AAi?$AAn?$AA?9?$AAc?$AAo?$AAr?$AAe@ 10010274     libucrt:winapi_thunks.obj
 0002:000012b0       ??_C@_1DO@FPAPJEMD@?$AAa?$AAp?$AAi?$AA?9?$AAm?$AAs?$AA?9?$AAw?$AAi?$AAn?$AA?9?$AAc?$AAo?$AAr?$AAe@ 100102b0     libucrt:winapi_thunks.obj
 0002:000012f0       ??_C@_1DK@NDHNAHIO@?$AAa?$AAp?$AAi?$AA?9?$AAm?$AAs?$AA?9?$AAw?$AAi?$AAn?$AA?9?$AAc?$AAo?$AAr?$AAe@ 100102f0     libucrt:winapi_thunks.obj
 0002:0000132c       ??_C@_1DM@KGHDGBCM@?$AAa?$AAp?$AAi?$AA?9?$AAm?$AAs?$AA?9?$AAw?$AAi?$AAn?$AA?9?$AAc?$AAo?$AAr?$AAe@ 1001032c     libucrt:winapi_thunks.obj
 0002:00001368       ??_C@_1EO@IJIOEFOH@?$AAa?$AAp?$AAi?$AA?9?$AAm?$AAs?$AA?9?$AAw?$AAi?$AAn?$AA?9?$AAr?$AAt?$AAc?$AAo@ 10010368     libucrt:winapi_thunks.obj
 0002:000013b8       ??_C@_1FG@HHGEKANL@?$AAa?$AAp?$AAi?$AA?9?$AAm?$AAs?$AA?9?$AAw?$AAi?$AAn?$AA?9?$AAs?$AAe?$AAc?$AAu@ 100103b8     libucrt:winapi_thunks.obj
 0002:00001410       ??_C@_1EG@DBIOJECG@?$AAe?$AAx?$AAt?$AA?9?$AAm?$AAs?$AA?9?$AAw?$AAi?$AAn?$AA?9?$AAn?$AAt?$AAu?$AAs@ 10010410     libucrt:winapi_thunks.obj
 0002:00001458       ??_C@_1EO@FIHMJCLF@?$AAe?$AAx?$AAt?$AA?9?$AAm?$AAs?$AA?9?$AAw?$AAi?$AAn?$AA?9?$AAn?$AAt?$AAu?$AAs@ 10010458     libucrt:winapi_thunks.obj
 0002:000014a8       ??_C@_1BC@DNHGCMLG@?$AAa?$AAd?$AAv?$AAa?$AAp?$AAi?$AA3?$AA2@ 100104a8     libucrt:winapi_thunks.obj
 0002:000014bc       ??_C@_1M@OAIMIKLP@?$AAn?$AAt?$AAd?$AAl?$AAl@ 100104bc     libucrt:winapi_thunks.obj
 0002:000014c8       ??_C@_1EG@DPGNFKGC@?$AAa?$AAp?$AAi?$AA?9?$AAm?$AAs?$AA?9?$AAw?$AAi?$AAn?$AA?9?$AAa?$AAp?$AAp?$AAm@ 100104c8     libucrt:winapi_thunks.obj
 0002:00001510       ??_C@_1O@BCCLBEOE@?$AAu?$AAs?$AAe?$AAr?$AA3?$AA2@ 10010510     libucrt:winapi_thunks.obj
 0002:00001520       ??_C@_1BA@IAIFMGEF@?$AAe?$AAx?$AAt?$AA?9?$AAm?$AAs?$AA?9@ 10010520     libucrt:winapi_thunks.obj
 0002:00001534       ??_C@_0BA@FHFNEAED@AreFileApisANSI@ 10010534     libucrt:winapi_thunks.obj
 0002:00001574       ??_C@_0O@KKBNKAPF@LCMapStringEx@ 10010574     libucrt:winapi_thunks.obj
 0002:0000158c       ??_C@_0BB@HBDEELFH@LocaleNameToLCID@ 1001058c     libucrt:winapi_thunks.obj
 0002:000015a4       ??_C@_0CF@OJOFEIGO@AppPolicyGetProcessTerminationM@ 100105a4     libucrt:winapi_thunks.obj
 0002:000015d0       ___lc_time_c               100105d0     libucrt:nlsdata.obj
 0002:00001734       ??_C@_03KOEHGMDN@Sun@      10010734     libucrt:nlsdata.obj
 0002:00001738       ??_C@_03PDAGKDH@Mon@       10010738     libucrt:nlsdata.obj
 0002:0000173c       ??_C@_03NAGEINEP@Tue@      1001073c     libucrt:nlsdata.obj
 0002:00001740       ??_C@_03MHOMLAJA@Wed@      10010740     libucrt:nlsdata.obj
 0002:00001744       ??_C@_03IOFIKPDN@Thu@      10010744     libucrt:nlsdata.obj
 0002:00001748       ??_C@_03IDIOELNC@Fri@      10010748     libucrt:nlsdata.obj
 0002:0000174c       ??_C@_03FEFJNEK@Sat@       1001074c     libucrt:nlsdata.obj
 0002:00001750       ??_C@_06OOPIFAJ@Sunday@    10010750     libucrt:nlsdata.obj
 0002:00001758       ??_C@_06JLEDEDGH@Monday@   10010758     libucrt:nlsdata.obj
 0002:00001760       ??_C@_07BAAGCFCM@Tuesday@  10010760     libucrt:nlsdata.obj
 0002:00001768       ??_C@_09DLIGFAKA@Wednesday@ 10010768     libucrt:nlsdata.obj
 0002:00001774       ??_C@_08HACCIKIA@Thursday@ 10010774     libucrt:nlsdata.obj
 0002:00001780       ??_C@_06JECMNKMI@Friday@   10010780     libucrt:nlsdata.obj
 0002:00001788       ??_C@_08INBOOONO@Saturday@ 10010788     libucrt:nlsdata.obj
 0002:00001794       ??_C@_03JIHJHPIE@Jan@      10010794     libucrt:nlsdata.obj
 0002:00001798       ??_C@_03HJBDCHOM@Feb@      10010798     libucrt:nlsdata.obj
 0002:0000179c       ??_C@_03ODNJBKGA@Mar@      1001079c     libucrt:nlsdata.obj
 0002:000017a0       ??_C@_03LEOLGMJP@Apr@      100107a0     libucrt:nlsdata.obj
 0002:000017a4       ??_C@_03CNMDKL@May@        100107a4     libucrt:nlsdata.obj
 0002:000017a8       ??_C@_03IDFGHECI@Jun@      100107a8     libucrt:nlsdata.obj
 0002:000017ac       ??_C@_03LBGABGKK@Jul@      100107ac     libucrt:nlsdata.obj
 0002:000017b0       ??_C@_03IFJFEIGA@Aug@      100107b0     libucrt:nlsdata.obj
 0002:000017b4       ??_C@_03GGCAPAJC@Sep@      100107b4     libucrt:nlsdata.obj
 0002:000017b8       ??_C@_03BMAOKBAD@Oct@      100107b8     libucrt:nlsdata.obj
 0002:000017bc       ??_C@_03JPJOFNIA@Nov@      100107bc     libucrt:nlsdata.obj
 0002:000017c0       ??_C@_03MKABNOCG@Dec@      100107c0     libucrt:nlsdata.obj
 0002:000017c4       ??_C@_07CGJPFGJA@January@  100107c4     libucrt:nlsdata.obj
 0002:000017cc       ??_C@_08GNJGEPFN@February@ 100107cc     libucrt:nlsdata.obj
 0002:000017d8       ??_C@_05HPCKOFNC@March@    100107d8     libucrt:nlsdata.obj
 0002:000017e0       ??_C@_05DMJDNLEJ@April@    100107e0     libucrt:nlsdata.obj
 0002:000017e8       ??_C@_04CNLMGBGM@June@     100107e8     libucrt:nlsdata.obj
 0002:000017f0       ??_C@_04MIEPOIFP@July@     100107f0     libucrt:nlsdata.obj
 0002:000017f8       ??_C@_06LBBHFDDG@August@   100107f8     libucrt:nlsdata.obj
 0002:00001800       ??_C@_09BHHEALKD@September@ 10010800     libucrt:nlsdata.obj
 0002:0000180c       ??_C@_07JJNFCEND@October@  1001080c     libucrt:nlsdata.obj
 0002:00001814       ??_C@_08HCHEGEOA@November@ 10010814     libucrt:nlsdata.obj
 0002:00001820       ??_C@_08EDHMEBNP@December@ 10010820     libucrt:nlsdata.obj
 0002:0000182c       ??_C@_02DEDBPAFC@AM@       1001082c     libucrt:nlsdata.obj
 0002:00001830       ??_C@_02CJNFDJBF@PM@       10010830     libucrt:nlsdata.obj
 0002:00001834       ??_C@_08BPBNCDIB@MM?1dd?1yy@ 10010834     libucrt:nlsdata.obj
 0002:00001840       ??_C@_0BE@CKGJFCPC@dddd?0?5MMMM?5dd?0?5yyyy@ 10010840     libucrt:nlsdata.obj
 0002:00001854       ??_C@_08JCCMCCIL@HH?3mm?3ss@ 10010854     libucrt:nlsdata.obj
 0002:00001860       ??_C@_17MBGCMIPB@?$AAS?$AAu?$AAn@ 10010860     libucrt:nlsdata.obj
 0002:00001868       ??_C@_17KBOMKBF@?$AAM?$AAo?$AAn@ 10010868     libucrt:nlsdata.obj
 0002:00001870       ??_C@_17BMKGEGOJ@?$AAT?$AAu?$AAe@ 10010870     libucrt:nlsdata.obj
 0002:00001878       ??_C@_17CJEDCEPE@?$AAW?$AAe?$AAd@ 10010878     libucrt:nlsdata.obj
 0002:00001880       ??_C@_17PDPHAADD@?$AAT?$AAh?$AAu@ 10010880     libucrt:nlsdata.obj
 0002:00001888       ??_C@_17HFOLPPLP@?$AAF?$AAr?$AAi@ 10010888     libucrt:nlsdata.obj
 0002:00001890       ??_C@_17GGIBDPIH@?$AAS?$AAa?$AAt@ 10010890     libucrt:nlsdata.obj
 0002:00001898       ??_C@_1O@IHNHDHPB@?$AAS?$AAu?$AAn?$AAd?$AAa?$AAy@ 10010898     libucrt:nlsdata.obj
 0002:000018a8       ??_C@_1O@MMNBFLIA@?$AAM?$AAo?$AAn?$AAd?$AAa?$AAy@ 100108a8     libucrt:nlsdata.obj
 0002:000018b8       ??_C@_1BA@ENFBFFEK@?$AAT?$AAu?$AAe?$AAs?$AAd?$AAa?$AAy@ 100108b8     libucrt:nlsdata.obj
 0002:000018c8       ??_C@_1BE@EBOGMDOH@?$AAW?$AAe?$AAd?$AAn?$AAe?$AAs?$AAd?$AAa?$AAy@ 100108c8     libucrt:nlsdata.obj
 0002:000018dc       ??_C@_1BC@HHMNLIHE@?$AAT?$AAh?$AAu?$AAr?$AAs?$AAd?$AAa?$AAy@ 100108dc     libucrt:nlsdata.obj
 0002:000018f0       ??_C@_1O@PDICJHAG@?$AAF?$AAr?$AAi?$AAd?$AAa?$AAy@ 100108f0     libucrt:nlsdata.obj
 0002:00001900       ??_C@_1BC@ENMNNPAJ@?$AAS?$AAa?$AAt?$AAu?$AAr?$AAd?$AAa?$AAy@ 10010900     libucrt:nlsdata.obj
 0002:00001914       ??_C@_17DKNBKCHM@?$AAJ?$AAa?$AAn@ 10010914     libucrt:nlsdata.obj
 0002:0000191c       ??_C@_17LMDJEKJN@?$AAF?$AAe?$AAb@ 1001091c     libucrt:nlsdata.obj
 0002:00001924       ??_C@_17CKNLEDEC@?$AAM?$AAa?$AAr@ 10010924     libucrt:nlsdata.obj
 0002:0000192c       ??_C@_17LFPOIHDD@?$AAA?$AAp?$AAr@ 1001092c     libucrt:nlsdata.obj
 0002:00001934       ??_C@_17PNNKMEED@?$AAM?$AAa?$AAy@ 10010934     libucrt:nlsdata.obj
 0002:0000193c       ??_C@_17KCJGOCPB@?$AAJ?$AAu?$AAn@ 1001093c     libucrt:nlsdata.obj
 0002:00001944       ??_C@_17IJPCKHK@?$AAJ?$AAu?$AAl@ 10010944     libucrt:nlsdata.obj
 0002:0000194c       ??_C@_17ICPELBCN@?$AAA?$AAu?$AAg@ 1001094c     libucrt:nlsdata.obj
 0002:00001954       ??_C@_17HCHCOKMG@?$AAS?$AAe?$AAp@ 10010954     libucrt:nlsdata.obj
 0002:0000195c       ??_C@_17FNLKOI@?$AAO?$AAc?$AAt@ 1001095c     libucrt:nlsdata.obj
 0002:00001964       ??_C@_17BBDMLCIG@?$AAN?$AAo?$AAv@ 10010964     libucrt:nlsdata.obj
 0002:0000196c       ??_C@_17EGKACKIF@?$AAD?$AAe?$AAc@ 1001096c     libucrt:nlsdata.obj
 0002:00001974       ??_C@_1BA@EFMEIEBA@?$AAJ?$AAa?$AAn?$AAu?$AAa?$AAr?$AAy@ 10010974     libucrt:nlsdata.obj
 0002:00001984       ??_C@_1BC@JGDDFFAM@?$AAF?$AAe?$AAb?$AAr?$AAu?$AAa?$AAr?$AAy@ 10010984     libucrt:nlsdata.obj
 0002:00001998       ??_C@_1M@IKEENEDF@?$AAM?$AAa?$AAr?$AAc?$AAh@ 10010998     libucrt:nlsdata.obj
 0002:000019a4       ??_C@_1M@GJNLMHFD@?$AAA?$AAp?$AAr?$AAi?$AAl@ 100109a4     libucrt:nlsdata.obj
 0002:000019b0       ??_C@_19EPFLPGAP@?$AAJ?$AAu?$AAn?$AAe@ 100109b0     libucrt:nlsdata.obj
 0002:000019bc       ??_C@_19BIFMLPCD@?$AAJ?$AAu?$AAl?$AAy@ 100109bc     libucrt:nlsdata.obj
 0002:000019c8       ??_C@_1O@PAHLKOAC@?$AAA?$AAu?$AAg?$AAu?$AAs?$AAt@ 100109c8     libucrt:nlsdata.obj
 0002:000019d8       ??_C@_1BE@DKAAMBJL@?$AAS?$AAe?$AAp?$AAt?$AAe?$AAm?$AAb?$AAe?$AAr@ 100109d8     libucrt:nlsdata.obj
 0002:000019ec       ??_C@_1BA@EPANDLNG@?$AAO?$AAc?$AAt?$AAo?$AAb?$AAe?$AAr@ 100109ec     libucrt:nlsdata.obj
 0002:000019fc       ??_C@_1BC@BGLIFPF@?$AAN?$AAo?$AAv?$AAe?$AAm?$AAb?$AAe?$AAr@ 100109fc     libucrt:nlsdata.obj
 0002:00001a10       ??_C@_1BC@FEMKIFH@?$AAD?$AAe?$AAc?$AAe?$AAm?$AAb?$AAe?$AAr@ 10010a10     libucrt:nlsdata.obj
 0002:00001a24       ??_C@_15ODEHAHHF@?$AAA?$AAM@ 10010a24     libucrt:nlsdata.obj
 0002:00001a2c       ??_C@_15CLMNNGEL@?$AAP?$AAM@ 10010a2c     libucrt:nlsdata.obj
 0002:00001a34       ??_C@_1BC@IEBCMHCM@?$AAM?$AAM?$AA?1?$AAd?$AAd?$AA?1?$AAy?$AAy@ 10010a34     libucrt:nlsdata.obj
 0002:00001a48       ??_C@_1CI@KNAKOEBC@?$AAd?$AAd?$AAd?$AAd?$AA?0?$AA?5?$AAM?$AAM?$AAM?$AAM?$AA?5?$AAd?$AAd?$AA?0?$AA?5@ 10010a48     libucrt:nlsdata.obj
 0002:00001a70       ??_C@_1BC@GDGBMEMK@?$AAH?$AAH?$AA?3?$AAm?$AAm?$AA?3?$AAs?$AAs@ 10010a70     libucrt:nlsdata.obj
 0002:00001a84       ??_C@_1M@BMHNFIME@?$AAe?$AAn?$AA?9?$AAU?$AAS@ 10010a84     libucrt:nlsdata.obj
 0002:00001a90       ___newctype                10010a90     libucrt:ctype.obj
 0002:00001d90       ___newclmap                10010d90     libucrt:ctype.obj
 0002:00001f10       ___newcumap                10010f10     libucrt:ctype.obj
 0002:000027b0       ??_C@_15EMKDOKLE@?$AAa?$AAr@ 100117b0     libucrt:lcidtoname_downlevel.obj
 0002:000027b8       ??_C@_15KNPADPLH@?$AAb?$AAg@ 100117b8     libucrt:lcidtoname_downlevel.obj
 0002:000027c0       ??_C@_15EDMHLDMO@?$AAc?$AAa@ 100117c0     libucrt:lcidtoname_downlevel.obj
 0002:000027c8       ??_C@_1O@BPEAJADD@?$AAz?$AAh?$AA?9?$AAC?$AAH?$AAS@ 100117c8     libucrt:lcidtoname_downlevel.obj
 0002:000027d8       ??_C@_15LJNHCMNK@?$AAc?$AAs@ 100117d8     libucrt:lcidtoname_downlevel.obj
 0002:000027e0       ??_C@_15FOMCIDHG@?$AAd?$AAa@ 100117e0     libucrt:lcidtoname_downlevel.obj
[...]
 0002:00005890       __sehtable$_raise          10014890     libucrt:signal.obj
 0002:000058b0       __sehtable$?ctrlevent_capture@@YGHK@Z 100148b0     libucrt:signal.obj
 0002:000058d0       __sehtable$??$?RV<lambda_cbab9ec6f41b0180b23cc171c22676b0>@@AAV<lambda_44731a7d0e6d81c3e6aa82d741081786>@@V<lambda_4b292cb8dd18144e164572427af410ab>@@@?$__crt_seh_guarded_call@P6AXH@Z@@QAEP6AXH@Z$$QAV<lambda_cbab9ec6f41b0180b23cc171c22676b0>@@AAV<lambda_44731a7d0e6d81c3e6aa82d741081786>@@$$QAV<lambda_4b292cb8dd18144e164572427af410ab>@@@Z 100148d0     libucrt:signal.obj
 0002:000058f0       __sehtable$??R<lambda_6e4b09c48022b2350581041d5f6b0c4c>@@QBE@XZ 100148f0     libucrt:exit.obj
 0002:00005910       __sehtable$??$?RV<lambda_03b1d95aef87969028cfba75ccab2455>@@AAV<lambda_6e4b09c48022b2350581041d5f6b0c4c>@@V<lambda_22bdf7517842c4b3e53723af5aa32b9e>@@@?$__crt_seh_guarded_call@X@@QAEX$$QAV<lambda_03b1d95aef87969028cfba75ccab2455>@@AAV<lambda_6e4b09c48022b2350581041d5f6b0c4c>@@$$QAV<lambda_22bdf7517842c4b3e53723af5aa32b9e>@@@Z 10014910     libucrt:exit.obj
 0002:00005930       __sehtable$??$?RV<lambda_8e746cf0007f6ed984d6f78af1fec997>@@AAV<lambda_22ebabd17bc4fa466a2aca6d8deb888d>@@V<lambda_18ed0c0b38a6dc0daf1e7ac6d6adf05e>@@@?$__crt_seh_guarded_call@H@@QAEH$$QAV<lambda_8e746cf0007f6ed984d6f78af1fec997>@@AAV<lambda_22ebabd17bc4fa466a2aca6d8deb888d>@@$$QAV<lambda_18ed0c0b38a6dc0daf1e7ac6d6adf05e>@@@Z 10014930     libucrt:onexit.obj
 0002:00005950       __sehtable$??$?RV<lambda_69a2805e680e0e292e8ba93315fe43a8>@@AAV<lambda_f03950bc5685219e0bcd2087efbe011e>@@V<lambda_03fcd07e894ec930e3f35da366ca99d6>@@@?$__crt_seh_guarded_call@H@@QAEH$$QAV<lambda_69a2805e680e0e292e8ba93315fe43a8>@@AAV<lambda_f03950bc5685219e0bcd2087efbe011e>@@$$QAV<lambda_03fcd07e894ec930e3f35da366ca99d6>@@@Z 10014950     libucrt:onexit.obj
 0002:00005970       __sehtable$_terminate      10014970     libucrt:terminate.obj
 0002:00005990       __sehtable$??$?RV<lambda_15ade71b0218206bbe3333a0c9b79046>@@AAV<lambda_da44e0f8b0f19ba52fefafb335991732>@@V<lambda_207f2d024fc103971653565357d6cd41>@@@?$__crt_seh_guarded_call@X@@QAEX$$QAV<lambda_15ade71b0218206bbe3333a0c9b79046>@@AAV<lambda_da44e0f8b0f19ba52fefafb335991732>@@$$QAV<lambda_207f2d024fc103971653565357d6cd41>@@@Z 10014990     libucrt:per_thread_data.obj
 0002:000059b0       __sehtable$??$?RV<lambda_a7e850c220f1c8d1e6efeecdedd162c6>@@AAV<lambda_46720907175c18b6c9d2717bc0d2d362>@@V<lambda_9048902d66e8d99359bc9897bbb930a8>@@@?$__crt_seh_guarded_call@X@@QAEX$$QAV<lambda_a7e850c220f1c8d1e6efeecdedd162c6>@@AAV<lambda_46720907175c18b6c9d2717bc0d2d362>@@$$QAV<lambda_9048902d66e8d99359bc9897bbb930a8>@@@Z 100149b0     libucrt:per_thread_data.obj
 0002:000059d0       __sehtable$??$?RV<lambda_38edbb1296d33220d7e4dd0ed76b244a>@@AAV<lambda_5ce1d447e08cb34b2473517608e21441>@@V<lambda_fb385d3da700c9147fc39e65dd577a8c>@@@?$__crt_seh_guarded_call@X@@QAEX$$QAV<lambda_38edbb1296d33220d7e4dd0ed76b244a>@@AAV<lambda_5ce1d447e08cb34b2473517608e21441>@@$$QAV<lambda_fb385d3da700c9147fc39e65dd577a8c>@@@Z 100149d0     libucrt:per_thread_data.obj
 0002:000059f0       __sehtable$??$?RV<lambda_6affb1475c98b40b75cdec977db92e3c>@@AAV<lambda_b8d4b9c228a6ecc3f80208dbb4b4a104>@@V<lambda_608742c3c92a14382c1684fc64f96c88>@@@?$__crt_seh_guarded_call@X@@QAEX$$QAV<lambda_6affb1475c98b40b75cdec977db92e3c>@@AAV<lambda_b8d4b9c228a6ecc3f80208dbb4b4a104>@@$$QAV<lambda_608742c3c92a14382c1684fc64f96c88>@@@Z 100149f0     libucrt:per_thread_data.obj
 0002:00005a10       __sehtable$?update_thread_multibyte_data_internal@@YAPAU__crt_multibyte_data@@QAU__acrt_ptd@@QAPAU1@@Z 10014a10     libucrt:mbctype.obj
 0002:00005a30       __sehtable$??$?RV<lambda_ceb1ee4838e85a9d631eb091e2fbe199>@@AAV<lambda_ae742caa10f662c28703da3d2ea5e57e>@@V<lambda_cd08b5d6af4937fe54fc07d0c9bf6b37>@@@?$__crt_seh_guarded_call@X@@QAEX$$QAV<lambda_ceb1ee4838e85a9d631eb091e2fbe199>@@AAV<lambda_ae742caa10f662c28703da3d2ea5e57e>@@$$QAV<lambda_cd08b5d6af4937fe54fc07d0c9bf6b37>@@@Z 10014a30     libucrt:mbctype.obj
 0002:00005a50       __sehtable$___acrt_initialize_lowio 10014a50     libucrt:ioinit.obj
 0002:00005a70       __sehtable$__query_new_handler 10014a70     libucrt:new_handler.obj
 0002:00005a90       __sehtable$??$?RV<lambda_2866be3712abc81a800a822484c830d8>@@AAV<lambda_39ca0ed439415581b5b15c265174cece>@@V<lambda_2b24c74d71094a6cd0cb82e44167d71b>@@@?$__crt_seh_guarded_call@X@@QAEX$$QAV<lambda_2866be3712abc81a800a822484c830d8>@@AAV<lambda_39ca0ed439415581b5b15c265174cece>@@$$QAV<lambda_2b24c74d71094a6cd0cb82e44167d71b>@@@Z 10014a90     libucrt:fflush.obj
 0002:00005ab0       __sehtable$??$?RV<lambda_2cc53f568c5a2bb6f192f930a45d44ea>@@AAV<lambda_ab61a845afdef5b7c387490eaf3616ee>@@V<lambda_c2ffc0b7726aa6be21d5f0026187e748>@@@?$__crt_seh_guarded_call@X@@QAEX$$QAV<lambda_2cc53f568c5a2bb6f192f930a45d44ea>@@AAV<lambda_ab61a845afdef5b7c387490eaf3616ee>@@$$QAV<lambda_c2ffc0b7726aa6be21d5f0026187e748>@@@Z 10014ab0     libucrt:fflush.obj
 0002:00005ad0       __sehtable$??$?RV<lambda_e5124f882df8998aaf41531e079ba474>@@AAV<lambda_3e16ef9562a7dcce91392c22ab16ea36>@@V<lambda_e25ca0880e6ef98be67edffd8c599615>@@@?$__crt_seh_guarded_call@X@@QAEX$$QAV<lambda_e5124f882df8998aaf41531e079ba474>@@AAV<lambda_3e16ef9562a7dcce91392c22ab16ea36>@@$$QAV<lambda_e25ca0880e6ef98be67edffd8c599615>@@@Z 10014ad0     libucrt:wsetlocale.obj
 0002:00005af0       __sehtable$___acrt_update_thread_locale_data 10014af0     libucrt:locale_refcounting.obj
 0002:00005b10       __sehtable$___acrt_lowio_ensure_fh_exists 10014b10     libucrt:osfinfo.obj
 0002:00005b30       __sehtable$??$?RV<lambda_9e9de3de5fa147e2223d7db92bc10aa6>@@AAV<lambda_38ce7e780aa69e748d6df282ebc68efe>@@V<lambda_8ca6da459f0f6780f1cff60fdc3d00e5>@@@?$__crt_seh_guarded_call@H@@QAEH$$QAV<lambda_9e9de3de5fa147e2223d7db92bc10aa6>@@AAV<lambda_38ce7e780aa69e748d6df282ebc68efe>@@$$QAV<lambda_8ca6da459f0f6780f1cff60fdc3d00e5>@@@Z 10014b30     libucrt:commit.obj
 0002:00005b50       __sehtable$__write         10014b50     libucrt:write.obj
 0002:00005b70       __sehtable$__fcloseall     10014b70     libucrt:closeall.obj
 0002:00005b90       __sehtable$_fclose         10014b90     libucrt:fclose.obj
 0002:00005bb0       __sehtable$??$?RV<lambda_218ce3db14220d0be481dae8ef3383b6>@@AAV<lambda_628dfdc04ba53c8bfc02c9951375f3f5>@@V<lambda_57dc472bd5c9d5f3b2cbca59b8a843ae>@@@?$__crt_seh_guarded_call@H@@QAEH$$QAV<lambda_218ce3db14220d0be481dae8ef3383b6>@@AAV<lambda_628dfdc04ba53c8bfc02c9951375f3f5>@@$$QAV<lambda_57dc472bd5c9d5f3b2cbca59b8a843ae>@@@Z 10014bb0     libucrt:close.obj
 0002:00005bd0       __sehtable$__IsNonwritableInCurrentImage 10014bd0     LIBCMT:pesect.obj
 0002:00005bf0       .edata                     10014bf0     LuaMacro.exp
 0002:00005c18       rgpv                       10014c18     LuaMacro.exp
 0002:00005ca0       rgszName                   10014ca0     LuaMacro.exp
 0002:00005d28       rgwOrd                     10014d28     LuaMacro.exp
 0002:00005d6c       szName                     10014d6c     LuaMacro.exp
 0002:00005d79       $N00001                    10014d79     LuaMacro.exp
 0002:00005d82       $N00002                    10014d82     LuaMacro.exp
 0002:00005d90       $N00003                    10014d90     LuaMacro.exp
 0002:00005d9c       $N00004                    10014d9c     LuaMacro.exp
 0002:00005da5       $N00005                    10014da5     LuaMacro.exp
 0002:00005db0       $N00006                    10014db0     LuaMacro.exp
 0002:00005dbd       $N00007                    10014dbd     LuaMacro.exp
 0002:00005dc6       $N00008                    10014dc6     LuaMacro.exp
 0002:00005dd7       $N00009                    10014dd7     LuaMacro.exp
 0002:00005de5       $N00010                    10014de5     LuaMacro.exp
 0002:00005df5       $N00011                    10014df5     LuaMacro.exp
 0002:00005e07       $N00012                    10014e07     LuaMacro.exp
 0002:00005e11       $N00013                    10014e11     LuaMacro.exp
 0002:00005e1e       $N00014                    10014e1e     LuaMacro.exp
 0002:00005e2d       $N00015                    10014e2d     LuaMacro.exp
 0002:00005e39       $N00016                    10014e39     LuaMacro.exp
 0002:00005e4b       $N00017                    10014e4b     LuaMacro.exp
 0002:00005e5d       $N00018                    10014e5d     LuaMacro.exp
 0002:00005e6c       $N00019                    10014e6c     LuaMacro.exp
 0002:00005e7b       $N00020                    10014e7b     LuaMacro.exp
 0002:00005e81       $N00021                    10014e81     LuaMacro.exp
 0002:00005e96       $N00022                    10014e96     LuaMacro.exp
 0002:00005eaa       $N00023                    10014eaa     LuaMacro.exp
 0002:00005ebe       $N00024                    10014ebe     LuaMacro.exp
 0002:00005ed2       $N00025                    10014ed2     LuaMacro.exp
 0002:00005ee3       $N00026                    10014ee3     LuaMacro.exp
 0002:00005ef6       $N00027                    10014ef6     LuaMacro.exp
 0002:00005f09       $N00028                    10014f09     LuaMacro.exp
 0002:00005f1e       $N00029                    10014f1e     LuaMacro.exp
 0002:00005f32       $N00030                    10014f32     LuaMacro.exp
 0002:00005f3c       $N00031                    10014f3c     LuaMacro.exp
 0002:00005f4a       $N00032                    10014f4a     LuaMacro.exp
 0002:00005f57       $N00033                    10014f57     LuaMacro.exp
 0002:00005f67       $N00034                    10014f67     LuaMacro.exp
 0002:000062d2       .idata$6                   100152d2     kernel32:KERNEL32.dll
 0002:0000639a       .idata$6                   1001539a     lua51:lua51.dll
 0002:0000664c       .idata$6                   1001564c     luafar3:luafar3.dll
 0003:00000010       ?__vcrt_flsindex@@3KA      10016010     libvcruntime:per_thread_data.obj
 0003:00000040       ?errno_no_memory@@3HA      10016040     libucrt:errno.obj
 0003:00000044       ?doserrno_no_memory@@3KA   10016044     libucrt:errno.obj
 0003:00000048       ?__acrt_flsindex@@3KA      10016048     libucrt:per_thread_data.obj
 0003:00000270       __mbctypes                 10016270     libucrt:mbctype.obj
 0003:00000378       __mbcasemaps               10016378     libucrt:mbctype.obj
 0003:00000478       ?__rgctypeflag@@3PADA      10016478     libucrt:mbctype.obj
 0003:00000480       ?__rgcode_page_info@@3PAUcode_page_info@@A 10016480     libucrt:mbctype.obj
 0003:00000840       ?__dcrt_lowio_console_output_handle@@3PAXA 10016840     libucrt:initcon.obj
 0003:000008c0       ?is_initialized_as_dll@@3_NA 100168c0     LIBCMT:utility.obj
 0003:000008c1       ?module_local_atexit_table_initialized@@3_NA 100168c1     LIBCMT:utility.obj
 0003:000008c4       ?module_local_atexit_table@@3U_onexit_table_t@@A 100168c4     LIBCMT:utility.obj
 0003:000008d0       ?module_local_at_quick_exit_table@@3U_onexit_table_t@@A 100168d0     LIBCMT:utility.obj
 0003:000008dc       ?__proc_attached@@3HA      100168dc     LIBCMT:dll_dllmain.obj
 0003:000008e0       _GS_ExceptionRecord        100168e0     LIBCMT:gs_report.obj
 0003:00000930       _GS_ContextRecord          10016930     LIBCMT:gs_report.obj
 0003:00000c2c       ?__vcrt_startup_thread_ptd@@3U__vcrt_ptd@@A 10016c2c     libvcruntime:per_thread_data.obj
 0003:00000c54       ___vcrt_lock_table         10016c54     libvcruntime:locks.obj
 0003:00000c6c       ___vcrt_locks_initialized  10016c6c     libvcruntime:locks.obj
 0003:00000c98       ?heap@@3V_HeapManager@@A   10016c98     libvcruntime:undname.obj
 0003:00000cac       ?module_handles@@3PAPAUHINSTANCE__@@A 10016cac     libvcruntime:winapi_downlevel.obj
 0003:00000cb8       ?function_pointers@@3PAPAXA 10016cb8     libvcruntime:winapi_downlevel.obj
 0003:00000cd0       ?console_ctrl_handler_installed@@3_NA 10016cd0     libucrt:signal.obj
 0003:00000cd4       ?ctrlc_action@@3V?$dual_state_global@P6AXH@Z@__crt_state_management@@A 10016cd4     libucrt:signal.obj
 0003:00000cd8       ?ctrlbreak_action@@3V?$dual_state_global@P6AXH@Z@__crt_state_management@@A 10016cd8     libucrt:signal.obj
 0003:00000cdc       ?abort_action@@3V?$dual_state_global@P6AXH@Z@__crt_state_management@@A 10016cdc     libucrt:signal.obj
 0003:00000ce0       ?term_action@@3V?$dual_state_global@P6AXH@Z@__crt_state_management@@A 10016ce0     libucrt:signal.obj
 0003:00000ce4       ?c_termination_complete@@3JA 10016ce4     libucrt:exit.obj
 0003:00000ce8       ?thread_local_exit_callback_func@@3P6GXPAXK0@ZA 10016ce8     libucrt:exit.obj
 0003:00000cf0       ?program_name@?1???$common_configure_argv@D@@YAHW4_crt_argv_mode@@@Z@4PADA 10016cf0     libucrt:argv_parsing.obj
 0003:00000e20       ?__acrt_invalid_parameter_handler@@3V?$dual_state_global@P6AXPB_W00II@Z@__crt_state_management@@A 10016e20     libucrt:invalid_parameter.obj
 0003:00000e28       ?__acrt_lock_table@@3PAU_RTL_CRITICAL_SECTION@@A 10016e28     libucrt:locks.obj
 0003:00000f78       ?__acrt_locks_initialized@@3IA 10016f78     libucrt:locks.obj
 0003:00000f88       ?fSystemSet@@3HA           10016f88     libucrt:mbctype.obj
 0003:00000f8c       ?initialized@?1??__acrt_initialize_multibyte@@9@4_NA 10016f8c     libucrt:mbctype.obj
 0003:00000fa8       ?module_handles@@3PAPAUHINSTANCE__@@A 10016fa8     libucrt:winapi_thunks.obj
 0003:00000ff8       ?encoded_function_pointers@@3PAPAXA 10016ff8     libucrt:winapi_thunks.obj
 0003:0000128c       ?__acrt_new_handler@@3V?$dual_state_global@P6AHI@Z@__crt_state_management@@A 1001728c     libucrt:new_handler.obj
 0003:00001290       ?user_matherr@@3V?$dual_state_global@P6AHPAU_exception@@@Z@__crt_state_management@@A 10017290     libucrt:matherr.obj
 0003:000012a8       ?internal_state@?1??_mbtowc_l@@9@4U_Mbstatet@@A 100172a8     libucrt:mbtowc.obj
 0003:000012b4       ?__acrt_global_new_mode@@3V?$dual_state_global@J@__crt_state_management@@A 100172b4     libucrt:new_mode.obj
 0003:000012c0       ?__acrt_app_type@@3W4_crt_app_type@@A 100172c0     libucrt:report_runtime_error.obj
 0003:000012c4       ?internal_pst@?1??__mbrtoc32_utf8@__crt_mbstring@@YAIPA_UPBDIPAU_Mbstatet@@@Z@4U3@A 100172c4     libucrt:mbrtoc32.obj
 0003:000012d0       __pmatherr_set             100172d0     libucrt:libm_error.obj
 0003:000012d4       ?nest@?1??GetContentDataW@@9@9 100172d4     luaplug.obj
 0003:000012d8       _G                         100172d8     luaplug.obj
 0003:00001738       ?FunctionPointer@?1??Wrapper_CompareStringEx@@9@36@4Q6GHPB_WK0H0HPAU_nlsversioninfo@@PAXJ@ZA 10017738     vc_crt_fix_impl.obj
 0003:0000173c       ?FunctionPointer@?1??Wrapper_InitializeSListHead@@9@4@4Q6GXPAT_SLIST_HEADER@@@ZA 1001773c     vc_crt_fix_impl.obj
 0003:00001740       ?FunctionPointer@?1??Wrapper_QueryDepthSList@@9@4@4Q6GGPAT_SLIST_HEADER@@@ZA 10017740     vc_crt_fix_impl.obj
 0003:00001744       ?$S9@?1??Wrapper_InterlockedPushEntrySList@@9@8@4IA 10017744     vc_crt_fix_impl.obj
 0003:00001748       ?$S11@?1??Wrapper_RtlFirstEntrySList@@9@4@4IA 10017748     vc_crt_fix_impl.obj
 0003:0000174c       ?FunctionPointer@?1??Wrapper_WakeAllConditionVariable@@9@4@4Q6GXPAU_RTL_CONDITION_VARIABLE@@@ZA 1001774c     vc_crt_fix_impl.obj
 0003:00001750       ?$S21@?1??Wrapper_AcquireSRWLockExclusive@@9@4@4IA 10017750     vc_crt_fix_impl.obj
 0003:00001754       ?$S8@?1??Wrapper_InterlockedPopEntrySList@@9@4@4IA 10017754     vc_crt_fix_impl.obj
 0003:00001758       ?$S4@?1??Wrapper_GetModuleHandleExW@@9@12@4IA 10017758     vc_crt_fix_impl.obj
 0003:0000175c       ?Cookie@?1??XorPointer@@YAPAXPAX@Z@4IB 1001775c     vc_crt_fix_impl.obj
 0003:00001760       ?FunctionPointer@?1??Wrapper_GetLogicalProcessorInformation@@9@8@4Q6GHPAU_SYSTEM_LOGICAL_PROCESSOR_INFORMATION@@PAK@ZA 10017760     vc_crt_fix_impl.obj
 0003:00001764       ?$S1@?1??XorPointer@@YAPAXPAX@Z@4IA 10017764     vc_crt_fix_impl.obj
 0003:00001768       ?$S19@?1??Wrapper_SleepConditionVariableSRW@@9@16@4IA 10017768     vc_crt_fix_impl.obj
 0003:0000176c       ?FunctionPointer@?1??Wrapper_SleepConditionVariableSRW@@9@16@4Q6GHPAU_RTL_CONDITION_VARIABLE@@PAU_RTL_SRWLOCK@@KK@ZA 1001776c     vc_crt_fix_impl.obj
 0003:00001770       ?$S13@?1??Wrapper_GetNumaHighestNodeNumber@@9@4@4IA 10017770     vc_crt_fix_impl.obj
 0003:00001774       ?$S10@?1??Wrapper_InterlockedPushListSListEx@@9@16@4IA 10017774     vc_crt_fix_impl.obj
 0003:00001778       ?FunctionPointer@?1??Wrapper_GetModuleHandleExW@@9@12@4Q6GHKPB_WPAPAUHINSTANCE__@@@ZA 10017778     vc_crt_fix_impl.obj
 0003:0000177c       ?Deleter@?1??InitializeSListHead@implementation@slist@@YGXPAT_SLIST_HEADER@@@Z@4Vservice_deleter@23@A 1001777c     vc_crt_fix_impl.obj
 0003:0000179c       ?$S15@?1??Wrapper_SetThreadStackGuarantee@@9@4@4IA 1001779c     vc_crt_fix_impl.obj
 0003:000017a0       ?$S7@?1??Wrapper_InterlockedFlushSList@@9@4@4IA 100177a0     vc_crt_fix_impl.obj
 0003:000017a4       ?FunctionPointer@?1??Wrapper_DecodePointer@@9@4@4Q6GPAXPAX@ZA 100177a4     vc_crt_fix_impl.obj
 0003:000017a8       ?$S16@?1??Wrapper_InitializeCriticalSectionEx@@9@12@4IA 100177a8     vc_crt_fix_impl.obj
 0003:000017ac       ?$S18@?1??Wrapper_LCMapStringEx@@9@36@4IA 100177ac     vc_crt_fix_impl.obj
 0003:000017b0       ?$S12@?1??Wrapper_QueryDepthSList@@9@4@4IA 100177b0     vc_crt_fix_impl.obj
 0003:000017b4       ?FunctionPointer@?1??Wrapper_SetThreadStackGuarantee@@9@4@4Q6GHPAK@ZA 100177b4     vc_crt_fix_impl.obj
 0003:000017b8       ?FunctionPointer@?1??Wrapper_RtlFirstEntrySList@@9@4@4Q6GPAU_SINGLE_LIST_ENTRY@@PAT_SLIST_HEADER@@@ZA 100177b8     vc_crt_fix_impl.obj
 0003:000017bc       ?$S5@?1??InitializeSListHead@implementation@slist@@YGXPAT_SLIST_HEADER@@@Z@4IA 100177bc     vc_crt_fix_impl.obj
 0003:000017c0       ?$S3@?1??Wrapper_DecodePointer@@9@4@4IA 100177c0     vc_crt_fix_impl.obj
 0003:000017c4       ?FunctionPointer@?1??Wrapper_InterlockedFlushSList@@9@4@4Q6GPAU_SINGLE_LIST_ENTRY@@PAT_SLIST_HEADER@@@ZA 100177c4     vc_crt_fix_impl.obj
 0003:000017c8       ?FunctionPointer@?1??Wrapper_InterlockedPopEntrySList@@9@4@4Q6GPAU_SINGLE_LIST_ENTRY@@PAT_SLIST_HEADER@@@ZA 100177c8     vc_crt_fix_impl.obj
 0003:000017cc       ?FunctionPointer@?1??Wrapper_InterlockedPushEntrySList@@9@8@4Q6GPAU_SINGLE_LIST_ENTRY@@PAT_SLIST_HEADER@@PAU2@@ZA 100177cc     vc_crt_fix_impl.obj
 0003:000017d0       ?$S2@?1??Wrapper_EncodePointer@@9@4@4IA 100177d0     vc_crt_fix_impl.obj
 0003:000017d4       ?$S22@?1??Wrapper_ReleaseSRWLockExclusive@@9@4@4IA 100177d4     vc_crt_fix_impl.obj
 0003:000017d8       ?Ptr@?1???R<lambda_1>@?1??XorPointer@@YAPAXPAX@Z@QBE@XZ@4PAXA 100177d8     vc_crt_fix_impl.obj
 0003:000017dc       ?FunctionPointer@?1??Wrapper_InterlockedPushListSListEx@@9@16@4Q6GPAU_SINGLE_LIST_ENTRY@@PAT_SLIST_HEADER@@PAU2@1K@ZA 100177dc     vc_crt_fix_impl.obj
 0003:000017e0       ?$S17@?1??Wrapper_CompareStringEx@@9@36@4IA 100177e0     vc_crt_fix_impl.obj
 0003:000017e4       ?$S6@?1??Wrapper_InitializeSListHead@@9@4@4IA 100177e4     vc_crt_fix_impl.obj
 0003:000017e8       ?FunctionPointer@?1??Wrapper_EncodePointer@@9@4@4Q6GPAXPAX@ZA 100177e8     vc_crt_fix_impl.obj
 0003:000017ec       ?FunctionPointer@?1??Wrapper_InitializeCriticalSectionEx@@9@12@4Q6GHPAU_RTL_CRITICAL_SECTION@@KK@ZA 100177ec     vc_crt_fix_impl.obj
 0003:000017f0       ?FunctionPointer@?1??Wrapper_ReleaseSRWLockExclusive@@9@4@4Q6GXPAU_RTL_SRWLOCK@@@ZA 100177f0     vc_crt_fix_impl.obj
 0003:000017f4       ?$S20@?1??Wrapper_WakeAllConditionVariable@@9@4@4IA 100177f4     vc_crt_fix_impl.obj
 0003:000017f8       ?FunctionPointer@?1??Wrapper_LCMapStringEx@@9@36@4Q6GHPB_WK0HPA_WHPAU_nlsversioninfo@@PAXJ@ZA 100177f8     vc_crt_fix_impl.obj
 0003:000017fc       ?FunctionPointer@?1??Wrapper_GetNumaHighestNodeNumber@@9@4@4Q6GHPAK@ZA 100177fc     vc_crt_fix_impl.obj
 0003:00001800       ?FunctionPointer@?1??Wrapper_AcquireSRWLockExclusive@@9@4@4Q6GXPAU_RTL_SRWLOCK@@@ZA 10017800     vc_crt_fix_impl.obj
 0003:00001804       ?$S14@?1??Wrapper_GetLogicalProcessorInformation@@9@8@4IA 10017804     vc_crt_fix_impl.obj
 0004:00000060       $R000000                   10018060     LuaMacro.res
